Archive member included because of file (symbol)

C:\Users\lguillain\workspace.kds\FRFXLL\Debug\libnextExtract.a(lib_next_extract.o)
                              ./Sources/main.o (lib_next_extract)
C:\Users\lguillain\workspace.kds\FRFXLL\Debug\libnextExtract.a(Object.o)
                              C:\Users\lguillain\workspace.kds\FRFXLL\Debug\libnextExtract.a(lib_next_extract.o) (FingerJetFxOSE::FpRecEngineImpl::ObjectBase::memAllocCount)
c:/freescale/kds_3.0.0/toolchain/bin/../lib/gcc/arm-none-eabi/4.8.4/../../../../arm-none-eabi/lib/armv7e-m\libstdc++_s.a(eh_arm.o)
                              C:\Users\lguillain\workspace.kds\FRFXLL\Debug\libnextExtract.a(lib_next_extract.o) (__cxa_end_cleanup)
c:/freescale/kds_3.0.0/toolchain/bin/../lib/gcc/arm-none-eabi/4.8.4/../../../../arm-none-eabi/lib/armv7e-m\libstdc++_s.a(eh_terminate.o)
                              c:/freescale/kds_3.0.0/toolchain/bin/../lib/gcc/arm-none-eabi/4.8.4/../../../../arm-none-eabi/lib/armv7e-m\libstdc++_s.a(eh_arm.o) (std::terminate())
c:/freescale/kds_3.0.0/toolchain/bin/../lib/gcc/arm-none-eabi/4.8.4/../../../../arm-none-eabi/lib/armv7e-m\libstdc++_s.a(class_type_info.o)
                              C:\Users\lguillain\workspace.kds\FRFXLL\Debug\libnextExtract.a(lib_next_extract.o) (vtable for __cxxabiv1::__class_type_info)
c:/freescale/kds_3.0.0/toolchain/bin/../lib/gcc/arm-none-eabi/4.8.4/../../../../arm-none-eabi/lib/armv7e-m\libstdc++_s.a(eh_unex_handler.o)
                              c:/freescale/kds_3.0.0/toolchain/bin/../lib/gcc/arm-none-eabi/4.8.4/../../../../arm-none-eabi/lib/armv7e-m\libstdc++_s.a(eh_terminate.o) (__cxxabiv1::__unexpected_handler)
c:/freescale/kds_3.0.0/toolchain/bin/../lib/gcc/arm-none-eabi/4.8.4/../../../../arm-none-eabi/lib/armv7e-m\libstdc++_s.a(eh_personality.o)
                              C:\Users\lguillain\workspace.kds\FRFXLL\Debug\libnextExtract.a(lib_next_extract.o) (__gxx_personality_v0)
c:/freescale/kds_3.0.0/toolchain/bin/../lib/gcc/arm-none-eabi/4.8.4/../../../../arm-none-eabi/lib/armv7e-m\libstdc++_s.a(eh_globals.o)
                              c:/freescale/kds_3.0.0/toolchain/bin/../lib/gcc/arm-none-eabi/4.8.4/../../../../arm-none-eabi/lib/armv7e-m\libstdc++_s.a(eh_arm.o) (__cxa_get_globals)
c:/freescale/kds_3.0.0/toolchain/bin/../lib/gcc/arm-none-eabi/4.8.4/../../../../arm-none-eabi/lib/armv7e-m\libstdc++_s.a(eh_term_handler.o)
                              c:/freescale/kds_3.0.0/toolchain/bin/../lib/gcc/arm-none-eabi/4.8.4/../../../../arm-none-eabi/lib/armv7e-m\libstdc++_s.a(eh_terminate.o) (__cxxabiv1::__terminate_handler)
c:/freescale/kds_3.0.0/toolchain/bin/../lib/gcc/arm-none-eabi/4.8.4/../../../../arm-none-eabi/lib/armv7e-m\libstdc++_s.a(vmi_class_type_info.o)
                              C:\Users\lguillain\workspace.kds\FRFXLL\Debug\libnextExtract.a(lib_next_extract.o) (vtable for __cxxabiv1::__vmi_class_type_info)
c:/freescale/kds_3.0.0/toolchain/bin/../lib/gcc/arm-none-eabi/4.8.4/../../../../arm-none-eabi/lib/armv7e-m\libstdc++_s.a(si_class_type_info.o)
                              C:\Users\lguillain\workspace.kds\FRFXLL\Debug\libnextExtract.a(lib_next_extract.o) (vtable for __cxxabiv1::__si_class_type_info)
c:/freescale/kds_3.0.0/toolchain/bin/../lib/gcc/arm-none-eabi/4.8.4/../../../../arm-none-eabi/lib/armv7e-m\libstdc++_s.a(vterminate.o)
                              c:/freescale/kds_3.0.0/toolchain/bin/../lib/gcc/arm-none-eabi/4.8.4/../../../../arm-none-eabi/lib/armv7e-m\libstdc++_s.a(eh_term_handler.o) (__gnu_cxx::__verbose_terminate_handler())
c:/freescale/kds_3.0.0/toolchain/bin/../lib/gcc/arm-none-eabi/4.8.4/../../../../arm-none-eabi/lib/armv7e-m\libstdc++_s.a(eh_type.o)
                              c:/freescale/kds_3.0.0/toolchain/bin/../lib/gcc/arm-none-eabi/4.8.4/../../../../arm-none-eabi/lib/armv7e-m\libstdc++_s.a(vterminate.o) (__cxa_current_exception_type)
c:/freescale/kds_3.0.0/toolchain/bin/../lib/gcc/arm-none-eabi/4.8.4/../../../../arm-none-eabi/lib/armv7e-m\libstdc++_s.a(eh_exception.o)
                              c:/freescale/kds_3.0.0/toolchain/bin/../lib/gcc/arm-none-eabi/4.8.4/../../../../arm-none-eabi/lib/armv7e-m\libstdc++_s.a(eh_arm.o) (typeinfo for __cxxabiv1::__forced_unwind)
c:/freescale/kds_3.0.0/toolchain/bin/../lib/gcc/arm-none-eabi/4.8.4/../../../../arm-none-eabi/lib/armv7e-m\libstdc++_s.a(pure.o)
                              c:/freescale/kds_3.0.0/toolchain/bin/../lib/gcc/arm-none-eabi/4.8.4/../../../../arm-none-eabi/lib/armv7e-m\libstdc++_s.a(eh_exception.o) (__cxa_pure_virtual)
c:/freescale/kds_3.0.0/toolchain/bin/../lib/gcc/arm-none-eabi/4.8.4/../../../../arm-none-eabi/lib/armv7e-m\libstdc++_s.a(eh_call.o)
                              c:/freescale/kds_3.0.0/toolchain/bin/../lib/gcc/arm-none-eabi/4.8.4/../../../../arm-none-eabi/lib/armv7e-m\libstdc++_s.a(eh_personality.o) (__cxa_call_terminate)
c:/freescale/kds_3.0.0/toolchain/bin/../lib/gcc/arm-none-eabi/4.8.4/../../../../arm-none-eabi/lib/armv7e-m\libstdc++_s.a(functexcept.o)
[...]
Memory Configuration

Name             Origin             Length             Attributes
m_interrupts     0x00000000         0x00000198         xr
m_text           0x00000410         0x000ffbf0         xr
m_data_1FFF0000  0x1fff0000         0x00010000         rw
m_data           0x20000000         0x00030000         rw
m_cfmprotrom     0x00000400         0x00000010         xr
*default*        0x00000000         0xffffffff

Linker script and memory map

LOAD c:/freescale/kds_3.0.0/toolchain/bin/../lib/gcc/arm-none-eabi/4.8.4/armv7e-m/crti.o
LOAD c:/freescale/kds_3.0.0/toolchain/bin/../lib/gcc/arm-none-eabi/4.8.4/armv7e-m/crtbegin.o
LOAD c:/freescale/kds_3.0.0/toolchain/bin/../lib/gcc/arm-none-eabi/4.8.4/../../../../arm-none-eabi/lib/armv7e-m/crt0.o
LOAD ./Static_Code/System/CPU_Init.o
LOAD ./Static_Code/System/Peripherals_Init.o
LOAD ./Static_Code/System/Vectors.o
LOAD ./Sources/Events.o
LOAD ./Sources/SSD1351.o
LOAD ./Sources/main.o
LOAD ./Sources/spi_next.o
LOAD ./Project_Settings/Startup_Code/startup.o
LOAD ./Generated_Code/CS1.o
LOAD ./Generated_Code/Cpu.o
LOAD ./Generated_Code/EInt1.o
LOAD ./Generated_Code/ExtIntLdd1.o
LOAD ./Generated_Code/NEXT_RESET.o
LOAD ./Generated_Code/NEXT_SPI.o
LOAD ./Generated_Code/OLED_DC.o
LOAD ./Generated_Code/OLED_RESET.o
LOAD ./Generated_Code/OLED_SUPPLY.o
LOAD ./Generated_Code/PE_LDD.o
LOAD ./Generated_Code/SM1.o
LOAD ./Generated_Code/SM3.o
LOAD ./Generated_Code/SMasterLdd1.o
LOAD ./Generated_Code/SMasterLdd3.o
LOAD ./Generated_Code/SS.o
LOAD ./Generated_Code/TI1.o
LOAD ./Generated_Code/TU1.o
LOAD ./Generated_Code/WAIT1.o
LOAD C:\Users\lguillain\workspace.kds\FRFXLL\Debug\libnextExtract.a
LOAD c:/freescale/kds_3.0.0/toolchain/bin/../lib/gcc/arm-none-eabi/4.8.4/../../../../arm-none-eabi/lib/armv7e-m\libstdc++_s.a
LOAD c:/freescale/kds_3.0.0/toolchain/bin/../lib/gcc/arm-none-eabi/4.8.4/../../../../arm-none-eabi/lib/armv7e-m\libm.a
START GROUP
LOAD c:/freescale/kds_3.0.0/toolchain/bin/../lib/gcc/arm-none-eabi/4.8.4/armv7e-m\libgcc.a
LOAD c:/freescale/kds_3.0.0/toolchain/bin/../lib/gcc/arm-none-eabi/4.8.4/../../../../arm-none-eabi/lib/armv7e-m\libg_s.a
LOAD c:/freescale/kds_3.0.0/toolchain/bin/../lib/gcc/arm-none-eabi/4.8.4/../../../../arm-none-eabi/lib/armv7e-m\libc_s.a
END GROUP
START GROUP
LOAD c:/freescale/kds_3.0.0/toolchain/bin/../lib/gcc/arm-none-eabi/4.8.4/armv7e-m\libgcc.a
LOAD c:/freescale/kds_3.0.0/toolchain/bin/../lib/gcc/arm-none-eabi/4.8.4/../../../../arm-none-eabi/lib/armv7e-m\libc_s.a
LOAD c:/freescale/kds_3.0.0/toolchain/bin/../lib/gcc/arm-none-eabi/4.8.4/../../../../arm-none-eabi/lib/armv7e-m\libnosys.a
END GROUP
START GROUP
LOAD c:/freescale/kds_3.0.0/toolchain/bin/../lib/gcc/arm-none-eabi/4.8.4/armv7e-m\libgcc.a
LOAD c:/freescale/kds_3.0.0/toolchain/bin/../lib/gcc/arm-none-eabi/4.8.4/../../../../arm-none-eabi/lib/armv7e-m\libc_s.a
LOAD c:/freescale/kds_3.0.0/toolchain/bin/../lib/gcc/arm-none-eabi/4.8.4/../../../../arm-none-eabi/lib/armv7e-m\libnosys.a
END GROUP
LOAD c:/freescale/kds_3.0.0/toolchain/bin/../lib/gcc/arm-none-eabi/4.8.4/armv7e-m/crtend.o
LOAD c:/freescale/kds_3.0.0/toolchain/bin/../lib/gcc/arm-none-eabi/4.8.4/armv7e-m/crtn.o
                0x20030000                _estack = 0x20030000
                0x20030000                __SP_INIT = _estack
                0x20030000                __stack = _estack
                0x00000000                __heap_size = 0x0
                0x00000400                __stack_size = 0x400

.interrupts     0x00000000      0x198
                0x00000000                __vector_table = .
                0x00000000                . = ALIGN (0x4)
 *(.vectortable)
 .vectortable   0x00000000      0x198 ./Static_Code/System/Vectors.o
                0x00000000                __vect_table
                0x00000198                . = ALIGN (0x4)

.cfmprotect     0x00000400       0x10
                0x00000400                . = ALIGN (0x4)
 *(.cfmconfig)
 .cfmconfig     0x00000400       0x10 ./Static_Code/System/CPU_Init.o
                0x00000400                _cfm
                0x00000410                . = ALIGN (0x4)

.text           0x00000410    0x25aac
                0x00000410                . = ALIGN (0x4)
 *(.text)
 .text          0x00000410       0x54 c:/freescale/kds_3.0.0/toolchain/bin/../lib/gcc/arm-none-eabi/4.8.4/armv7e-m/crtbegin.o
 .text          0x00000464       0x74 c:/freescale/kds_3.0.0/toolchain/bin/../lib/gcc/arm-none-eabi/4.8.4/../../../../arm-none-eabi/lib/armv7e-m/crt0.o
                0x00000464                _start
                0x00000464                _mainCRTStartup
 .text          0x000004d8     0x5784 c:/freescale/kds_3.0.0/toolchain/bin/../lib/gcc/arm-none-eabi/4.8.4/../../../../arm-none-eabi/lib/armv7e-m\libstdc++_s.a(cp-demangle.o)
                0x00005b7c                __cxa_demangle
                0x00005c40                __gcclibcxx_demangle_callback
 .text          0x00005c5c      0xa1c c:/freescale/kds_3.0.0/toolchain/bin/../lib/gcc/arm-none-eabi/4.8.4/armv7e-m\libgcc.a(unwind-arm.o)
                0x00005f40                _Unwind_GetCFA
                0x00005f44                __gnu_Unwind_RaiseException
                0x00005fa4                __gnu_Unwind_ForcedUnwind
                0x00005fb8                __gnu_Unwind_Resume
                0x00005ffc                __gnu_Unwind_Resume_or_Rethrow
                0x0000600c                _Unwind_Complete
                0x00006010                _Unwind_DeleteException
                0x00006020                _Unwind_VRS_Get
                0x00006070                _Unwind_VRS_Set
                0x000060c0                __gnu_Unwind_Backtrace
                0x00006414                __aeabi_unwind_cpp_pr0
                0x0000641c                __aeabi_unwind_cpp_pr1
                0x00006424                __aeabi_unwind_cpp_pr2
                0x0000642c                _Unwind_VRS_Pop
 .text          0x00006678      0x1ac c:/freescale/kds_3.0.0/toolchain/bin/../lib/gcc/arm-none-eabi/4.8.4/armv7e-m\libgcc.a(libunwind.o)
                0x00006678                __restore_core_regs
                0x00006678                restore_core_regs
                0x00006690                __gnu_Unwind_Restore_VFP
                0x00006698                __gnu_Unwind_Save_VFP
                0x000066a0                __gnu_Unwind_Restore_VFP_D
                0x000066a8                __gnu_Unwind_Save_VFP_D
                0x000066b0                __gnu_Unwind_Restore_VFP_D_16_to_31
                0x000066b8                __gnu_Unwind_Save_VFP_D_16_to_31
                0x000066c0                __gnu_Unwind_Restore_WMMXD
                0x00006704                __gnu_Unwind_Save_WMMXD
                0x00006748                __gnu_Unwind_Restore_WMMXC
                0x0000675c                __gnu_Unwind_Save_WMMXC
                0x00006770                ___Unwind_RaiseException
                0x00006770                _Unwind_RaiseException
                0x00006794                _Unwind_Resume
                0x00006794                ___Unwind_Resume
                0x000067b8                _Unwind_Resume_or_Rethrow
                0x000067b8                ___Unwind_Resume_or_Rethrow
                0x000067dc                _Unwind_ForcedUnwind
                0x000067dc                ___Unwind_ForcedUnwind
                0x00006800                ___Unwind_Backtrace
                0x00006800                _Unwind_Backtrace
 .text          0x00006824      0x33c c:/freescale/kds_3.0.0/toolchain/bin/../lib/gcc/arm-none-eabi/4.8.4/armv7e-m\libgcc.a(pr-support.o)
                0x00006878                __gnu_unwind_execute
                0x00006b04                __gnu_unwind_frame
                0x00006b30                _Unwind_GetRegionStart
                0x00006b3c                _Unwind_GetLanguageSpecificData
                0x00006b50                _Unwind_GetDataRelBase
                0x00006b58                _Unwind_GetTextRelBase
 .text          0x00006b60       0x14 c:/freescale/kds_3.0.0/toolchain/bin/../lib/gcc/arm-none-eabi/4.8.4/../../../../arm-none-eabi/lib/armv7e-m\libg_s.a(lib_a-strcmp.o)
                0x00006b60                strcmp
 *(.text*)
 .text.CPU_SetBASEPRI
                0x00006b74       0x18 ./Static_Code/System/CPU_Init.o
                0x00006b74                CPU_SetBASEPRI
 .text.__init_hardware
                0x00006b8c       0xe0 ./Static_Code/System/CPU_Init.o
                0x00006b8c                __init_hardware
 .text.PE_low_level_init
                0x00006c6c       0x10 ./Static_Code/System/CPU_Init.o
                0x00006c6c                PE_low_level_init
 .text.CPU_GetClockGenMode
                0x00006c7c       0x90 ./Static_Code/System/CPU_Init.o
                0x00006c7c                CPU_GetClockGenMode
 .text.CPU_SetClockConfigGenMode
                0x00006d0c      0x54c ./Static_Code/System/CPU_Init.o
                0x00006d0c                CPU_SetClockConfigGenMode
 .text.CPU_SetClockConfiguration
                0x00007258      0x15c ./Static_Code/System/CPU_Init.o
                0x00007258                CPU_SetClockConfiguration
 .text.CPU_GetClockConfiguration
                0x000073b4       0x18 ./Static_Code/System/CPU_Init.o
                0x000073b4                CPU_GetClockConfiguration
 .text.CPU_VLPModeEnable
                0x000073cc       0x8c ./Static_Code/System/CPU_Init.o
                0x000073cc                CPU_VLPModeEnable
 .text.UnhandledInterrupt
                0x00007458       0x18 ./Static_Code/System/Vectors.o
                0x00007458                UnhandledInterrupt
 .text.SM1_OnRxChar
                0x00007470        0xc ./Sources/Events.o
                0x00007470                SM1_OnRxChar
 .text.SM1_OnTxChar
                0x0000747c        0xc ./Sources/Events.o
                0x0000747c                SM1_OnTxChar
 .text.SM1_OnFullRxBuf
                0x00007488        0xc ./Sources/Events.o
                0x00007488                SM1_OnFullRxBuf
 .text.SM1_OnFreeTxBuf
                0x00007494        0xc ./Sources/Events.o
                0x00007494                SM1_OnFreeTxBuf
 .text.SM1_OnError
                0x000074a0        0xc ./Sources/Events.o
                0x000074a0                SM1_OnError
 .text.SM3_OnRxChar
                0x000074ac        0xc ./Sources/Events.o
                0x000074ac                SM3_OnRxChar
 .text.SM3_OnTxChar
                0x000074b8        0xc ./Sources/Events.o
                0x000074b8                SM3_OnTxChar
 .text.SM3_OnFullRxBuf
                0x000074c4        0xc ./Sources/Events.o
                0x000074c4                SM3_OnFullRxBuf
 .text.SM3_OnFreeTxBuf
                0x000074d0        0xc ./Sources/Events.o
                0x000074d0                SM3_OnFreeTxBuf
 .text.SM3_OnError
                0x000074dc        0xc ./Sources/Events.o
                0x000074dc                SM3_OnError
 .text.EInt1_OnInterrupt
                0x000074e8        0xc ./Sources/Events.o
                0x000074e8                EInt1_OnInterrupt
 .text.NEXT_SPI_OnBlockSent
                0x000074f4       0x14 ./Sources/Events.o
                0x000074f4                NEXT_SPI_OnBlockSent
 .text.NEXT_SPI_OnBlockReceived
                0x00007508       0x14 ./Sources/Events.o
                0x00007508                NEXT_SPI_OnBlockReceived
 .text.TI1_OnInterrupt
                0x0000751c       0x14 ./Sources/Events.o
                0x0000751c                TI1_OnInterrupt
 .text._Z9rgb24to16hhh
                0x00007530       0x40 ./Sources/SSD1351.o
                0x00007530                rgb24to16(unsigned char, unsigned char, unsigned char)
 .text._Z12writeCommandh
                0x00007570       0x20 ./Sources/SSD1351.o
                0x00007570                writeCommand(unsigned char)
 .text._Z9writeDatah
                0x00007590       0x20 ./Sources/SSD1351.o
                0x00007590                writeData(unsigned char)
 .text._Z10writeColort
                0x000075b0       0x30 ./Sources/SSD1351.o
                0x000075b0                writeColor(unsigned short)
 .text._Z5resetv
                0x000075e0       0x18 ./Sources/SSD1351.o
                0x000075e0                reset()
 .text._Z5beginv
                0x000075f8      0x110 ./Sources/SSD1351.o
                0x000075f8                begin()
 .text._Z10printImagePKtiiii
                0x00007708       0xbc ./Sources/SSD1351.o
                0x00007708                printImage(unsigned short const*, int, int, int, int)
 .text._Z8fillRecthhhht
                0x000077c4       0xc0 ./Sources/SSD1351.o
                0x000077c4                fillRect(unsigned char, unsigned char, unsigned char, unsigned char, unsigned short)
 .text._Z5cleart
                0x00007884       0x20 ./Sources/SSD1351.o
                0x00007884                clear(unsigned short)
 .text._Z8drawCharhhhtt
                0x000078a4       0xa8 ./Sources/SSD1351.o
                0x000078a4                drawChar(unsigned char, unsigned char, unsigned char, unsigned short, unsigned short)
 .text._Z10drawStringPKchhtt
                0x0000794c       0x88 ./Sources/SSD1351.o
                0x0000794c                drawString(char const*, unsigned char, unsigned char, unsigned short, unsigned short)
 .text._Z11printFingerPhhi
                0x000079d4      0x32c ./Sources/SSD1351.o
                0x000079d4                printFinger(unsigned char*, unsigned char, int)
 .text.Waitms   0x00007d00       0x2c ./Sources/main.o
                0x00007d00                Waitms
 .text._Z9set_eventPii
                0x00007d2c       0x20 ./Sources/main.o
                0x00007d2c                set_event(int*, int)
 .text.set_event_interrupt
                0x00007d4c       0x50 ./Sources/main.o
                0x00007d4c                set_event_interrupt
 .text.set_timer_interrupt
                0x00007d9c       0x6c ./Sources/main.o
                0x00007d9c                set_timer_interrupt
 .text._Z11parse_eventPi
                0x00007e08      0x13c ./Sources/main.o
                0x00007e08                parse_event(int*)
 .text._Z12get_next_msgPhPi
                0x00007f44       0x8c ./Sources/main.o
                0x00007f44                get_next_msg(unsigned char*, int*)
 .text._Z9parse_msgPhPiS0_
                0x00007fd0       0x50 ./Sources/main.o
                0x00007fd0                parse_msg(unsigned char*, int*, int*)
 .text._Z8parse_C0PhPiS0_
                0x00008020      0x134 ./Sources/main.o
                0x00008020                parse_C0(unsigned char*, int*, int*)
 .text._Z8parse_C8PhPiS0_
                0x00008154      0x190 ./Sources/main.o
                0x00008154                parse_C8(unsigned char*, int*, int*)
 .text._Z17start_acquisitionPhPiS0_
                0x000082e4      0x548 ./Sources/main.o
                0x000082e4                start_acquisition(unsigned char*, int*, int*)
 .text._Z15reset_interruptv
                0x0000882c       0x1c ./Sources/main.o
                0x0000882c                reset_interrupt()
 .text._Z8send_msgPhi
                0x00008848       0x60 ./Sources/main.o
                0x00008848                send_msg(unsigned char*, int)
 .text._Z11init_screenv
                0x000088a8       0x2c ./Sources/main.o
                0x000088a8                init_screen()
 .text._Z8reset_STv
                0x000088d4       0x30 ./Sources/main.o
                0x000088d4                reset_ST()
 .text._Z20back_to_first_screenv
                0x00008904       0x28 ./Sources/main.o
                0x00008904                back_to_first_screen()
 .text.main     0x0000892c       0x48 ./Sources/main.o
                0x0000892c                main
 .text.waitUs   0x00008974       0x3c ./Sources/spi_next.o
 .text.spi_next_init
                0x000089b0       0x2c ./Sources/spi_next.o
                0x000089b0                spi_next_init
 .text.spi_next_free
                0x000089dc        0xc ./Sources/spi_next.o
                0x000089dc                spi_next_free
 .text.spi_next_resart
                0x000089e8        0xc ./Sources/spi_next.o
                0x000089e8                spi_next_resart
 .text.spi_next_transmit
                0x000089f4       0x58 ./Sources/spi_next.o
                0x000089f4                spi_next_transmit
 .text.send     0x00008a4c       0xa8 ./Sources/spi_next.o
 .text.receive  0x00008af4       0x98 ./Sources/spi_next.o
 .text.sync_send
                0x00008b8c       0x68 ./Sources/spi_next.o
 .text.Next_clear
                0x00008bf4       0x9c ./Sources/spi_next.o
 .text.Next_calibrate
                0x00008c90       0x38 ./Sources/spi_next.o
                0x00008c90                Next_calibrate
 .text.Next_isFinger
                0x00008cc8       0x40 ./Sources/spi_next.o
                0x00008cc8                Next_isFinger
 .text.get      0x00008d08       0xf0 ./Sources/spi_next.o
 .text.Next_getFinger
                0x00008df8       0x20 ./Sources/spi_next.o
                0x00008df8                Next_getFinger
 .text.Next_isConnected
                0x00008e18       0x6c ./Sources/spi_next.o
                0x00008e18                Next_isConnected
 .text.Next_diagnostic
                0x00008e84       0x50 ./Sources/spi_next.o
                0x00008e84                Next_diagnostic
 .text.__copy_rom_section
                0x00008ed4       0xe4 ./Project_Settings/Startup_Code/startup.o
                0x00008ed4                __copy_rom_section
 .text.__copy_rom_sections_to_ram
                0x00008fb8       0x9c ./Project_Settings/Startup_Code/startup.o
                0x00008fb8                __copy_rom_sections_to_ram
 .text.__init_registers
                0x00009054       0x20 ./Project_Settings/Startup_Code/startup.o
                0x00009054                __init_registers
 .text.__init_user
                0x00009074        0xc ./Project_Settings/Startup_Code/startup.o
                0x00009074                __init_user
 .text.__thumb_startup
                0x00009080       0x34 ./Project_Settings/Startup_Code/startup.o
                0x00009080                __thumb_startup
 .text.Components_Init
                0x000090b4       0x38 ./Generated_Code/Cpu.o
                0x000090b4                Components_Init
 .text.ExtIntLdd1_OnInterrupt
                0x000090ec       0x14 ./Generated_Code/EInt1.o
                0x000090ec                ExtIntLdd1_OnInterrupt
 .text.ExtIntLdd1_Init
                0x00009100       0x9c ./Generated_Code/ExtIntLdd1.o
                0x00009100                ExtIntLdd1_Init
 .text.ExtIntLdd1_Enable
                0x0000919c       0x38 ./Generated_Code/ExtIntLdd1.o
                0x0000919c                ExtIntLdd1_Enable
 .text.ExtIntLdd1_Disable
                0x000091d4       0x28 ./Generated_Code/ExtIntLdd1.o
                0x000091d4                ExtIntLdd1_Disable
 .text.ExtIntLdd1_Interrupt
                0x000091fc       0x40 ./Generated_Code/ExtIntLdd1.o
                0x000091fc                ExtIntLdd1_Interrupt
 .text.NEXT_RESET_Init
                0x0000923c       0x80 ./Generated_Code/NEXT_RESET.o
                0x0000923c                NEXT_RESET_Init
 .text.NEXT_RESET_ClrVal
                0x000092bc       0x20 ./Generated_Code/NEXT_RESET.o
                0x000092bc                NEXT_RESET_ClrVal
 .text.NEXT_RESET_SetVal
                0x000092dc       0x20 ./Generated_Code/NEXT_RESET.o
                0x000092dc                NEXT_RESET_SetVal
 .text.NEXT_SPI_Init
                0x000092fc      0x148 ./Generated_Code/NEXT_SPI.o
                0x000092fc                NEXT_SPI_Init
 .text.NEXT_SPI_ReceiveBlock
                0x00009444       0x8c ./Generated_Code/NEXT_SPI.o
                0x00009444                NEXT_SPI_ReceiveBlock
 .text.NEXT_SPI_SendBlock
                0x000094d0       0x9c ./Generated_Code/NEXT_SPI.o
                0x000094d0                NEXT_SPI_SendBlock
 .text.NEXT_SPI_GetReceivedDataNum
                0x0000956c       0x18 ./Generated_Code/NEXT_SPI.o
                0x0000956c                NEXT_SPI_GetReceivedDataNum
 .text.NEXT_SPI_Interrupt
                0x00009584      0x124 ./Generated_Code/NEXT_SPI.o
                0x00009584                NEXT_SPI_Interrupt
 .text.HWEnDi   0x000096a8       0x8c ./Generated_Code/NEXT_SPI.o
 .text.NEXT_SPI_SetClockConfiguration
                0x00009734       0x40 ./Generated_Code/NEXT_SPI.o
                0x00009734                NEXT_SPI_SetClockConfiguration
 .text.OLED_DC_Init
                0x00009774       0x80 ./Generated_Code/OLED_DC.o
                0x00009774                OLED_DC_Init
 .text.OLED_DC_PutVal
                0x000097f4       0x34 ./Generated_Code/OLED_DC.o
                0x000097f4                OLED_DC_PutVal
 .text.OLED_RESET_Init
                0x00009828       0x80 ./Generated_Code/OLED_RESET.o
                0x00009828                OLED_RESET_Init
 .text.OLED_RESET_PutVal
                0x000098a8       0x34 ./Generated_Code/OLED_RESET.o
                0x000098a8                OLED_RESET_PutVal
 .text.OLED_SUPPLY_Init
                0x000098dc       0x80 ./Generated_Code/OLED_SUPPLY.o
                0x000098dc                OLED_SUPPLY_Init
 .text.OLED_SUPPLY_PutVal
                0x0000995c       0x30 ./Generated_Code/OLED_SUPPLY.o
                0x0000995c                OLED_SUPPLY_PutVal
 .text.LDD_SetClockConfiguration
                0x0000998c       0x94 ./Generated_Code/PE_LDD.o
                0x0000998c                LDD_SetClockConfiguration
 .text.HWEnDi   0x00009a20       0x8c ./Generated_Code/SM1.o
 .text.SM1_SendChar
                0x00009aac       0xf0 ./Generated_Code/SM1.o
                0x00009aac                SM1_SendChar
 .text.SM1_Init
                0x00009b9c       0x80 ./Generated_Code/SM1.o
                0x00009b9c                SM1_Init
 .text.SM1_SetClockConfiguration
                0x00009c1c       0x38 ./Generated_Code/SM1.o
                0x00009c1c                SM1_SetClockConfiguration
 .text.SMasterLdd1_OnBlockReceived
                0x00009c54       0xdc ./Generated_Code/SM1.o
                0x00009c54                SMasterLdd1_OnBlockReceived
 .text.SMasterLdd1_OnBlockSent
                0x00009d30       0xcc ./Generated_Code/SM1.o
                0x00009d30                SMasterLdd1_OnBlockSent
 .text.HWEnDi   0x00009dfc       0x8c ./Generated_Code/SM3.o
 .text.SM3_RecvChar
                0x00009e88       0xdc ./Generated_Code/SM3.o
                0x00009e88                SM3_RecvChar
 .text.SM3_SendChar
                0x00009f64       0xf0 ./Generated_Code/SM3.o
                0x00009f64                SM3_SendChar
 .text.SM3_ClearRxBuf
                0x0000a054       0x9c ./Generated_Code/SM3.o
                0x0000a054                SM3_ClearRxBuf
 .text.SM3_Init
                0x0000a0f0       0x80 ./Generated_Code/SM3.o
                0x0000a0f0                SM3_Init
 .text.SM3_SetClockConfiguration
                0x0000a170       0x38 ./Generated_Code/SM3.o
                0x0000a170                SM3_SetClockConfiguration
 .text.SMasterLdd3_OnBlockReceived
                0x0000a1a8       0xe4 ./Generated_Code/SM3.o
                0x0000a1a8                SMasterLdd3_OnBlockReceived
 .text.SMasterLdd3_OnBlockSent
                0x0000a28c       0xcc ./Generated_Code/SM3.o
                0x0000a28c                SMasterLdd3_OnBlockSent
 .text.SMasterLdd1_Init
                0x0000a358      0x14c ./Generated_Code/SMasterLdd1.o
                0x0000a358                SMasterLdd1_Init
 .text.SMasterLdd1_Enable
                0x0000a4a4       0x34 ./Generated_Code/SMasterLdd1.o
                0x0000a4a4                SMasterLdd1_Enable
 .text.SMasterLdd1_Disable
                0x0000a4d8       0x34 ./Generated_Code/SMasterLdd1.o
                0x0000a4d8                SMasterLdd1_Disable
 .text.SMasterLdd1_ReceiveBlock
                0x0000a50c       0x98 ./Generated_Code/SMasterLdd1.o
                0x0000a50c                SMasterLdd1_ReceiveBlock
 .text.SMasterLdd1_SendBlock
                0x0000a5a4       0xa8 ./Generated_Code/SMasterLdd1.o
                0x0000a5a4                SMasterLdd1_SendBlock
 .text.SMasterLdd1_Interrupt
                0x0000a64c      0x124 ./Generated_Code/SMasterLdd1.o
                0x0000a64c                SMasterLdd1_Interrupt
 .text.HWEnDi   0x0000a770       0x94 ./Generated_Code/SMasterLdd1.o
 .text.SMasterLdd1_SetClockConfiguration
                0x0000a804       0x40 ./Generated_Code/SMasterLdd1.o
                0x0000a804                SMasterLdd1_SetClockConfiguration
 .text.SMasterLdd3_Init
                0x0000a844      0x138 ./Generated_Code/SMasterLdd3.o
                0x0000a844                SMasterLdd3_Init
 .text.SMasterLdd3_Enable
                0x0000a97c       0x34 ./Generated_Code/SMasterLdd3.o
                0x0000a97c                SMasterLdd3_Enable
 .text.SMasterLdd3_Disable
                0x0000a9b0       0x34 ./Generated_Code/SMasterLdd3.o
                0x0000a9b0                SMasterLdd3_Disable
 .text.SMasterLdd3_ReceiveBlock
                0x0000a9e4       0x98 ./Generated_Code/SMasterLdd3.o
                0x0000a9e4                SMasterLdd3_ReceiveBlock
 .text.SMasterLdd3_SendBlock
                0x0000aa7c       0xa8 ./Generated_Code/SMasterLdd3.o
                0x0000aa7c                SMasterLdd3_SendBlock
 .text.SMasterLdd3_Interrupt
                0x0000ab24      0x10c ./Generated_Code/SMasterLdd3.o
                0x0000ab24                SMasterLdd3_Interrupt
 .text.HWEnDi   0x0000ac30       0x94 ./Generated_Code/SMasterLdd3.o
 .text.SMasterLdd3_SetClockConfiguration
                0x0000acc4       0x40 ./Generated_Code/SMasterLdd3.o
                0x0000acc4                SMasterLdd3_SetClockConfiguration
 .text.SS_Init  0x0000ad04       0x80 ./Generated_Code/SS.o
                0x0000ad04                SS_Init
 .text.SS_SetDir
                0x0000ad84       0x3c ./Generated_Code/SS.o
                0x0000ad84                SS_SetDir
 .text.SS_PutVal
                0x0000adc0       0x30 ./Generated_Code/SS.o
                0x0000adc0                SS_PutVal
 .text.TI1_Init
                0x0000adf0       0x5c ./Generated_Code/TI1.o
                0x0000adf0                TI1_Init
 .text.TI1_SetClockConfiguration
                0x0000ae4c       0x30 ./Generated_Code/TI1.o
                0x0000ae4c                TI1_SetClockConfiguration
 .text.TU1_OnCounterRestart
                0x0000ae7c       0x24 ./Generated_Code/TI1.o
                0x0000ae7c                TU1_OnCounterRestart
 .text.TU1_Init
                0x0000aea0      0x110 ./Generated_Code/TU1.o
                0x0000aea0                TU1_Init
 .text.TU1_SetClockConfiguration
                0x0000afb0       0x54 ./Generated_Code/TU1.o
                0x0000afb0                TU1_SetClockConfiguration
 .text.TU1_Interrupt
                0x0000b004       0x6c ./Generated_Code/TU1.o
                0x0000b004                TU1_Interrupt
 .text.HWEnDi   0x0000b070       0x90 ./Generated_Code/TU1.o
 .text.WAIT1_Wait10Cycles
                0x0000b100        0x8 ./Generated_Code/WAIT1.o
                0x0000b100                WAIT1_Wait10Cycles
 .text.WAIT1_Wait100Cycles
                0x0000b108       0x1c ./Generated_Code/WAIT1.o
                0x0000b108                WAIT1_Wait100Cycles
 .text.WAIT1_WaitCycles
                0x0000b124       0x34 ./Generated_Code/WAIT1.o
                0x0000b124                WAIT1_WaitCycles
 .text.WAIT1_WaitLongCycles
                0x0000b158       0x38 ./Generated_Code/WAIT1.o
                0x0000b158                WAIT1_WaitLongCycles
 .text.WAIT1_Waitms
                0x0000b190       0x2c ./Generated_Code/WAIT1.o
                0x0000b190                WAIT1_Waitms
 .text._ZN14FingerJetFxOSE15FpRecEngineImpl7Context10_incrementEPVl
                0x0000b1bc        0xc C:\Users\lguillain\workspace.kds\FRFXLL\Debug\libnextExtract.a(lib_next_extract.o)
                0x0000b1bc                FingerJetFxOSE::FpRecEngineImpl::Context::_increment(long volatile*)
 .text._ZN14FingerJetFxOSE15FpRecEngineImpl7Context10_decrementEPVl
                0x0000b1c8        0xc C:\Users\lguillain\workspace.kds\FRFXLL\Debug\libnextExtract.a(lib_next_extract.o)
                0x0000b1c8                FingerJetFxOSE::FpRecEngineImpl::Context::_decrement(long volatile*)
 .text._ZN14FingerJetFxOSE15FpRecEngineImpl7Context9_exchangeEPVll
                0x0000b1d4        0x8 C:\Users\lguillain\workspace.kds\FRFXLL\Debug\libnextExtract.a(lib_next_extract.o)
                0x0000b1d4                FingerJetFxOSE::FpRecEngineImpl::Context::_exchange(long volatile*, long)
 .text._ZN14FingerJetFxOSE15FpRecEngineImpl7Context17_compare_exchangeEPVlll
                0x0000b1dc       0x14 C:\Users\lguillain\workspace.kds\FRFXLL\Debug\libnextExtract.a(lib_next_extract.o)
                0x0000b1dc                FingerJetFxOSE::FpRecEngineImpl::Context::_compare_exchange(long volatile*, long, long)
 .text._ZN14FingerJetFxOSE15FpRecEngineImpl7ContextD2Ev
                0x0000b1f0       0x14 C:\Users\lguillain\workspace.kds\FRFXLL\Debug\libnextExtract.a(lib_next_extract.o)
                0x0000b1f0                FingerJetFxOSE::FpRecEngineImpl::Context::~Context()
                0x0000b1f0                FingerJetFxOSE::FpRecEngineImpl::Context::~Context()
 .text._ZN14FingerJetFxOSE15FpRecEngineImpl8Embedded6Writer5putchEi
                0x0000b204       0x28 C:\Users\lguillain\workspace.kds\FRFXLL\Debug\libnextExtract.a(lib_next_extract.o)
                0x0000b204                FingerJetFxOSE::FpRecEngineImpl::Embedded::Writer::putch(int)
 .text._ZNK14FingerJetFxOSE15FpRecEngineImpl8Embedded6Writer3eofEv
                0x0000b22c       0x18 C:\Users\lguillain\workspace.kds\FRFXLL\Debug\libnextExtract.a(lib_next_extract.o)
                0x0000b22c                FingerJetFxOSE::FpRecEngineImpl::Embedded::Writer::eof() const
 .text._ZL12sort_qualityPKvS0_
                0x0000b244        0x8 C:\Users\lguillain\workspace.kds\FRFXLL\Debug\libnextExtract.a(lib_next_extract.o)
 .text._ZL13sort_minutiaePKvS0_
                0x0000b24c       0x18 C:\Users\lguillain\workspace.kds\FRFXLL\Debug\libnextExtract.a(lib_next_extract.o)
 .text._ZN14FingerJetFxOSE15FpRecEngineImpl8Embedded21FeatureExtractionImpl1gILh11EEEhh
                0x0000b264        0xc C:\Users\lguillain\workspace.kds\FRFXLL\Debug\libnextExtract.a(lib_next_extract.o)
                0x0000b264                unsigned char FingerJetFxOSE::FpRecEngineImpl::Embedded::FeatureExtractionImpl::g<(unsigned char)11>(unsigned char)
 .text._ZN14FingerJetFxOSE15FpRecEngineImpl8Embedded21FeatureExtractionImpl1gILh14EEEhh
                0x0000b270        0xc C:\Users\lguillain\workspace.kds\FRFXLL\Debug\libnextExtract.a(lib_next_extract.o)
                0x0000b270                unsigned char FingerJetFxOSE::FpRecEngineImpl::Embedded::FeatureExtractionImpl::g<(unsigned char)14>(unsigned char)
 .text._ZL30m_interlocked_compare_exchangePVlll
                0x0000b27c       0x24 C:\Users\lguillain\workspace.kds\FRFXLL\Debug\libnextExtract.a(lib_next_extract.o)
 .text._ZL22m_interlocked_exchangePVll
                0x0000b2a0       0x14 C:\Users\lguillain\workspace.kds\FRFXLL\Debug\libnextExtract.a(lib_next_extract.o)
 .text._ZN14FingerJetFxOSE15FpRecEngineImpl7ContextD0Ev
                0x0000b2b4       0x48 C:\Users\lguillain\workspace.kds\FRFXLL\Debug\libnextExtract.a(lib_next_extract.o)
                0x0000b2b4                FingerJetFxOSE::FpRecEngineImpl::Context::~Context()
 .text._ZN14FingerJetFxOSE15FpRecEngineImpl8Embedded21FeatureExtractionImpl11oct_sign_trILi128EEESt7complexIaERKS4_IiE
                0x0000b2fc       0x74 C:\Users\lguillain\workspace.kds\FRFXLL\Debug\libnextExtract.a(lib_next_extract.o)
                0x0000b2fc                std::complex<signed char> FingerJetFxOSE::FpRecEngineImpl::Embedded::FeatureExtractionImpl::oct_sign_tr<128>(std::complex<int> const&)
 .text._ZSt11__push_heapIPN14FingerJetFxOSE15FpRecEngineImpl8Embedded7MinutiaEiS3_St7greaterIS3_EEvT_T0_S8_T1_T2_.isra.36
                0x0000b370       0x88 C:\Users\lguillain\workspace.kds\FRFXLL\Debug\libnextExtract.a(lib_next_extract.o)
 .text._ZN14FingerJetFxOSE15FpRecEngineImpl8Embedded21FeatureExtractionImpl4div2ERKSt7complexIiE
                0x0000b3f8       0x8c C:\Users\lguillain\workspace.kds\FRFXLL\Debug\libnextExtract.a(lib_next_extract.o)
                0x0000b3f8                FingerJetFxOSE::FpRecEngineImpl::Embedded::FeatureExtractionImpl::div2(std::complex<int> const&)
 .text._ZN14FingerJetFxOSE15FpRecEngineImpl6ObjectD2Ev
                0x0000b484       0x28 C:\Users\lguillain\workspace.kds\FRFXLL\Debug\libnextExtract.a(lib_next_extract.o)
                0x0000b484                FingerJetFxOSE::FpRecEngineImpl::Object::~Object()
                0x0000b484                FingerJetFxOSE::FpRecEngineImpl::Object::~Object()
 .text._ZN14FingerJetFxOSE15FpRecEngineImpl20FeatureExtractionObjINS0_8Embedded17FeatureExtractionEED2Ev
                0x0000b4ac       0x30 C:\Users\lguillain\workspace.kds\FRFXLL\Debug\libnextExtract.a(lib_next_extract.o)
                0x0000b4ac                FingerJetFxOSE::FpRecEngineImpl::FeatureExtractionObj<FingerJetFxOSE::FpRecEngineImpl::Embedded::FeatureExtraction>::~FeatureExtractionObj()
                0x0000b4ac                FingerJetFxOSE::FpRecEngineImpl::FeatureExtractionObj<FingerJetFxOSE::FpRecEngineImpl::Embedded::FeatureExtraction>::~FeatureExtractionObj()
 .text._ZN14FingerJetFxOSE15FpRecEngineImpl6ObjectD0Ev
                0x0000b4dc       0x58 C:\Users\lguillain\workspace.kds\FRFXLL\Debug\libnextExtract.a(lib_next_extract.o)
                0x0000b4dc                FingerJetFxOSE::FpRecEngineImpl::Object::~Object()
 .text._ZN14FingerJetFxOSE15FpRecEngineImpl20FeatureExtractionObjINS0_8Embedded17FeatureExtractionEED0Ev
                0x0000b534       0x5c C:\Users\lguillain\workspace.kds\FRFXLL\Debug\libnextExtract.a(lib_next_extract.o)
                0x0000b534                FingerJetFxOSE::FpRecEngineImpl::FeatureExtractionObj<FingerJetFxOSE::FpRecEngineImpl::Embedded::FeatureExtraction>::~FeatureExtractionObj()
 .text._ZN14FingerJetFxOSE15FpRecEngineImpl8Embedded6WriterlsEt
                0x0000b590       0x38 C:\Users\lguillain\workspace.kds\FRFXLL\Debug\libnextExtract.a(lib_next_extract.o)
                0x0000b590                FingerJetFxOSE::FpRecEngineImpl::Embedded::Writer::operator<<(unsigned short)
 .text._ZN14FingerJetFxOSE15FpRecEngineImpl8Embedded21FeatureExtractionImpl7biffilt12convolutionsINS1_6conv17ILi50ELi48ELi41ELi32ELi23ELi14ELi8ELi4ELi2ENS1_10autodetectEEENS5_ILi0ELi55ELin53ELin61ELi74ELi3ELin28ELi7ELi3ENS1_9symmetricEEENS5_ILi0ELi42ELi0ELin83ELi3ELi63ELin1ELin25ELi1ES8_EENS5_ILi0ELi29ELi25ELin50ELin58ELi22ELi51ELi5ELin24ES8_EENS5_ILin2ELi16ELi28ELin14ELin60ELin41ELi18ELi41ELi13ES8_EENS5_ILi0ELi13ELi28ELi13ELin27ELin50ELin29ELi14ELi38ES8_EEEEvPi
                0x0000b5c8      0x604 C:\Users\lguillain\workspace.kds\FRFXLL\Debug\libnextExtract.a(lib_next_extract.o)
                0x0000b5c8                void FingerJetFxOSE::FpRecEngineImpl::Embedded::FeatureExtractionImpl::biffilt::convolutions<FingerJetFxOSE::FpRecEngineImpl::Embedded::conv17<50, 48, 41, 32, 23, 14, 8, 4, 2, FingerJetFxOSE::FpRecEngineImpl::Embedded::autodetect>, FingerJetFxOSE::FpRecEngineImpl::Embedded::conv17<0, 55, -53, -61, 74, 3, -28, 7, 3, FingerJetFxOSE::FpRecEngineImpl::Embedded::symmetric>, FingerJetFxOSE::FpRecEngineImpl::Embedded::conv17<0, 42, 0, -83, 3, 63, -1, -25, 1, FingerJetFxOSE::FpRecEngineImpl::Embedded::symmetric>, FingerJetFxOSE::FpRecEngineImpl::Embedded::conv17<0, 29, 25, -50, -58, 22, 51, 5, -24, FingerJetFxOSE::FpRecEngineImpl::Embedded::symmetric>, FingerJetFxOSE::FpRecEngineImpl::Embedded::conv17<-2, 16, 28, -14, -60, -41, 18, 41, 13, FingerJetFxOSE::FpRecEngineImpl::Embedded::symmetric>, FingerJetFxOSE::FpRecEngineImpl::Embedded::conv17<0, 13, 28, 13, -27, -50, -29, 14, 38, FingerJetFxOSE::FpRecEngineImpl::Embedded::symmetric> >(int*)
 .text._ZN14FingerJetFxOSE15FpRecEngineImpl8Embedded21FeatureExtractionImpl15is_in_footprintILh1EEEbjjjjPKh
                0x0000bbcc       0x50 C:\Users\lguillain\workspace.kds\FRFXLL\Debug\libnextExtract.a(lib_next_extract.o)
                0x0000bbcc                bool FingerJetFxOSE::FpRecEngineImpl::Embedded::FeatureExtractionImpl::is_in_footprint<(unsigned char)1>(unsigned int, unsigned int, unsigned int, unsigned int, unsigned char const*)
 .text._ZN14FingerJetFxOSE15FpRecEngineImpl8Embedded21FeatureExtractionImpl11fft_enhanceILh5ELi17EEEbPhjjj
                0x0000bc1c      0xa40 C:\Users\lguillain\workspace.kds\FRFXLL\Debug\libnextExtract.a(lib_next_extract.o)
                0x0000bc1c                bool FingerJetFxOSE::FpRecEngineImpl::Embedded::FeatureExtractionImpl::fft_enhance<(unsigned char)5, 17>(unsigned char*, unsigned int, unsigned int, unsigned int)
 .text._ZN14FingerJetFxOSE15FpRecEngineImpl8Embedded21FeatureExtractionImpl16freeman_phasemapILj4EhSt7complexIaEEEvjjPKhPT1_PT0_
                0x0000c65c      0x704 C:\Users\lguillain\workspace.kds\FRFXLL\Debug\libnextExtract.a(lib_next_extract.o)
                0x0000c65c                void FingerJetFxOSE::FpRecEngineImpl::Embedded::FeatureExtractionImpl::freeman_phasemap<4u, unsigned char, std::complex<signed char> >(unsigned int, unsigned int, unsigned char const*, std::complex<signed char>*, unsigned char*)
 .text._ZN14FingerJetFxOSE15FpRecEngineImpl8Embedded21FeatureExtractionImpl10raw_orimapILj180ELj4EEEvjjPKhbPSt7complexIaEPh
                0x0000cd60      0x6c4 C:\Users\lguillain\workspace.kds\FRFXLL\Debug\libnextExtract.a(lib_next_extract.o)
                0x0000cd60                void FingerJetFxOSE::FpRecEngineImpl::Embedded::FeatureExtractionImpl::raw_orimap<180u, 4u>(unsigned int, unsigned int, unsigned char const*, bool, std::complex<signed char>*, unsigned char*)
 .text._ZN14FingerJetFxOSE15FpRecEngineImpl8Embedded21FeatureExtractionImpl7boxfiltILj45ELj5EhFhhEEEvjjPT1_RKT2_
                0x0000d424      0x144 C:\Users\lguillain\workspace.kds\FRFXLL\Debug\libnextExtract.a(lib_next_extract.o)
                0x0000d424                void FingerJetFxOSE::FpRecEngineImpl::Embedded::FeatureExtractionImpl::boxfilt<45u, 5u, unsigned char, unsigned char (unsigned char)>(unsigned int, unsigned int, unsigned char*, unsigned char ( const&)(unsigned char))
 .text._ZN14FingerJetFxOSE15FpRecEngineImpl8Embedded21FeatureExtractionImpl13smooth_orimapILj45ELj5EFSt7complexIaERKS4_IiEEEEvjjPS5_PKhRKT1_
                0x0000d568      0x358 C:\Users\lguillain\workspace.kds\FRFXLL\Debug\libnextExtract.a(lib_next_extract.o)
                0x0000d568                void FingerJetFxOSE::FpRecEngineImpl::Embedded::FeatureExtractionImpl::smooth_orimap<45u, 5u, std::complex<signed char> (std::complex<int> const&)>(unsigned int, unsigned int, std::complex<signed char>*, unsigned char const*, std::complex<signed char> ( const&)(std::complex<int> const&))
 .text._ZN14FingerJetFxOSE15FpRecEngineImpl8Embedded21FeatureExtractionImpl29orientation_map_and_footprintILj180ELj4EEEvjjPKhbPSt7complexIaEPh
                0x0000d8c0      0x2a8 C:\Users\lguillain\workspace.kds\FRFXLL\Debug\libnextExtract.a(lib_next_extract.o)
                0x0000d8c0                void FingerJetFxOSE::FpRecEngineImpl::Embedded::FeatureExtractionImpl::orientation_map_and_footprint<180u, 4u>(unsigned int, unsigned int, unsigned char const*, bool, std::complex<signed char>*, unsigned char*)
 .text._ZSt13__adjust_heapIPN14FingerJetFxOSE15FpRecEngineImpl8Embedded7MinutiaEiS3_St7greaterIS3_EEvT_T0_S8_T1_T2_
                0x0000db68       0xc0 C:\Users\lguillain\workspace.kds\FRFXLL\Debug\libnextExtract.a(lib_next_extract.o)
                0x0000db68                void std::__adjust_heap<FingerJetFxOSE::FpRecEngineImpl::Embedded::Minutia*, int, FingerJetFxOSE::FpRecEngineImpl::Embedded::Minutia, std::greater<FingerJetFxOSE::FpRecEngineImpl::Embedded::Minutia> >(FingerJetFxOSE::FpRecEngineImpl::Embedded::Minutia*, int, int, FingerJetFxOSE::FpRecEngineImpl::Embedded::Minutia, std::greater<FingerJetFxOSE::FpRecEngineImpl::Embedded::Minutia>)
 .text._ZN14FingerJetFxOSE15FpRecEngineImpl8Embedded21FeatureExtractionImpl15extract_minutiaILj180ELj4ENS1_7MinutiaEEEvPKhjjS6_RNS_5top_nIT1_EERKNS2_10ParametersE
                0x0000dc28     0x1ad0 C:\Users\lguillain\workspace.kds\FRFXLL\Debug\libnextExtract.a(lib_next_extract.o)
                0x0000dc28                void FingerJetFxOSE::FpRecEngineImpl::Embedded::FeatureExtractionImpl::extract_minutia<180u, 4u, FingerJetFxOSE::FpRecEngineImpl::Embedded::Minutia>(unsigned char const*, unsigned int, unsigned int, unsigned char const*, FingerJetFxOSE::top_n<FingerJetFxOSE::FpRecEngineImpl::Embedded::Minutia>&, FingerJetFxOSE::FpRecEngineImpl::Embedded::FeatureExtractionImpl::Parameters const&)
 .text._ZN14FingerJetFxOSE15FpRecEngineImpl20FeatureExtractionObjINS0_8Embedded17FeatureExtractionEE16CreateFeatureSetIhEEiPT_jjjjjPhPj
                0x0000f6f8     0x23d0 C:\Users\lguillain\workspace.kds\FRFXLL\Debug\libnextExtract.a(lib_next_extract.o)
                0x0000f6f8                int FingerJetFxOSE::FpRecEngineImpl::FeatureExtractionObj<FingerJetFxOSE::FpRecEngineImpl::Embedded::FeatureExtraction>::CreateFeatureSet<unsigned char>(unsigned char*, unsigned int, unsigned int, unsigned int, unsigned int, unsigned int, unsigned char*, unsigned int*)
 .text.lib_next_extract
                0x00011ac8      0x300 C:\Users\lguillain\workspace.kds\FRFXLL\Debug\libnextExtract.a(lib_next_extract.o)
                0x00011ac8                lib_next_extract
 .text.__cxa_end_cleanup
                0x00011dc8        0xc c:/freescale/kds_3.0.0/toolchain/bin/../lib/gcc/arm-none-eabi/4.8.4/../../../../arm-none-eabi/lib/armv7e-m\libstdc++_s.a(eh_arm.o)
                0x00011dc8                __cxa_end_cleanup
 .text._ZN10__cxxabiv1L24__is_gxx_exception_classEPc
                0x00011dd4       0x3a c:/freescale/kds_3.0.0/toolchain/bin/../lib/gcc/arm-none-eabi/4.8.4/../../../../arm-none-eabi/lib/armv7e-m\libstdc++_s.a(eh_arm.o)
 *fill*         0x00011e0e        0x2 
 .text.__cxa_type_match
                0x00011e10       0xbc c:/freescale/kds_3.0.0/toolchain/bin/../lib/gcc/arm-none-eabi/4.8.4/../../../../arm-none-eabi/lib/armv7e-m\libstdc++_s.a(eh_arm.o)
                0x00011e10                __cxa_type_match
 .text.__cxa_begin_cleanup
                0x00011ecc       0x3a c:/freescale/kds_3.0.0/toolchain/bin/../lib/gcc/arm-none-eabi/4.8.4/../../../../arm-none-eabi/lib/armv7e-m\libstdc++_s.a(eh_arm.o)
                0x00011ecc                __cxa_begin_cleanup
 .text.__gnu_end_cleanup
                0x00011f06       0x32 c:/freescale/kds_3.0.0/toolchain/bin/../lib/gcc/arm-none-eabi/4.8.4/../../../../arm-none-eabi/lib/armv7e-m\libstdc++_s.a(eh_arm.o)
                0x00011f06                __gnu_end_cleanup
 .text._ZN10__cxxabiv111__terminateEPFvvE
                0x00011f38        0x8 c:/freescale/kds_3.0.0/toolchain/bin/../lib/gcc/arm-none-eabi/4.8.4/../../../../arm-none-eabi/lib/armv7e-m\libstdc++_s.a(eh_terminate.o)
                0x00011f38                __cxxabiv1::__terminate(void (*)())
 .text._ZSt9terminatev
                0x00011f40       0x10 c:/freescale/kds_3.0.0/toolchain/bin/../lib/gcc/arm-none-eabi/4.8.4/../../../../arm-none-eabi/lib/armv7e-m\libstdc++_s.a(eh_terminate.o)
                0x00011f40                std::terminate()
 .text._ZN10__cxxabiv112__unexpectedEPFvvE
                0x00011f50        0x8 c:/freescale/kds_3.0.0/toolchain/bin/../lib/gcc/arm-none-eabi/4.8.4/../../../../arm-none-eabi/lib/armv7e-m\libstdc++_s.a(eh_terminate.o)
                0x00011f50                __cxxabiv1::__unexpected(void (*)())
 .text._ZSt10unexpectedv
                0x00011f58       0x10 c:/freescale/kds_3.0.0/toolchain/bin/../lib/gcc/arm-none-eabi/4.8.4/../../../../arm-none-eabi/lib/armv7e-m\libstdc++_s.a(eh_terminate.o)
                0x00011f58                std::unexpected()
 .text._ZNK10__cxxabiv117__class_type_info11__do_upcastEPKS0_PPv
                0x00011f68       0x34 c:/freescale/kds_3.0.0/toolchain/bin/../lib/gcc/arm-none-eabi/4.8.4/../../../../arm-none-eabi/lib/armv7e-m\libstdc++_s.a(class_type_info.o)
                0x00011f68                __cxxabiv1::__class_type_info::__do_upcast(__cxxabiv1::__class_type_info const*, void**) const
 .text._ZNK10__cxxabiv117__class_type_info20__do_find_public_srcEiPKvPKS0_S2_
                0x00011f9c        0xc c:/freescale/kds_3.0.0/toolchain/bin/../lib/gcc/arm-none-eabi/4.8.4/../../../../arm-none-eabi/lib/armv7e-m\libstdc++_s.a(class_type_info.o)
                0x00011f9c                __cxxabiv1::__class_type_info::__do_find_public_src(int, void const*, __cxxabiv1::__class_type_info const*, void const*) const
 .text._ZN10__cxxabiv117__class_type_infoD2Ev
                0x00011fa8       0x14 c:/freescale/kds_3.0.0/toolchain/bin/../lib/gcc/arm-none-eabi/4.8.4/../../../../arm-none-eabi/lib/armv7e-m\libstdc++_s.a(class_type_info.o)
                0x00011fa8                __cxxabiv1::__class_type_info::~__class_type_info()
                0x00011fa8                __cxxabiv1::__class_type_info::~__class_type_info()
 .text._ZN10__cxxabiv117__class_type_infoD0Ev
                0x00011fbc       0x12 c:/freescale/kds_3.0.0/toolchain/bin/../lib/gcc/arm-none-eabi/4.8.4/../../../../arm-none-eabi/lib/armv7e-m\libstdc++_s.a(class_type_info.o)
                0x00011fbc                __cxxabiv1::__class_type_info::~__class_type_info()
 .text._ZNK10__cxxabiv117__class_type_info11__do_upcastEPKS0_PKvRNS0_15__upcast_resultE
                0x00011fce       0x1a c:/freescale/kds_3.0.0/toolchain/bin/../lib/gcc/arm-none-eabi/4.8.4/../../../../arm-none-eabi/lib/armv7e-m\libstdc++_s.a(class_type_info.o)
                0x00011fce                __cxxabiv1::__class_type_info::__do_upcast(__cxxabiv1::__class_type_info const*, void const*, __cxxabiv1::__class_type_info::__upcast_result&) const
 .text._ZNK10__cxxabiv117__class_type_info10__do_catchEPKSt9type_infoPPvj
                0x00011fe8       0x26 c:/freescale/kds_3.0.0/toolchain/bin/../lib/gcc/arm-none-eabi/4.8.4/../../../../arm-none-eabi/lib/armv7e-m\libstdc++_s.a(class_type_info.o)
                0x00011fe8                __cxxabiv1::__class_type_info::__do_catch(std::type_info const*, void**, unsigned int) const
 .text._ZNK10__cxxabiv117__class_type_info12__do_dyncastEiNS0_10__sub_kindEPKS0_PKvS3_S5_RNS0_16__dyncast_resultE
                0x0001200e       0x38 c:/freescale/kds_3.0.0/toolchain/bin/../lib/gcc/arm-none-eabi/4.8.4/../../../../arm-none-eabi/lib/armv7e-m\libstdc++_s.a(class_type_info.o)
                0x0001200e                __cxxabiv1::__class_type_info::__do_dyncast(int, __cxxabiv1::__class_type_info::__sub_kind, __cxxabiv1::__class_type_info const*, void const*, __cxxabiv1::__class_type_info const*, void const*, __cxxabiv1::__class_type_info::__dyncast_result&) const
 .text._ZL12read_uleb128PKhPm
                0x00012046       0x20 c:/freescale/kds_3.0.0/toolchain/bin/../lib/gcc/arm-none-eabi/4.8.4/../../../../arm-none-eabi/lib/armv7e-m\libstdc++_s.a(eh_personality.o)
 .text._ZL12read_sleb128PKhPl
                0x00012066       0x30 c:/freescale/kds_3.0.0/toolchain/bin/../lib/gcc/arm-none-eabi/4.8.4/../../../../arm-none-eabi/lib/armv7e-m\libstdc++_s.a(eh_personality.o)
 .text._ZL28read_encoded_value_with_basehjPKhPj
                0x00012096       0x8e c:/freescale/kds_3.0.0/toolchain/bin/../lib/gcc/arm-none-eabi/4.8.4/../../../../arm-none-eabi/lib/armv7e-m\libstdc++_s.a(eh_personality.o)
 .text._ZL21base_of_encoded_valuehP15_Unwind_Context
                0x00012124       0x48 c:/freescale/kds_3.0.0/toolchain/bin/../lib/gcc/arm-none-eabi/4.8.4/../../../../arm-none-eabi/lib/armv7e-m\libstdc++_s.a(eh_personality.o)
 .text._ZL18read_encoded_valueP15_Unwind_ContexthPKhPj
                0x0001216c       0x24 c:/freescale/kds_3.0.0/toolchain/bin/../lib/gcc/arm-none-eabi/4.8.4/../../../../arm-none-eabi/lib/armv7e-m\libstdc++_s.a(eh_personality.o)
 .text._ZL17parse_lsda_headerP15_Unwind_ContextPKhP16lsda_header_info
                0x00012190       0x60 c:/freescale/kds_3.0.0/toolchain/bin/../lib/gcc/arm-none-eabi/4.8.4/../../../../arm-none-eabi/lib/armv7e-m\libstdc++_s.a(eh_personality.o)
 .text._Unwind_GetGR
                0x000121f0       0x18 c:/freescale/kds_3.0.0/toolchain/bin/../lib/gcc/arm-none-eabi/4.8.4/../../../../arm-none-eabi/lib/armv7e-m\libstdc++_s.a(eh_personality.o)
 .text.__gxx_personality_v0
                0x00012208      0x344 c:/freescale/kds_3.0.0/toolchain/bin/../lib/gcc/arm-none-eabi/4.8.4/../../../../arm-none-eabi/lib/armv7e-m\libstdc++_s.a(eh_personality.o)
                0x00012208                __gxx_personality_v0
 .text.__cxa_get_globals
                0x0001254c        0x8 c:/freescale/kds_3.0.0/toolchain/bin/../lib/gcc/arm-none-eabi/4.8.4/../../../../arm-none-eabi/lib/armv7e-m\libstdc++_s.a(eh_globals.o)
                0x0001254c                __cxa_get_globals
 .text._ZN10__cxxabiv121__vmi_class_type_infoD2Ev
                0x00012554       0x14 c:/freescale/kds_3.0.0/toolchain/bin/../lib/gcc/arm-none-eabi/4.8.4/../../../../arm-none-eabi/lib/armv7e-m\libstdc++_s.a(vmi_class_type_info.o)
                0x00012554                __cxxabiv1::__vmi_class_type_info::~__vmi_class_type_info()
                0x00012554                __cxxabiv1::__vmi_class_type_info::~__vmi_class_type_info()
 .text._ZN10__cxxabiv121__vmi_class_type_infoD0Ev
                0x00012568       0x12 c:/freescale/kds_3.0.0/toolchain/bin/../lib/gcc/arm-none-eabi/4.8.4/../../../../arm-none-eabi/lib/armv7e-m\libstdc++_s.a(vmi_class_type_info.o)
                0x00012568                __cxxabiv1::__vmi_class_type_info::~__vmi_class_type_info()
 .text._ZNK10__cxxabiv121__vmi_class_type_info20__do_find_public_srcEiPKvPKNS_17__class_type_infoES2_
                0x0001257a       0x7a c:/freescale/kds_3.0.0/toolchain/bin/../lib/gcc/arm-none-eabi/4.8.4/../../../../arm-none-eabi/lib/armv7e-m\libstdc++_s.a(vmi_class_type_info.o)
                0x0001257a                __cxxabiv1::__vmi_class_type_info::__do_find_public_src(int, void const*, __cxxabiv1::__class_type_info const*, void const*) const
 .text._ZNK10__cxxabiv117__class_type_info17__find_public_srcEiPKvPKS0_S2_
                0x000125f4       0x28 c:/freescale/kds_3.0.0/toolchain/bin/../lib/gcc/arm-none-eabi/4.8.4/../../../../arm-none-eabi/lib/armv7e-m\libstdc++_s.a(vmi_class_type_info.o)
                0x000125f4                __cxxabiv1::__class_type_info::__find_public_src(int, void const*, __cxxabiv1::__class_type_info const*, void const*) const
 .text._ZNK10__cxxabiv121__vmi_class_type_info12__do_dyncastEiNS_17__class_type_info10__sub_kindEPKS1_PKvS4_S6_RNS1_16__dyncast_resultE
                0x0001261c      0x26e c:/freescale/kds_3.0.0/toolchain/bin/../lib/gcc/arm-none-eabi/4.8.4/../../../../arm-none-eabi/lib/armv7e-m\libstdc++_s.a(vmi_class_type_info.o)
                0x0001261c                __cxxabiv1::__vmi_class_type_info::__do_dyncast(int, __cxxabiv1::__class_type_info::__sub_kind, __cxxabiv1::__class_type_info const*, void const*, __cxxabiv1::__class_type_info const*, void const*, __cxxabiv1::__class_type_info::__dyncast_result&) const
 .text._ZNK10__cxxabiv121__vmi_class_type_info11__do_upcastEPKNS_17__class_type_infoEPKvRNS1_15__upcast_resultE
                0x0001288a      0x126 c:/freescale/kds_3.0.0/toolchain/bin/../lib/gcc/arm-none-eabi/4.8.4/../../../../arm-none-eabi/lib/armv7e-m\libstdc++_s.a(vmi_class_type_info.o)
                0x0001288a                __cxxabiv1::__vmi_class_type_info::__do_upcast(__cxxabiv1::__class_type_info const*, void const*, __cxxabiv1::__class_type_info::__upcast_result&) const
 .text._ZN10__cxxabiv120__si_class_type_infoD2Ev
                0x000129b0       0x14 c:/freescale/kds_3.0.0/toolchain/bin/../lib/gcc/arm-none-eabi/4.8.4/../../../../arm-none-eabi/lib/armv7e-m\libstdc++_s.a(si_class_type_info.o)
                0x000129b0                __cxxabiv1::__si_class_type_info::~__si_class_type_info()
                0x000129b0                __cxxabiv1::__si_class_type_info::~__si_class_type_info()
 .text._ZN10__cxxabiv120__si_class_type_infoD0Ev
                0x000129c4       0x12 c:/freescale/kds_3.0.0/toolchain/bin/../lib/gcc/arm-none-eabi/4.8.4/../../../../arm-none-eabi/lib/armv7e-m\libstdc++_s.a(si_class_type_info.o)
                0x000129c4                __cxxabiv1::__si_class_type_info::~__si_class_type_info()
 .text._ZNK10__cxxabiv120__si_class_type_info20__do_find_public_srcEiPKvPKNS_17__class_type_infoES2_
                0x000129d6       0x34 c:/freescale/kds_3.0.0/toolchain/bin/../lib/gcc/arm-none-eabi/4.8.4/../../../../arm-none-eabi/lib/armv7e-m\libstdc++_s.a(si_class_type_info.o)
                0x000129d6                __cxxabiv1::__si_class_type_info::__do_find_public_src(int, void const*, __cxxabiv1::__class_type_info const*, void const*) const
 .text._ZNK10__cxxabiv120__si_class_type_info12__do_dyncastEiNS_17__class_type_info10__sub_kindEPKS1_PKvS4_S6_RNS1_16__dyncast_resultE
                0x00012a0a       0x7c c:/freescale/kds_3.0.0/toolchain/bin/../lib/gcc/arm-none-eabi/4.8.4/../../../../arm-none-eabi/lib/armv7e-m\libstdc++_s.a(si_class_type_info.o)
                0x00012a0a                __cxxabiv1::__si_class_type_info::__do_dyncast(int, __cxxabiv1::__class_type_info::__sub_kind, __cxxabiv1::__class_type_info const*, void const*, __cxxabiv1::__class_type_info const*, void const*, __cxxabiv1::__class_type_info::__dyncast_result&) const
 .text._ZNK10__cxxabiv120__si_class_type_info11__do_upcastEPKNS_17__class_type_infoEPKvRNS1_15__upcast_resultE
                0x00012a86       0x24 c:/freescale/kds_3.0.0/toolchain/bin/../lib/gcc/arm-none-eabi/4.8.4/../../../../arm-none-eabi/lib/armv7e-m\libstdc++_s.a(si_class_type_info.o)
                0x00012a86                __cxxabiv1::__si_class_type_info::__do_upcast(__cxxabiv1::__class_type_info const*, void const*, __cxxabiv1::__class_type_info::__upcast_result&) const
 *fill*         0x00012aaa        0x2 
 .text._ZN9__gnu_cxx27__verbose_terminate_handlerEv
                0x00012aac       0x98 c:/freescale/kds_3.0.0/toolchain/bin/../lib/gcc/arm-none-eabi/4.8.4/../../../../arm-none-eabi/lib/armv7e-m\libstdc++_s.a(vterminate.o)
                0x00012aac                __gnu_cxx::__verbose_terminate_handler()
 .text.__cxa_current_exception_type
                0x00012b44       0x1a c:/freescale/kds_3.0.0/toolchain/bin/../lib/gcc/arm-none-eabi/4.8.4/../../../../arm-none-eabi/lib/armv7e-m\libstdc++_s.a(eh_type.o)
                0x00012b44                __cxa_current_exception_type
 .text._ZN10__cxxabiv1L24__is_gxx_exception_classEPc
                0x00012b5e       0x3a c:/freescale/kds_3.0.0/toolchain/bin/../lib/gcc/arm-none-eabi/4.8.4/../../../../arm-none-eabi/lib/armv7e-m\libstdc++_s.a(eh_call.o)
 .text.__cxa_call_terminate
                0x00012b98       0x1e c:/freescale/kds_3.0.0/toolchain/bin/../lib/gcc/arm-none-eabi/4.8.4/../../../../arm-none-eabi/lib/armv7e-m\libstdc++_s.a(eh_call.o)
                0x00012b98                __cxa_call_terminate
 .text.__cxa_call_unexpected
                0x00012bb6       0x28 c:/freescale/kds_3.0.0/toolchain/bin/../lib/gcc/arm-none-eabi/4.8.4/../../../../arm-none-eabi/lib/armv7e-m\libstdc++_s.a(eh_call.o)
                0x00012bb6                __cxa_call_unexpected
 .text._ZSt20__throw_out_of_rangePKc
                0x00012bde        0x6 c:/freescale/kds_3.0.0/toolchain/bin/../lib/gcc/arm-none-eabi/4.8.4/../../../../arm-none-eabi/lib/armv7e-m\libstdc++_s.a(functexcept.o)
                0x00012bde                std::__throw_out_of_range(char const*)
 .text._ZN10__cxxabiv1L24__is_gxx_exception_classEPc
                0x00012be4       0x3a c:/freescale/kds_3.0.0/toolchain/bin/../lib/gcc/arm-none-eabi/4.8.4/../../../../arm-none-eabi/lib/armv7e-m\libstdc++_s.a(eh_catch.o)
 .text.__cxa_begin_catch
                0x00012c1e       0x52 c:/freescale/kds_3.0.0/toolchain/bin/../lib/gcc/arm-none-eabi/4.8.4/../../../../arm-none-eabi/lib/armv7e-m\libstdc++_s.a(eh_catch.o)
                0x00012c1e                __cxa_begin_catch
 .text._ZNSt9type_infoD2Ev
                0x00012c70        0xc c:/freescale/kds_3.0.0/toolchain/bin/../lib/gcc/arm-none-eabi/4.8.4/../../../../arm-none-eabi/lib/armv7e-m\libstdc++_s.a(tinfo.o)
                0x00012c70                std::type_info::~type_info()
                0x00012c70                std::type_info::~type_info()
 .text._ZNKSt9type_info14__is_pointer_pEv
                0x00012c7c        0x4 c:/freescale/kds_3.0.0/toolchain/bin/../lib/gcc/arm-none-eabi/4.8.4/../../../../arm-none-eabi/lib/armv7e-m\libstdc++_s.a(tinfo.o)
                0x00012c7c                std::type_info::__is_pointer_p() const
 .text._ZNKSt9type_info15__is_function_pEv
                0x00012c80        0x4 c:/freescale/kds_3.0.0/toolchain/bin/../lib/gcc/arm-none-eabi/4.8.4/../../../../arm-none-eabi/lib/armv7e-m\libstdc++_s.a(tinfo.o)
                0x00012c80                std::type_info::__is_function_p() const
 .text._ZNKSt9type_info11__do_upcastEPKN10__cxxabiv117__class_type_infoEPPv
                0x00012c84        0x4 c:/freescale/kds_3.0.0/toolchain/bin/../lib/gcc/arm-none-eabi/4.8.4/../../../../arm-none-eabi/lib/armv7e-m\libstdc++_s.a(tinfo.o)
                0x00012c84                std::type_info::__do_upcast(__cxxabiv1::__class_type_info const*, void**) const
 .text._ZNSt9type_infoD0Ev
                0x00012c88       0x14 c:/freescale/kds_3.0.0/toolchain/bin/../lib/gcc/arm-none-eabi/4.8.4/../../../../arm-none-eabi/lib/armv7e-m\libstdc++_s.a(tinfo.o)
                0x00012c88                std::type_info::~type_info()
 .text._ZNKSt9type_infoeqERKS_
                0x00012c9c       0x2e c:/freescale/kds_3.0.0/toolchain/bin/../lib/gcc/arm-none-eabi/4.8.4/../../../../arm-none-eabi/lib/armv7e-m\libstdc++_s.a(tinfo.o)
                0x00012c9c                std::type_info::operator==(std::type_info const&) const
 .text._ZNKSt9type_info10__do_catchEPKS_PPvj
                0x00012cca        0x4 c:/freescale/kds_3.0.0/toolchain/bin/../lib/gcc/arm-none-eabi/4.8.4/../../../../arm-none-eabi/lib/armv7e-m\libstdc++_s.a(tinfo.o)
                0x00012cca                std::type_info::__do_catch(std::type_info const*, void**, unsigned int) const
 .text._ZdlPv   0x00012cce        0x8 c:/freescale/kds_3.0.0/toolchain/bin/../lib/gcc/arm-none-eabi/4.8.4/../../../../arm-none-eabi/lib/armv7e-m\libstdc++_s.a(del_op.o)
                0x00012cce                operator delete(void*)
 .text.abort    0x00012cd6        0xe c:/freescale/kds_3.0.0/toolchain/bin/../lib/gcc/arm-none-eabi/4.8.4/../../../../arm-none-eabi/lib/armv7e-m\libg_s.a(lib_a-abort.o)
                0x00012cd6                abort
 .text.exit     0x00012ce4       0x28 c:/freescale/kds_3.0.0/toolchain/bin/../lib/gcc/arm-none-eabi/4.8.4/../../../../arm-none-eabi/lib/armv7e-m\libg_s.a(lib_a-exit.o)
                0x00012ce4                exit
 .text._fputs_r
                0x00012d0c       0xa8 c:/freescale/kds_3.0.0/toolchain/bin/../lib/gcc/arm-none-eabi/4.8.4/../../../../arm-none-eabi/lib/armv7e-m\libg_s.a(lib_a-fputs.o)
                0x00012d0c                _fputs_r
 .text.fputs    0x00012db4       0x14 c:/freescale/kds_3.0.0/toolchain/bin/../lib/gcc/arm-none-eabi/4.8.4/../../../../arm-none-eabi/lib/armv7e-m\libg_s.a(lib_a-fputs.o)
                0x00012db4                fputs
 .text.__libc_init_array
                0x00012dc8       0x4c c:/freescale/kds_3.0.0/toolchain/bin/../lib/gcc/arm-none-eabi/4.8.4/../../../../arm-none-eabi/lib/armv7e-m\libg_s.a(lib_a-init.o)
                0x00012dc8                __libc_init_array
 .text.free     0x00012e14       0x10 c:/freescale/kds_3.0.0/toolchain/bin/../lib/gcc/arm-none-eabi/4.8.4/../../../../arm-none-eabi/lib/armv7e-m\libg_s.a(lib_a-malloc.o)
                0x00012e14                free
 .text.memcmp   0x00012e24       0x1e c:/freescale/kds_3.0.0/toolchain/bin/../lib/gcc/arm-none-eabi/4.8.4/../../../../arm-none-eabi/lib/armv7e-m\libg_s.a(lib_a-memcmp.o)
                0x00012e24                memcmp
 .text.memcpy   0x00012e42       0x12 c:/freescale/kds_3.0.0/toolchain/bin/../lib/gcc/arm-none-eabi/4.8.4/../../../../arm-none-eabi/lib/armv7e-m\libg_s.a(lib_a-memcpy-stub.o)
                0x00012e42                memcpy
 .text.memmove  0x00012e54       0x36 c:/freescale/kds_3.0.0/toolchain/bin/../lib/gcc/arm-none-eabi/4.8.4/../../../../arm-none-eabi/lib/armv7e-m\libg_s.a(lib_a-memmove.o)
                0x00012e54                memmove
 .text.memset   0x00012e8a       0x10 c:/freescale/kds_3.0.0/toolchain/bin/../lib/gcc/arm-none-eabi/4.8.4/../../../../arm-none-eabi/lib/armv7e-m\libg_s.a(lib_a-memset.o)
                0x00012e8a                memset
 *fill*         0x00012e9a        0x2 
 .text._free_r  0x00012e9c       0x88 c:/freescale/kds_3.0.0/toolchain/bin/../lib/gcc/arm-none-eabi/4.8.4/../../../../arm-none-eabi/lib/armv7e-m\libg_s.a(lib_a-nano-freer.o)
                0x00012e9c                _free_r
 .text._malloc_r
                0x00012f24       0xa8 c:/freescale/kds_3.0.0/toolchain/bin/../lib/gcc/arm-none-eabi/4.8.4/../../../../arm-none-eabi/lib/armv7e-m\libg_s.a(lib_a-nano-mallocr.o)
                0x00012f24                _malloc_r
 .text.swapfunc
                0x00012fcc       0x30 c:/freescale/kds_3.0.0/toolchain/bin/../lib/gcc/arm-none-eabi/4.8.4/../../../../arm-none-eabi/lib/armv7e-m\libg_s.a(lib_a-qsort.o)
 .text.med3     0x00012ffc       0x44 c:/freescale/kds_3.0.0/toolchain/bin/../lib/gcc/arm-none-eabi/4.8.4/../../../../arm-none-eabi/lib/armv7e-m\libg_s.a(lib_a-qsort.o)
 .text.qsort    0x00013040      0x278 c:/freescale/kds_3.0.0/toolchain/bin/../lib/gcc/arm-none-eabi/4.8.4/../../../../arm-none-eabi/lib/armv7e-m\libg_s.a(lib_a-qsort.o)
                0x00013040                qsort
 .text.realloc  0x000132b8       0x14 c:/freescale/kds_3.0.0/toolchain/bin/../lib/gcc/arm-none-eabi/4.8.4/../../../../arm-none-eabi/lib/armv7e-m\libg_s.a(lib_a-realloc.o)
                0x000132b8                realloc
 .text._sbrk_r  0x000132cc       0x20 c:/freescale/kds_3.0.0/toolchain/bin/../lib/gcc/arm-none-eabi/4.8.4/../../../../arm-none-eabi/lib/armv7e-m\libg_s.a(lib_a-sbrkr.o)
                0x000132cc                _sbrk_r
 .text._raise_r
                0x000132ec       0x50 c:/freescale/kds_3.0.0/toolchain/bin/../lib/gcc/arm-none-eabi/4.8.4/../../../../arm-none-eabi/lib/armv7e-m\libg_s.a(lib_a-signal.o)
                0x000132ec                _raise_r
 .text.raise    0x0001333c       0x10 c:/freescale/kds_3.0.0/toolchain/bin/../lib/gcc/arm-none-eabi/4.8.4/../../../../arm-none-eabi/lib/armv7e-m\libg_s.a(lib_a-signal.o)
                0x0001333c                raise
 .text._kill_r  0x0001334c       0x24 c:/freescale/kds_3.0.0/toolchain/bin/../lib/gcc/arm-none-eabi/4.8.4/../../../../arm-none-eabi/lib/armv7e-m\libg_s.a(lib_a-signalr.o)
                0x0001334c                _kill_r
 .text._getpid_r
                0x00013370        0x4 c:/freescale/kds_3.0.0/toolchain/bin/../lib/gcc/arm-none-eabi/4.8.4/../../../../arm-none-eabi/lib/armv7e-m\libg_s.a(lib_a-signalr.o)
                0x00013370                _getpid_r
 .text.sprintf  0x00013374       0x48 c:/freescale/kds_3.0.0/toolchain/bin/../lib/gcc/arm-none-eabi/4.8.4/../../../../arm-none-eabi/lib/armv7e-m\libg_s.a(lib_a-sprintf.o)
                0x00013374                siprintf
                0x00013374                sprintf
 .text.strlen   0x000133bc       0x10 c:/freescale/kds_3.0.0/toolchain/bin/../lib/gcc/arm-none-eabi/4.8.4/../../../../arm-none-eabi/lib/armv7e-m\libg_s.a(lib_a-strlen.o)
                0x000133bc                strlen
 .text.strncmp  0x000133cc       0x2e c:/freescale/kds_3.0.0/toolchain/bin/../lib/gcc/arm-none-eabi/4.8.4/../../../../arm-none-eabi/lib/armv7e-m\libg_s.a(lib_a-strncmp.o)
                0x000133cc                strncmp
 .text.__ssputs_r
                0x000133fa       0xb8 c:/freescale/kds_3.0.0/toolchain/bin/../lib/gcc/arm-none-eabi/4.8.4/../../../../arm-none-eabi/lib/armv7e-m\libg_s.a(lib_a-svfprintf.o)
                0x000133fa                __ssputs_r
 *fill*         0x000134b2        0x2 
 .text._svfprintf_r
                0x000134b4      0x1dc c:/freescale/kds_3.0.0/toolchain/bin/../lib/gcc/arm-none-eabi/4.8.4/../../../../arm-none-eabi/lib/armv7e-m\libg_s.a(lib_a-svfprintf.o)
                0x000134b4                _svfiprintf_r
                0x000134b4                _svfprintf_r
 .text._printf_common
                0x00013690       0xe4 c:/freescale/kds_3.0.0/toolchain/bin/../lib/gcc/arm-none-eabi/4.8.4/../../../../arm-none-eabi/lib/armv7e-m\libg_s.a(lib_a-vfprintf_i.o)
                0x00013690                _printf_common
 .text._printf_i
                0x00013774      0x228 c:/freescale/kds_3.0.0/toolchain/bin/../lib/gcc/arm-none-eabi/4.8.4/../../../../arm-none-eabi/lib/armv7e-m\libg_s.a(lib_a-vfprintf_i.o)
                0x00013774                _printf_i
 .text.__swbuf_r
                0x0001399c       0xa8 c:/freescale/kds_3.0.0/toolchain/bin/../lib/gcc/arm-none-eabi/4.8.4/../../../../arm-none-eabi/lib/armv7e-m\libg_s.a(lib_a-wbuf.o)
                0x0001399c                __swbuf_r
 .text._write_r
                0x00013a44       0x24 c:/freescale/kds_3.0.0/toolchain/bin/../lib/gcc/arm-none-eabi/4.8.4/../../../../arm-none-eabi/lib/armv7e-m\libg_s.a(lib_a-writer.o)
                0x00013a44                _write_r
 .text.__swsetup_r
                0x00013a68       0xdc c:/freescale/kds_3.0.0/toolchain/bin/../lib/gcc/arm-none-eabi/4.8.4/../../../../arm-none-eabi/lib/armv7e-m\libg_s.a(lib_a-wsetup.o)
                0x00013a68                __swsetup_r
 .text.__sflush_r
                0x00013b44      0x106 c:/freescale/kds_3.0.0/toolchain/bin/../lib/gcc/arm-none-eabi/4.8.4/../../../../arm-none-eabi/lib/armv7e-m\libg_s.a(lib_a-fflush.o)
                0x00013b44                __sflush_r
 *fill*         0x00013c4a        0x2 
 .text._fflush_r
                0x00013c4c       0x54 c:/freescale/kds_3.0.0/toolchain/bin/../lib/gcc/arm-none-eabi/4.8.4/../../../../arm-none-eabi/lib/armv7e-m\libg_s.a(lib_a-fflush.o)
                0x00013c4c                _fflush_r
 .text._cleanup_r
                0x00013ca0       0x32 c:/freescale/kds_3.0.0/toolchain/bin/../lib/gcc/arm-none-eabi/4.8.4/../../../../arm-none-eabi/lib/armv7e-m\libg_s.a(lib_a-findfp.o)
                0x00013ca0                _cleanup_r
 *fill*         0x00013cd2        0x2 
 .text.std.isra.0
                0x00013cd4       0x48 c:/freescale/kds_3.0.0/toolchain/bin/../lib/gcc/arm-none-eabi/4.8.4/../../../../arm-none-eabi/lib/armv7e-m\libg_s.a(lib_a-findfp.o)
 .text.__sfmoreglue
                0x00013d1c       0x2c c:/freescale/kds_3.0.0/toolchain/bin/../lib/gcc/arm-none-eabi/4.8.4/../../../../arm-none-eabi/lib/armv7e-m\libg_s.a(lib_a-findfp.o)
                0x00013d1c                __sfmoreglue
 .text.__sinit  0x00013d48       0x60 c:/freescale/kds_3.0.0/toolchain/bin/../lib/gcc/arm-none-eabi/4.8.4/../../../../arm-none-eabi/lib/armv7e-m\libg_s.a(lib_a-findfp.o)
                0x00013d48                __sinit
 .text.__sfp    0x00013da8       0x74 c:/freescale/kds_3.0.0/toolchain/bin/../lib/gcc/arm-none-eabi/4.8.4/../../../../arm-none-eabi/lib/armv7e-m\libg_s.a(lib_a-findfp.o)
                0x00013da8                __sfp
 .text.__smakebuf_r
                0x00013e1c       0x9c c:/freescale/kds_3.0.0/toolchain/bin/../lib/gcc/arm-none-eabi/4.8.4/../../../../arm-none-eabi/lib/armv7e-m\libg_s.a(lib_a-makebuf.o)
                0x00013e1c                __smakebuf_r
 .text.memchr   0x00013eb8       0x1e c:/freescale/kds_3.0.0/toolchain/bin/../lib/gcc/arm-none-eabi/4.8.4/../../../../arm-none-eabi/lib/armv7e-m\libg_s.a(lib_a-memchr-stub.o)
                0x00013eb8                memchr
 .text._realloc_r
                0x00013ed6       0x4c c:/freescale/kds_3.0.0/toolchain/bin/../lib/gcc/arm-none-eabi/4.8.4/../../../../arm-none-eabi/lib/armv7e-m\libg_s.a(lib_a-nano-reallocr.o)
                0x00013ed6                _realloc_r
 .text.__sread  0x00013f22       0x22 c:/freescale/kds_3.0.0/toolchain/bin/../lib/gcc/arm-none-eabi/4.8.4/../../../../arm-none-eabi/lib/armv7e-m\libg_s.a(lib_a-stdio.o)
                0x00013f22                __sread
 .text.__swrite
                0x00013f44       0x38 c:/freescale/kds_3.0.0/toolchain/bin/../lib/gcc/arm-none-eabi/4.8.4/../../../../arm-none-eabi/lib/armv7e-m\libg_s.a(lib_a-stdio.o)
                0x00013f44                __swrite
 .text.__sseek  0x00013f7c       0x24 c:/freescale/kds_3.0.0/toolchain/bin/../lib/gcc/arm-none-eabi/4.8.4/../../../../arm-none-eabi/lib/armv7e-m\libg_s.a(lib_a-stdio.o)
                0x00013f7c                __sseek
 .text.__sclose
                0x00013fa0        0x8 c:/freescale/kds_3.0.0/toolchain/bin/../lib/gcc/arm-none-eabi/4.8.4/../../../../arm-none-eabi/lib/armv7e-m\libg_s.a(lib_a-stdio.o)
                0x00013fa0                __sclose
 .text._close_r
                0x00013fa8       0x20 c:/freescale/kds_3.0.0/toolchain/bin/../lib/gcc/arm-none-eabi/4.8.4/../../../../arm-none-eabi/lib/armv7e-m\libg_s.a(lib_a-closer.o)
                0x00013fa8                _close_r
 .text._fstat_r
                0x00013fc8       0x24 c:/freescale/kds_3.0.0/toolchain/bin/../lib/gcc/arm-none-eabi/4.8.4/../../../../arm-none-eabi/lib/armv7e-m\libg_s.a(lib_a-fstatr.o)
                0x00013fc8                _fstat_r
 .text._isatty_r
                0x00013fec       0x20 c:/freescale/kds_3.0.0/toolchain/bin/../lib/gcc/arm-none-eabi/4.8.4/../../../../arm-none-eabi/lib/armv7e-m\libg_s.a(lib_a-isattyr.o)
                0x00013fec                _isatty_r
 .text._lseek_r
                0x0001400c       0x24 c:/freescale/kds_3.0.0/toolchain/bin/../lib/gcc/arm-none-eabi/4.8.4/../../../../arm-none-eabi/lib/armv7e-m\libg_s.a(lib_a-lseekr.o)
                0x0001400c                _lseek_r
 .text._malloc_usable_size_r
                0x00014030       0x12 c:/freescale/kds_3.0.0/toolchain/bin/../lib/gcc/arm-none-eabi/4.8.4/../../../../arm-none-eabi/lib/armv7e-m\libg_s.a(lib_a-nano-msizer.o)
                0x00014030                _malloc_usable_size_r
 *fill*         0x00014042        0x2 
 .text._read_r  0x00014044       0x24 c:/freescale/kds_3.0.0/toolchain/bin/../lib/gcc/arm-none-eabi/4.8.4/../../../../arm-none-eabi/lib/armv7e-m\libg_s.a(lib_a-readr.o)
                0x00014044                _read_r
 .text._close   0x00014068       0x10 c:/freescale/kds_3.0.0/toolchain/bin/../lib/gcc/arm-none-eabi/4.8.4/../../../../arm-none-eabi/lib/armv7e-m\libnosys.a(close.o)
                0x00014068                _close
 .text._fstat   0x00014078       0x10 c:/freescale/kds_3.0.0/toolchain/bin/../lib/gcc/arm-none-eabi/4.8.4/../../../../arm-none-eabi/lib/armv7e-m\libnosys.a(fstat.o)
                0x00014078                _fstat
 .text._getpid  0x00014088       0x10 c:/freescale/kds_3.0.0/toolchain/bin/../lib/gcc/arm-none-eabi/4.8.4/../../../../arm-none-eabi/lib/armv7e-m\libnosys.a(getpid.o)
                0x00014088                _getpid
 .text._isatty  0x00014098       0x10 c:/freescale/kds_3.0.0/toolchain/bin/../lib/gcc/arm-none-eabi/4.8.4/../../../../arm-none-eabi/lib/armv7e-m\libnosys.a(isatty.o)
                0x00014098                _isatty
 .text._kill    0x000140a8       0x10 c:/freescale/kds_3.0.0/toolchain/bin/../lib/gcc/arm-none-eabi/4.8.4/../../../../arm-none-eabi/lib/armv7e-m\libnosys.a(kill.o)
                0x000140a8                _kill
 .text._lseek   0x000140b8       0x10 c:/freescale/kds_3.0.0/toolchain/bin/../lib/gcc/arm-none-eabi/4.8.4/../../../../arm-none-eabi/lib/armv7e-m\libnosys.a(lseek.o)
                0x000140b8                _lseek
 .text._read    0x000140c8       0x10 c:/freescale/kds_3.0.0/toolchain/bin/../lib/gcc/arm-none-eabi/4.8.4/../../../../arm-none-eabi/lib/armv7e-m\libnosys.a(read.o)
                0x000140c8                _read
 .text._sbrk    0x000140d8       0x34 c:/freescale/kds_3.0.0/toolchain/bin/../lib/gcc/arm-none-eabi/4.8.4/../../../../arm-none-eabi/lib/armv7e-m\libnosys.a(sbrk.o)
                0x000140d8                _sbrk
 .text._write   0x0001410c       0x10 c:/freescale/kds_3.0.0/toolchain/bin/../lib/gcc/arm-none-eabi/4.8.4/../../../../arm-none-eabi/lib/armv7e-m\libnosys.a(write.o)
                0x0001410c                _write
 .text._exit    0x0001411c        0x4 c:/freescale/kds_3.0.0/toolchain/bin/../lib/gcc/arm-none-eabi/4.8.4/../../../../arm-none-eabi/lib/armv7e-m\libnosys.a(_exit.o)
                0x0001411c                _exit
 *(.rodata)
 .rodata        0x00014120       0x34 ./Sources/main.o
 .rodata        0x00014154       0x10 ./Sources/spi_next.o
 .rodata        0x00014164      0x738 c:/freescale/kds_3.0.0/toolchain/bin/../lib/gcc/arm-none-eabi/4.8.4/../../../../arm-none-eabi/lib/armv7e-m\libstdc++_s.a(cp-demangle.o)
 *(.rodata*)
 .rodata.ClockGenModeMatrix
                0x0001489c       0x80 ./Static_Code/System/CPU_Init.o
 .rodata.CPU_ClockConfigDescriptors
                0x0001491c       0x38 ./Static_Code/System/CPU_Init.o
 .rodata.CPU_DefaultFEI
                0x00014954        0x8 ./Static_Code/System/CPU_Init.o
 .rodata.CPU_DefaultFBI
                0x0001495c        0x8 ./Static_Code/System/CPU_Init.o
 .rodata.CPU_DefaultBLPI
                0x00014964        0x8 ./Static_Code/System/CPU_Init.o
 .rodata.CPU_DefaultFEE
                0x0001496c        0x8 ./Static_Code/System/CPU_Init.o
 .rodata.CPU_DefaultFBE
                0x00014974        0x8 ./Static_Code/System/CPU_Init.o
 .rodata.CPU_DefaultBLPE
                0x0001497c        0x8 ./Static_Code/System/CPU_Init.o
 .rodata.CPU_DefaultPBE
                0x00014984        0x8 ./Static_Code/System/CPU_Init.o
 .rodata.CPU_DefaultPEE
                0x0001498c        0x8 ./Static_Code/System/CPU_Init.o
 .rodata.CPU_ClockGenModeRegs
                0x00014994       0x20 ./Static_Code/System/CPU_Init.o
 .rodata._ZL7font5x8
                0x000149b4      0x600 ./Sources/SSD1351.o
 .rodata._ZL15logo_final_dark
                0x00014fb4    0x10000 ./Sources/main.o
 .rodata._ZZNK14FingerJetFxOSE15FpRecEngineImpl8Embedded21FeatureExtractionImpl7a_point4nextEPKhjjbbE4offs
                0x00024fb4        0x8 C:\Users\lguillain\workspace.kds\FRFXLL\Debug\libnextExtract.a(lib_next_extract.o)
                0x00024fb4                FingerJetFxOSE::FpRecEngineImpl::Embedded::FeatureExtractionImpl::a_point::next(unsigned char const*, unsigned int, unsigned int, bool, bool) const::offs
 .rodata._ZZN14FingerJetFxOSE15FpRecEngineImpl8Embedded21FeatureExtractionImpl7biffilt9butterflyEaaE10confweight
                0x00024fbc       0x30 C:\Users\lguillain\workspace.kds\FRFXLL\Debug\libnextExtract.a(lib_next_extract.o)
                0x00024fbc                FingerJetFxOSE::FpRecEngineImpl::Embedded::FeatureExtractionImpl::biffilt::butterfly(signed char, signed char)::confweight
 .rodata._ZZN14FingerJetFxOSE3sinEhE8sinTable
                0x00024fec       0x80 C:\Users\lguillain\workspace.kds\FRFXLL\Debug\libnextExtract.a(lib_next_extract.o)
                0x00024fec                FingerJetFxOSE::sin(unsigned char)::sinTable
 .rodata._ZZN14FingerJetFxOSE5atan2EiiE4atan
                0x0002506c       0x64 C:\Users\lguillain\workspace.kds\FRFXLL\Debug\libnextExtract.a(lib_next_extract.o)
                0x0002506c                FingerJetFxOSE::atan2(int, int)::atan
 .rodata._ZZN14FingerJetFxOSE15FpRecEngineImpl8Embedded21FeatureExtractionImpl3FFT3sinEiE8sinTable
                0x000250d0       0x20 C:\Users\lguillain\workspace.kds\FRFXLL\Debug\libnextExtract.a(lib_next_extract.o)
                0x000250d0                FingerJetFxOSE::FpRecEngineImpl::Embedded::FeatureExtractionImpl::FFT::sin(int)::sinTable
 .rodata._ZTI23tag_FRFXLL_CONTEXT_INIT
                0x000250f0        0x8 C:\Users\lguillain\workspace.kds\FRFXLL\Debug\libnextExtract.a(lib_next_extract.o)
                0x000250f0                typeinfo for tag_FRFXLL_CONTEXT_INIT
 .rodata._ZTS23tag_FRFXLL_CONTEXT_INIT
                0x000250f8       0x1c C:\Users\lguillain\workspace.kds\FRFXLL\Debug\libnextExtract.a(lib_next_extract.o)
                0x000250f8                typeinfo name for tag_FRFXLL_CONTEXT_INIT
 .rodata._ZTIN14FingerJetFxOSE15FpRecEngineImpl10ObjectBaseE
                0x00025114        0x8 C:\Users\lguillain\workspace.kds\FRFXLL\Debug\libnextExtract.a(lib_next_extract.o)
                0x00025114                typeinfo for FingerJetFxOSE::FpRecEngineImpl::ObjectBase
 .rodata._ZTSN14FingerJetFxOSE15FpRecEngineImpl10ObjectBaseE
                0x0002511c       0x30 C:\Users\lguillain\workspace.kds\FRFXLL\Debug\libnextExtract.a(lib_next_extract.o)
                0x0002511c                typeinfo name for FingerJetFxOSE::FpRecEngineImpl::ObjectBase
 .rodata._ZTIN14FingerJetFxOSE15FpRecEngineImpl9SignatureILj1954447203ELj7632997EEE
                0x0002514c        0x8 C:\Users\lguillain\workspace.kds\FRFXLL\Debug\libnextExtract.a(lib_next_extract.o)
                0x0002514c                typeinfo for FingerJetFxOSE::FpRecEngineImpl::Signature<1954447203u, 7632997u>
 .rodata._ZTSN14FingerJetFxOSE15FpRecEngineImpl9SignatureILj1954447203ELj7632997EEE
                0x00025154       0x48 C:\Users\lguillain\workspace.kds\FRFXLL\Debug\libnextExtract.a(lib_next_extract.o)
                0x00025154                typeinfo name for FingerJetFxOSE::FpRecEngineImpl::Signature<1954447203u, 7632997u>
 .rodata._ZTIN14FingerJetFxOSE15FpRecEngineImpl9SignatureILj1702392902ELj7500920EEE
                0x0002519c        0x8 C:\Users\lguillain\workspace.kds\FRFXLL\Debug\libnextExtract.a(lib_next_extract.o)
                0x0002519c                typeinfo for FingerJetFxOSE::FpRecEngineImpl::Signature<1702392902u, 7500920u>
 .rodata._ZTSN14FingerJetFxOSE15FpRecEngineImpl9SignatureILj1702392902ELj7500920EEE
                0x000251a4       0x48 C:\Users\lguillain\workspace.kds\FRFXLL\Debug\libnextExtract.a(lib_next_extract.o)
                0x000251a4                typeinfo name for FingerJetFxOSE::FpRecEngineImpl::Signature<1702392902u, 7500920u>
 .rodata._ZTIN14FingerJetFxOSE15FpRecEngineImpl8HResultTIiEE
                0x000251ec        0x8 C:\Users\lguillain\workspace.kds\FRFXLL\Debug\libnextExtract.a(lib_next_extract.o)
                0x000251ec                typeinfo for FingerJetFxOSE::FpRecEngineImpl::HResultT<int>
 .rodata._ZTSN14FingerJetFxOSE15FpRecEngineImpl8HResultTIiEE
                0x000251f4       0x30 C:\Users\lguillain\workspace.kds\FRFXLL\Debug\libnextExtract.a(lib_next_extract.o)
                0x000251f4                typeinfo name for FingerJetFxOSE::FpRecEngineImpl::HResultT<int>
 .rodata._ZTIN14FingerJetFxOSE15FpRecEngineImpl6ObjectE
                0x00025224        0xc C:\Users\lguillain\workspace.kds\FRFXLL\Debug\libnextExtract.a(lib_next_extract.o)
                0x00025224                typeinfo for FingerJetFxOSE::FpRecEngineImpl::Object
 .rodata._ZTSN14FingerJetFxOSE15FpRecEngineImpl6ObjectE
                0x00025230       0x2c C:\Users\lguillain\workspace.kds\FRFXLL\Debug\libnextExtract.a(lib_next_extract.o)
                0x00025230                typeinfo name for FingerJetFxOSE::FpRecEngineImpl::Object
 .rodata._ZTIN14FingerJetFxOSE15FpRecEngineImpl7ContextE
                0x0002525c       0x28 C:\Users\lguillain\workspace.kds\FRFXLL\Debug\libnextExtract.a(lib_next_extract.o)
                0x0002525c                typeinfo for FingerJetFxOSE::FpRecEngineImpl::Context
 .rodata._ZTSN14FingerJetFxOSE15FpRecEngineImpl7ContextE
                0x00025284       0x2c C:\Users\lguillain\workspace.kds\FRFXLL\Debug\libnextExtract.a(lib_next_extract.o)
                0x00025284                typeinfo name for FingerJetFxOSE::FpRecEngineImpl::Context
 .rodata._ZTIN14FingerJetFxOSE15FpRecEngineImpl8Embedded6WriterE
                0x000252b0       0x18 C:\Users\lguillain\workspace.kds\FRFXLL\Debug\libnextExtract.a(lib_next_extract.o)
                0x000252b0                typeinfo for FingerJetFxOSE::FpRecEngineImpl::Embedded::Writer
 .rodata._ZTSN14FingerJetFxOSE15FpRecEngineImpl8Embedded6WriterE
                0x000252c8       0x34 C:\Users\lguillain\workspace.kds\FRFXLL\Debug\libnextExtract.a(lib_next_extract.o)
                0x000252c8                typeinfo name for FingerJetFxOSE::FpRecEngineImpl::Embedded::Writer
 .rodata._ZTIN14FingerJetFxOSE15FpRecEngineImpl20FeatureExtractionObjINS0_8Embedded17FeatureExtractionEEE
                0x000252fc       0x28 C:\Users\lguillain\workspace.kds\FRFXLL\Debug\libnextExtract.a(lib_next_extract.o)
                0x000252fc                typeinfo for FingerJetFxOSE::FpRecEngineImpl::FeatureExtractionObj<FingerJetFxOSE::FpRecEngineImpl::Embedded::FeatureExtraction>
 .rodata._ZTSN14FingerJetFxOSE15FpRecEngineImpl20FeatureExtractionObjINS0_8Embedded17FeatureExtractionEEE
                0x00025324       0x60 C:\Users\lguillain\workspace.kds\FRFXLL\Debug\libnextExtract.a(lib_next_extract.o)
                0x00025324                typeinfo name for FingerJetFxOSE::FpRecEngineImpl::FeatureExtractionObj<FingerJetFxOSE::FpRecEngineImpl::Embedded::FeatureExtraction>
 *fill*         0x00025384        0x4 
 .rodata._ZTVN14FingerJetFxOSE15FpRecEngineImpl6ObjectE
                0x00025388       0x10 C:\Users\lguillain\workspace.kds\FRFXLL\Debug\libnextExtract.a(lib_next_extract.o)
                0x00025388                vtable for FingerJetFxOSE::FpRecEngineImpl::Object
 .rodata._ZTVN14FingerJetFxOSE15FpRecEngineImpl7ContextE
                0x00025398       0x10 C:\Users\lguillain\workspace.kds\FRFXLL\Debug\libnextExtract.a(lib_next_extract.o)
                0x00025398                vtable for FingerJetFxOSE::FpRecEngineImpl::Context
 .rodata._ZTVN14FingerJetFxOSE15FpRecEngineImpl8Embedded6WriterE
                0x000253a8       0x10 C:\Users\lguillain\workspace.kds\FRFXLL\Debug\libnextExtract.a(lib_next_extract.o)
                0x000253a8                vtable for FingerJetFxOSE::FpRecEngineImpl::Embedded::Writer
 .rodata._ZTVN14FingerJetFxOSE15FpRecEngineImpl20FeatureExtractionObjINS0_8Embedded17FeatureExtractionEEE
                0x000253b8       0x10 C:\Users\lguillain\workspace.kds\FRFXLL\Debug\libnextExtract.a(lib_next_extract.o)
                0x000253b8                vtable for FingerJetFxOSE::FpRecEngineImpl::FeatureExtractionObj<FingerJetFxOSE::FpRecEngineImpl::Embedded::FeatureExtraction>
 .rodata.str1.4
                0x000253c8        0xc C:\Users\lguillain\workspace.kds\FRFXLL\Debug\libnextExtract.a(lib_next_extract.o)
 *fill*         0x000253d4        0x4 
 .rodata._ZTVN10__cxxabiv117__class_type_infoE
                0x000253d8       0x30 c:/freescale/kds_3.0.0/toolchain/bin/../lib/gcc/arm-none-eabi/4.8.4/../../../../arm-none-eabi/lib/armv7e-m\libstdc++_s.a(class_type_info.o)
                0x000253d8                vtable for __cxxabiv1::__class_type_info
 .rodata._ZTIN10__cxxabiv117__class_type_infoE
                0x00025408        0xc c:/freescale/kds_3.0.0/toolchain/bin/../lib/gcc/arm-none-eabi/4.8.4/../../../../arm-none-eabi/lib/armv7e-m\libstdc++_s.a(class_type_info.o)
                0x00025408                typeinfo for __cxxabiv1::__class_type_info
 .rodata._ZTSN10__cxxabiv117__class_type_infoE
                0x00025414       0x22 c:/freescale/kds_3.0.0/toolchain/bin/../lib/gcc/arm-none-eabi/4.8.4/../../../../arm-none-eabi/lib/armv7e-m\libstdc++_s.a(class_type_info.o)
                0x00025414                typeinfo name for __cxxabiv1::__class_type_info
 *fill*         0x00025436        0x2 
 .rodata._ZTIN10__cxxabiv121__vmi_class_type_infoE
                0x00025438        0xc c:/freescale/kds_3.0.0/toolchain/bin/../lib/gcc/arm-none-eabi/4.8.4/../../../../arm-none-eabi/lib/armv7e-m\libstdc++_s.a(vmi_class_type_info.o)
                0x00025438                typeinfo for __cxxabiv1::__vmi_class_type_info
 .rodata._ZTSN10__cxxabiv121__vmi_class_type_infoE
                0x00025444       0x26 c:/freescale/kds_3.0.0/toolchain/bin/../lib/gcc/arm-none-eabi/4.8.4/../../../../arm-none-eabi/lib/armv7e-m\libstdc++_s.a(vmi_class_type_info.o)
                0x00025444                typeinfo name for __cxxabiv1::__vmi_class_type_info
 *fill*         0x0002546a        0x6 
 .rodata._ZTVN10__cxxabiv121__vmi_class_type_infoE
                0x00025470       0x30 c:/freescale/kds_3.0.0/toolchain/bin/../lib/gcc/arm-none-eabi/4.8.4/../../../../arm-none-eabi/lib/armv7e-m\libstdc++_s.a(vmi_class_type_info.o)
                0x00025470                vtable for __cxxabiv1::__vmi_class_type_info
 .rodata._ZTVN10__cxxabiv120__si_class_type_infoE
                0x000254a0       0x30 c:/freescale/kds_3.0.0/toolchain/bin/../lib/gcc/arm-none-eabi/4.8.4/../../../../arm-none-eabi/lib/armv7e-m\libstdc++_s.a(si_class_type_info.o)
                0x000254a0                vtable for __cxxabiv1::__si_class_type_info
 .rodata._ZTIN10__cxxabiv120__si_class_type_infoE
                0x000254d0        0xc c:/freescale/kds_3.0.0/toolchain/bin/../lib/gcc/arm-none-eabi/4.8.4/../../../../arm-none-eabi/lib/armv7e-m\libstdc++_s.a(si_class_type_info.o)
                0x000254d0                typeinfo for __cxxabiv1::__si_class_type_info
 .rodata._ZTSN10__cxxabiv120__si_class_type_infoE
                0x000254dc       0x25 c:/freescale/kds_3.0.0/toolchain/bin/../lib/gcc/arm-none-eabi/4.8.4/../../../../arm-none-eabi/lib/armv7e-m\libstdc++_s.a(si_class_type_info.o)
                0x000254dc                typeinfo name for __cxxabiv1::__si_class_type_info
 .rodata.str1.1
                0x00025501       0x80 c:/freescale/kds_3.0.0/toolchain/bin/../lib/gcc/arm-none-eabi/4.8.4/../../../../arm-none-eabi/lib/armv7e-m\libstdc++_s.a(vterminate.o)
 *fill*         0x00025581        0x3 
 .rodata._ZTIN10__cxxabiv115__forced_unwindE
                0x00025584        0x8 c:/freescale/kds_3.0.0/toolchain/bin/../lib/gcc/arm-none-eabi/4.8.4/../../../../arm-none-eabi/lib/armv7e-m\libstdc++_s.a(eh_exception.o)
                0x00025584                typeinfo for __cxxabiv1::__forced_unwind
 .rodata._ZTSN10__cxxabiv119__foreign_exceptionE
                0x0002558c       0x24 c:/freescale/kds_3.0.0/toolchain/bin/../lib/gcc/arm-none-eabi/4.8.4/../../../../arm-none-eabi/lib/armv7e-m\libstdc++_s.a(eh_exception.o)
                0x0002558c                typeinfo name for __cxxabiv1::__foreign_exception
 .rodata._ZTIN10__cxxabiv119__foreign_exceptionE
                0x000255b0        0x8 c:/freescale/kds_3.0.0/toolchain/bin/../lib/gcc/arm-none-eabi/4.8.4/../../../../arm-none-eabi/lib/armv7e-m\libstdc++_s.a(eh_exception.o)
                0x000255b0                typeinfo for __cxxabiv1::__foreign_exception
 .rodata._ZTSN10__cxxabiv115__forced_unwindE
                0x000255b8       0x20 c:/freescale/kds_3.0.0/toolchain/bin/../lib/gcc/arm-none-eabi/4.8.4/../../../../arm-none-eabi/lib/armv7e-m\libstdc++_s.a(eh_exception.o)
                0x000255b8                typeinfo name for __cxxabiv1::__forced_unwind
 .rodata.str1.4
                0x000255d8      0x7f4 c:/freescale/kds_3.0.0/toolchain/bin/../lib/gcc/arm-none-eabi/4.8.4/../../../../arm-none-eabi/lib/armv7e-m\libstdc++_s.a(cp-demangle.o)
                                0x840 (size before relaxing)
 .rodata._ZTISt9type_info
                0x00025dcc        0x8 c:/freescale/kds_3.0.0/toolchain/bin/../lib/gcc/arm-none-eabi/4.8.4/../../../../arm-none-eabi/lib/armv7e-m\libstdc++_s.a(tinfo.o)
                0x00025dcc                typeinfo for std::type_info
 .rodata._ZTSSt9type_info
                0x00025dd4        0xd c:/freescale/kds_3.0.0/toolchain/bin/../lib/gcc/arm-none-eabi/4.8.4/../../../../arm-none-eabi/lib/armv7e-m\libstdc++_s.a(tinfo.o)
                0x00025dd4                typeinfo name for std::type_info
 *fill*         0x00025de1        0x7 
 .rodata._ZTVSt9type_info
                0x00025de8       0x20 c:/freescale/kds_3.0.0/toolchain/bin/../lib/gcc/arm-none-eabi/4.8.4/../../../../arm-none-eabi/lib/armv7e-m\libstdc++_s.a(tinfo.o)
                0x00025de8                vtable for std::type_info
 .rodata.str1.1
                0x00025e08        0x2 c:/freescale/kds_3.0.0/toolchain/bin/../lib/gcc/arm-none-eabi/4.8.4/../../../../arm-none-eabi/lib/armv7e-m\libg_s.a(lib_a-impure.o)
 *fill*         0x00025e0a        0x2 
 .rodata._global_impure_ptr
                0x00025e0c        0x4 c:/freescale/kds_3.0.0/toolchain/bin/../lib/gcc/arm-none-eabi/4.8.4/../../../../arm-none-eabi/lib/armv7e-m\libg_s.a(lib_a-impure.o)
                0x00025e0c                _global_impure_ptr
 .rodata.str1.1
                0x00025e10       0x11 c:/freescale/kds_3.0.0/toolchain/bin/../lib/gcc/arm-none-eabi/4.8.4/../../../../arm-none-eabi/lib/armv7e-m\libg_s.a(lib_a-svfprintf.o)
 .rodata.str1.1
                0x00025e21       0x22 c:/freescale/kds_3.0.0/toolchain/bin/../lib/gcc/arm-none-eabi/4.8.4/../../../../arm-none-eabi/lib/armv7e-m\libg_s.a(lib_a-vfprintf_i.o)
 *fill*         0x00025e43        0x1 
 .rodata.__sf_fake_stdin
                0x00025e44       0x20 c:/freescale/kds_3.0.0/toolchain/bin/../lib/gcc/arm-none-eabi/4.8.4/../../../../arm-none-eabi/lib/armv7e-m\libg_s.a(lib_a-findfp.o)
                0x00025e44                __sf_fake_stdin
 .rodata.__sf_fake_stdout
                0x00025e64       0x20 c:/freescale/kds_3.0.0/toolchain/bin/../lib/gcc/arm-none-eabi/4.8.4/../../../../arm-none-eabi/lib/armv7e-m\libg_s.a(lib_a-findfp.o)
                0x00025e64                __sf_fake_stdout
 .rodata.__sf_fake_stderr
                0x00025e84       0x20 c:/freescale/kds_3.0.0/toolchain/bin/../lib/gcc/arm-none-eabi/4.8.4/../../../../arm-none-eabi/lib/armv7e-m\libg_s.a(lib_a-findfp.o)
                0x00025e84                __sf_fake_stderr
 *(.glue_7)
 .glue_7        0x00000000        0x0 linker stubs
 *(.glue_7t)
 .glue_7t       0x00000000        0x0 linker stubs
 *(.eh_frame)
 .eh_frame      0x00025ea4        0x0 c:/freescale/kds_3.0.0/toolchain/bin/../lib/gcc/arm-none-eabi/4.8.4/armv7e-m/crtbegin.o
 *(.init)
 .init          0x00025ea4        0x4 c:/freescale/kds_3.0.0/toolchain/bin/../lib/gcc/arm-none-eabi/4.8.4/armv7e-m/crti.o
                0x00025ea4                _init
 .init          0x00025ea8        0x8 c:/freescale/kds_3.0.0/toolchain/bin/../lib/gcc/arm-none-eabi/4.8.4/armv7e-m/crtn.o
 *(.fini)
 .fini          0x00025eb0        0x4 c:/freescale/kds_3.0.0/toolchain/bin/../lib/gcc/arm-none-eabi/4.8.4/armv7e-m/crti.o
                0x00025eb0                _fini
 .fini          0x00025eb4        0x8 c:/freescale/kds_3.0.0/toolchain/bin/../lib/gcc/arm-none-eabi/4.8.4/armv7e-m/crtn.o
                0x00025ebc                . = ALIGN (0x4)
                0x00025ebc                _etext = .

.vfp11_veneer   0x00025ebc        0x0
 .vfp11_veneer  0x00000000        0x0 linker stubs

.v4_bx          0x00025ebc        0x0
 .v4_bx         0x00000000        0x0 linker stubs

.iplt           0x00025ebc        0x0
 .iplt          0x00000000        0x0 c:/freescale/kds_3.0.0/toolchain/bin/../lib/gcc/arm-none-eabi/4.8.4/armv7e-m/crtbegin.o

.ARM.extab      0x00025ebc      0x168
 *(.ARM.extab* .gnu.linkonce.armextab.*)
 .ARM.extab.text._Z9rgb24to16hhh
                0x00025ebc        0x0 ./Sources/SSD1351.o
 .ARM.extab.text._Z12writeCommandh
                0x00025ebc        0xc ./Sources/SSD1351.o
 .ARM.extab.text._Z9writeDatah
                0x00025ec8        0xc ./Sources/SSD1351.o
 .ARM.extab.text._Z10writeColort
                0x00025ed4        0xc ./Sources/SSD1351.o
 .ARM.extab.text._Z10printImagePKtiiii
                0x00025ee0        0xc ./Sources/SSD1351.o
 .ARM.extab.text._Z8fillRecthhhht
                0x00025eec        0xc ./Sources/SSD1351.o
 .ARM.extab.text._Z5cleart
                0x00025ef8        0xc ./Sources/SSD1351.o
 .ARM.extab.text._Z8drawCharhhhtt
                0x00025f04        0xc ./Sources/SSD1351.o
 .ARM.extab.text._Z10drawStringPKchhtt
                0x00025f10        0xc ./Sources/SSD1351.o
 .ARM.extab.text._Z11printFingerPhhi
                0x00025f1c        0xc ./Sources/SSD1351.o
 .ARM.extab.text.Waitms
                0x00025f28        0xc ./Sources/main.o
 .ARM.extab.text._Z11parse_eventPi
                0x00025f34        0xc ./Sources/main.o
 .ARM.extab.text._Z12get_next_msgPhPi
                0x00025f40        0xc ./Sources/main.o
 .ARM.extab.text._Z9parse_msgPhPiS0_
                0x00025f4c        0xc ./Sources/main.o
 .ARM.extab.text._Z8parse_C0PhPiS0_
                0x00025f58        0xc ./Sources/main.o
 .ARM.extab.text._Z8parse_C8PhPiS0_
                0x00025f64        0xc ./Sources/main.o
 .ARM.extab.text._Z17start_acquisitionPhPiS0_
                0x00025f70       0x10 ./Sources/main.o
 .ARM.extab.text._Z8send_msgPhi
                0x00025f80        0xc ./Sources/main.o
 .ARM.extab.text.main
                0x00025f8c        0xc ./Sources/main.o
 .ARM.extab.text._ZN14FingerJetFxOSE15FpRecEngineImpl7Context10_incrementEPVl
                0x00025f98        0x0 C:\Users\lguillain\workspace.kds\FRFXLL\Debug\libnextExtract.a(lib_next_extract.o)
 .ARM.extab.text._ZN14FingerJetFxOSE15FpRecEngineImpl7Context10_decrementEPVl
                0x00025f98        0x0 C:\Users\lguillain\workspace.kds\FRFXLL\Debug\libnextExtract.a(lib_next_extract.o)
 .ARM.extab.text._ZN14FingerJetFxOSE15FpRecEngineImpl7Context9_exchangeEPVll
                0x00025f98        0x0 C:\Users\lguillain\workspace.kds\FRFXLL\Debug\libnextExtract.a(lib_next_extract.o)
 .ARM.extab.text._ZN14FingerJetFxOSE15FpRecEngineImpl7Context17_compare_exchangeEPVlll
                0x00025f98        0x0 C:\Users\lguillain\workspace.kds\FRFXLL\Debug\libnextExtract.a(lib_next_extract.o)
 .ARM.extab.text._ZN14FingerJetFxOSE15FpRecEngineImpl7ContextD2Ev
                0x00025f98        0x0 C:\Users\lguillain\workspace.kds\FRFXLL\Debug\libnextExtract.a(lib_next_extract.o)
 .ARM.extab.text._ZN14FingerJetFxOSE15FpRecEngineImpl8Embedded6Writer5putchEi
                0x00025f98        0x0 C:\Users\lguillain\workspace.kds\FRFXLL\Debug\libnextExtract.a(lib_next_extract.o)
 .ARM.extab.text._ZNK14FingerJetFxOSE15FpRecEngineImpl8Embedded6Writer3eofEv