Archive member included because of file (symbol)

c:/users/lguillain/downloads/gcc/bin/../lib/gcc/arm-none-eabi/4.9.3/../../../../arm-none-eabi/lib/armv7e-m\libg_nano.a(lib_a-strchr.o)
                              ./Generated_Code/UTIL1.o (strchr)
c:/users/lguillain/downloads/gcc/bin/../lib/gcc/arm-none-eabi/4.9.3/../../../../arm-none-eabi/lib/armv7e-m\libg_nano.a(lib_a-strlen.o)
                              ./Sources/main.o (strlen)
c:/users/lguillain/downloads/gcc/bin/../lib/gcc/arm-none-eabi/4.9.3/../../../../arm-none-eabi/lib/armv7e-m\libg_nano.a(lib_a-strncmp.o)
                              ./Generated_Code/UTIL1.o (strncmp)

Allocating common symbols
Common symbol       size              file

SR_reg              0x1               ./Static_Code/System/CPU_Init.o

Discarded input sections

 .group         0x00000000        0x8 ./Static_Code/System/CPU_Init.o
 .group         0x00000000        0x8 ./Static_Code/System/CPU_Init.o
 .group         0x00000000        0x8 ./Static_Code/System/CPU_Init.o
 .group         0x00000000        0x8 ./Static_Code/System/CPU_Init.o
 .group         0x00000000        0x8 ./Static_Code/System/CPU_Init.o
 .group         0x00000000        0x8 ./Static_Code/System/CPU_Init.o
 .group         0x00000000        0x8 ./Static_Code/System/CPU_Init.o
 .group         0x00000000        0x8 ./Static_Code/System/CPU_Init.o
 .group         0x00000000        0x8 ./Static_Code/System/CPU_Init.o
 .group         0x00000000        0x8 ./Static_Code/System/CPU_Init.o
 .group         0x00000000        0x8 ./Static_Code/System/CPU_Init.o
 .group         0x00000000        0x8 ./Static_Code/System/CPU_Init.o
 .group         0x00000000        0x8 ./Static_Code/System/CPU_Init.o
 .group         0x00000000        0x8 ./Static_Code/System/CPU_Init.o
 .group         0x00000000        0x8 ./Static_Code/System/CPU_Init.o
 .group         0x00000000        0x8 ./Static_Code/System/CPU_Init.o
 .group         0x00000000        0x8 ./Static_Code/System/CPU_Init.o
 .group         0x00000000        0x8 ./Static_Code/System/CPU_Init.o
 .group         0x00000000        0x8 ./Static_Code/System/CPU_Init.o
 .group         0x00000000        0x8 ./Static_Code/System/CPU_Init.o
 .group         0x00000000        0x8 ./Static_Code/System/CPU_Init.o
 .group         0x00000000        0x8 ./Static_Code/System/CPU_Init.o
 .group         0x00000000        0x8 ./Static_Code/System/CPU_Init.o
 .group         0x00000000        0x8 ./Static_Code/System/CPU_Init.o
 .group         0x00000000        0x8 ./Static_Code/System/CPU_Init.o
 .group         0x00000000        0x8 ./Static_Code/System/CPU_Init.o
 .group         0x00000000        0x8 ./Static_Code/System/CPU_Init.o
 .group         0x00000000        0x8 ./Static_Code/System/CPU_Init.o
 .group         0x00000000        0x8 ./Static_Code/System/CPU_Init.o
 .group         0x00000000        0x8 ./Static_Code/System/CPU_Init.o
 .group         0x00000000        0x8 ./Static_Code/System/CPU_Init.o
 .group         0x00000000        0x8 ./Static_Code/System/CPU_Init.o
 .group         0x00000000        0x8 ./Static_Code/System/CPU_Init.o
 .group         0x00000000        0x8 ./Static_Code/System/CPU_Init.o
 .group         0x00000000        0x8 ./Static_Code/System/CPU_Init.o
 .group         0x00000000        0x8 ./Static_Code/System/CPU_Init.o
 .group         0x00000000        0x8 ./Static_Code/System/CPU_Init.o
 .group         0x00000000        0x8 ./Static_Code/System/CPU_Init.o
 .group         0x00000000        0x8 ./Static_Code/System/CPU_Init.o
 .group         0x00000000        0x8 ./Static_Code/System/CPU_Init.o
 .group         0x00000000        0x8 ./Static_Code/System/CPU_Init.o
 .group         0x00000000        0x8 ./Static_Code/System/CPU_Init.o
 .group         0x00000000        0x8 ./Static_Code/System/CPU_Init.o
 .group         0x00000000        0x8 ./Static_Code/System/CPU_Init.o
 .text          0x00000000        0x0 ./Static_Code/System/CPU_Init.o
 .data          0x00000000        0x0 ./Static_Code/System/CPU_Init.o
 .bss           0x00000000        0x0 ./Static_Code/System/CPU_Init.o
 .bss.ClockConfigurationID
                0x00000000        0x1 ./Static_Code/System/CPU_Init.o
 .group         0x00000000        0x8 ./Static_Code/System/Peripherals_Init.o
 .group         0x00000000        0x8 ./Static_Code/System/Peripherals_Init.o
 .group         0x00000000        0x8 ./Static_Code/System/Peripherals_Init.o
 .group         0x00000000        0x8 ./Static_Code/System/Peripherals_Init.o
 .text          0x00000000        0x0 ./Static_Code/System/Peripherals_Init.o
 .data          0x00000000        0x0 ./Static_Code/System/Peripherals_Init.o
 .bss           0x00000000        0x0 ./Static_Code/System/Peripherals_Init.o
 .text.Peripherals_Init
                0x00000000        0x4 ./Static_Code/System/Peripherals_Init.o
 .debug_info    0x00000000       0x96 ./Static_Code/System/Peripherals_Init.o
 .debug_abbrev  0x00000000       0x45 ./Static_Code/System/Peripherals_Init.o
[...]
Memory Configuration

Name             Origin             Length             Attributes
m_interrupts     0x00000000         0x00000198         xr
m_text           0x00000410         0x000ffbf0         xr
m_data_1FFF0000  0x1fff0000         0x00010000         rw
m_data           0x20000000         0x00030000         rw
m_cfmprotrom     0x00000400         0x00000010         xr
*default*        0x00000000         0xffffffff

Linker script and memory map

LOAD ./Static_Code/System/CPU_Init.o
LOAD ./Static_Code/System/Peripherals_Init.o
LOAD ./Static_Code/System/Vectors.o
LOAD ./Static_Code/Peripherals/ADC0_Init.o
LOAD ./Static_Code/Peripherals/ADC1_Init.o
LOAD ./Static_Code/Peripherals/AIPS0_Init.o
LOAD ./Static_Code/Peripherals/AIPS1_Init.o
LOAD ./Static_Code/Peripherals/AXBS_Init.o
LOAD ./Static_Code/Peripherals/CAN0_Init.o
LOAD ./Static_Code/Peripherals/CMP0_Init.o
LOAD ./Static_Code/Peripherals/CMP1_Init.o
LOAD ./Static_Code/Peripherals/CMP2_Init.o
LOAD ./Static_Code/Peripherals/CMT_Init.o
LOAD ./Static_Code/Peripherals/CRC_Init.o
LOAD ./Static_Code/Peripherals/DAC0_Init.o
LOAD ./Static_Code/Peripherals/DAC1_Init.o
LOAD ./Static_Code/Peripherals/DMAMUX_Init.o
LOAD ./Static_Code/Peripherals/DMA_Init.o
LOAD ./Static_Code/Peripherals/ENET_Init.o
LOAD ./Static_Code/Peripherals/EWM_Init.o
LOAD ./Static_Code/Peripherals/FB_Init.o
LOAD ./Static_Code/Peripherals/FMC_Init.o
LOAD ./Static_Code/Peripherals/FTFE_Init.o
LOAD ./Static_Code/Peripherals/FTM0_Init.o
LOAD ./Static_Code/Peripherals/FTM1_Init.o
LOAD ./Static_Code/Peripherals/FTM2_Init.o
LOAD ./Static_Code/Peripherals/FTM3_Init.o
LOAD ./Static_Code/Peripherals/I2C0_Init.o
LOAD ./Static_Code/Peripherals/I2C1_Init.o
LOAD ./Static_Code/Peripherals/I2C2_Init.o
LOAD ./Static_Code/Peripherals/I2S0_Init.o
LOAD ./Static_Code/Peripherals/LLWU_Init.o
LOAD ./Static_Code/Peripherals/LPTMR0_Init.o
LOAD ./Static_Code/Peripherals/MCM_Init.o
LOAD ./Static_Code/Peripherals/MPU_Init.o
LOAD ./Static_Code/Peripherals/NVIC_Init.o
LOAD ./Static_Code/Peripherals/PDB0_Init.o
LOAD ./Static_Code/Peripherals/PIT_Init.o
LOAD ./Static_Code/Peripherals/PMC_Init.o
LOAD ./Static_Code/Peripherals/PORTA_Init.o
LOAD ./Static_Code/Peripherals/PORTB_Init.o
LOAD ./Static_Code/Peripherals/PORTC_Init.o
LOAD ./Static_Code/Peripherals/PORTD_Init.o
LOAD ./Static_Code/Peripherals/PORTE_Init.o
LOAD ./Static_Code/Peripherals/PTA_Init.o
LOAD ./Static_Code/Peripherals/PTB_Init.o
LOAD ./Static_Code/Peripherals/PTC_Init.o
LOAD ./Static_Code/Peripherals/PTD_Init.o
LOAD ./Static_Code/Peripherals/PTE_Init.o
LOAD ./Static_Code/Peripherals/RCM_Init.o
LOAD ./Static_Code/Peripherals/RNG_Init.o
LOAD ./Static_Code/Peripherals/RTC_Init.o
LOAD ./Static_Code/Peripherals/SDHC_Init.o
LOAD ./Static_Code/Peripherals/SIM_Init.o
LOAD ./Static_Code/Peripherals/SMC_Init.o
LOAD ./Static_Code/Peripherals/SPI0_Init.o
LOAD ./Static_Code/Peripherals/SPI1_Init.o
LOAD ./Static_Code/Peripherals/SPI2_Init.o
LOAD ./Static_Code/Peripherals/SysTick_Init.o
LOAD ./Static_Code/Peripherals/SystemControl_Init.o
LOAD ./Static_Code/Peripherals/UART0_Init.o
LOAD ./Static_Code/Peripherals/UART1_Init.o
LOAD ./Static_Code/Peripherals/UART2_Init.o
LOAD ./Static_Code/Peripherals/UART3_Init.o
LOAD ./Static_Code/Peripherals/UART4_Init.o
LOAD ./Static_Code/Peripherals/UART5_Init.o
LOAD ./Static_Code/Peripherals/USB0_Init.o
LOAD ./Static_Code/Peripherals/USBDCD_Init.o
LOAD ./Static_Code/Peripherals/VREF_Init.o
LOAD ./Static_Code/Peripherals/WDOG_Init.o
LOAD ./Sources/Events.o
LOAD ./Sources/Functions.o
LOAD ./Sources/main.o
LOAD ./Project_Settings/Startup_Code/startup.o
LOAD ./Generated_Code/CD1.o
LOAD ./Generated_Code/CS1.o
LOAD ./Generated_Code/Cpu.o
LOAD ./Generated_Code/FAT1.o
LOAD ./Generated_Code/PE_LDD.o
LOAD ./Generated_Code/Pins1.o
LOAD ./Generated_Code/SD1.o
LOAD ./Generated_Code/SM1.o
LOAD ./Generated_Code/SS1.o
LOAD ./Generated_Code/TI1.o
LOAD ./Generated_Code/TMOUT1.o
LOAD ./Generated_Code/TU1.o
LOAD ./Generated_Code/TimerIntLdd1.o
LOAD ./Generated_Code/TmDt1.o
LOAD ./Generated_Code/UTIL1.o
LOAD ./Generated_Code/WAIT1.o
LOAD ./Generated_Code/ff.o
LOAD c:/users/lguillain/downloads/gcc/bin/../lib/gcc/arm-none-eabi/4.9.3/../../../../arm-none-eabi/lib/armv7e-m\libstdc++_nano.a
LOAD c:/users/lguillain/downloads/gcc/bin/../lib/gcc/arm-none-eabi/4.9.3/../../../../arm-none-eabi/lib/armv7e-m\libm.a
START GROUP
LOAD c:/users/lguillain/downloads/gcc/bin/../lib/gcc/arm-none-eabi/4.9.3/armv7e-m\libgcc.a
LOAD c:/users/lguillain/downloads/gcc/bin/../lib/gcc/arm-none-eabi/4.9.3/../../../../arm-none-eabi/lib/armv7e-m\libg_nano.a
LOAD c:/users/lguillain/downloads/gcc/bin/../lib/gcc/arm-none-eabi/4.9.3/../../../../arm-none-eabi/lib/armv7e-m\libc_nano.a
END GROUP
START GROUP
LOAD c:/users/lguillain/downloads/gcc/bin/../lib/gcc/arm-none-eabi/4.9.3/armv7e-m\libgcc.a
LOAD c:/users/lguillain/downloads/gcc/bin/../lib/gcc/arm-none-eabi/4.9.3/../../../../arm-none-eabi/lib/armv7e-m\libc_nano.a
END GROUP
                0x20030000                _estack = 0x20030000
                0x20030000                __SP_INIT = _estack
                0x00000000                __heap_size = 0x0
                0x00000400                __stack_size = 0x400

.interrupts     0x00000000      0x198
                0x00000000                __vector_table = .
                0x00000000                . = ALIGN (0x4)
 *(.vectortable)
 .vectortable   0x00000000      0x198 ./Static_Code/System/Vectors.o
                0x00000000                __vect_table
                0x00000198                . = ALIGN (0x4)

.cfmprotect     0x00000400       0x10
                0x00000400                . = ALIGN (0x4)
 *(.cfmconfig)
 .cfmconfig     0x00000400       0x10 ./Static_Code/System/CPU_Init.o
                0x00000400                _cfm
                0x00000410                . = ALIGN (0x4)

.text           0x00000410     0x3324
                0x00000410                . = ALIGN (0x4)
 *(.text)
 *(.text*)
 .text.CPU_SetBASEPRI
                0x00000410        0x8 ./Static_Code/System/CPU_Init.o
                0x00000410                CPU_SetBASEPRI
 .text.PE_low_level_init
                0x00000418       0x40 ./Static_Code/System/CPU_Init.o
                0x00000418                PE_low_level_init
 .text.CPU_GetClockGenMode
                0x00000458       0x6c ./Static_Code/System/CPU_Init.o
                0x00000458                CPU_GetClockGenMode
 .text.CPU_SetClockConfigGenMode
                0x000004c4      0x420 ./Static_Code/System/CPU_Init.o
                0x000004c4                CPU_SetClockConfigGenMode
 .text.__init_hardware
                0x000008e4       0x5c ./Static_Code/System/CPU_Init.o
                0x000008e4                __init_hardware
 .text.UnhandledInterrupt
                0x00000940       0x14 ./Static_Code/System/Vectors.o
                0x00000940                UnhandledInterrupt
 .text.Cpu_OnNMI
                0x00000954        0x4 ./Sources/Events.o
                0x00000954                Cpu_OnNMI
 .text.TI1_OnInterrupt
                0x00000958        0x8 ./Sources/Events.o
                0x00000958                TI1_OnInterrupt
 .text.SM1_OnBlockSent
                0x00000960        0x4 ./Sources/Events.o
                0x00000960                SM1_OnBlockSent
 .text.SD1_OnActivate
                0x00000964        0x4 ./Sources/Events.o
                0x00000964                SD1_OnActivate
 .text.SD1_OnDeactivate
                0x00000968        0x4 ./Sources/Events.o
                0x00000968                SD1_OnDeactivate
 .text.Err      0x0000096c        0x4 ./Sources/Functions.o
                0x0000096c                Err
 .text.main     0x00000970       0xe0 ./Sources/main.o
                0x00000970                main
 .text.zero_fill_bss
                0x00000a50       0x4c ./Project_Settings/Startup_Code/startup.o
 .text.__copy_rom_section
                0x00000a9c       0x50 ./Project_Settings/Startup_Code/startup.o
                0x00000a9c                __copy_rom_section
 .text.__copy_rom_sections_to_ram
                0x00000aec       0x50 ./Project_Settings/Startup_Code/startup.o
                0x00000aec                __copy_rom_sections_to_ram
 .text.__init_registers
                0x00000b3c        0x4 ./Project_Settings/Startup_Code/startup.o
                0x00000b3c                __init_registers
 .text.__init_user
                0x00000b40        0x4 ./Project_Settings/Startup_Code/startup.o
                0x00000b40                __init_user
 .text.__thumb_startup
                0x00000b44       0x40 ./Project_Settings/Startup_Code/startup.o
                0x00000b44                __thumb_startup
 .text.CD1_Init
                0x00000b84       0x4c ./Generated_Code/CD1.o
                0x00000b84                CD1_Init
 .text.Components_Init
                0x00000bd0       0x24 ./Generated_Code/Cpu.o
                0x00000bd0                Components_Init
 .text.Cpu_INT_NMIInterrupt
                0x00000bf4       0x18 ./Generated_Code/Cpu.o
                0x00000bf4                Cpu_INT_NMIInterrupt
 .text.disk_initialize
                0x00000c0c       0x10 ./Generated_Code/FAT1.o
                0x00000c0c                disk_initialize
 .text.disk_status
                0x00000c1c       0x10 ./Generated_Code/FAT1.o
                0x00000c1c                disk_status
 .text.disk_read
                0x00000c2c       0x10 ./Generated_Code/FAT1.o
                0x00000c2c                disk_read
 .text.disk_write
                0x00000c3c       0x10 ./Generated_Code/FAT1.o
                0x00000c3c                disk_write
 .text.disk_ioctl
                0x00000c4c       0x10 ./Generated_Code/FAT1.o
                0x00000c4c                disk_ioctl
 .text.FAT1_Init
                0x00000c5c       0x10 ./Generated_Code/FAT1.o
                0x00000c5c                FAT1_Init
 .text.FAT1_get_fattime
                0x00000c6c       0x54 ./Generated_Code/FAT1.o
                0x00000c6c                FAT1_get_fattime
 .text.chk_power
                0x00000cc0        0x4 ./Generated_Code/SD1.o
 .text.SD1_SPI_WRITE_READ
                0x00000cc4       0x3c ./Generated_Code/SD1.o
 .text.SD1_disk_status
                0x00000d00        0xc ./Generated_Code/SD1.o
                0x00000d00                SD1_disk_status
 .text.SD1_SPI_WRITE
                0x00000d0c       0x40 ./Generated_Code/SD1.o
                0x00000d0c                SD1_SPI_WRITE
 .text.SD1_Deactivate
                0x00000d4c       0x1c ./Generated_Code/SD1.o
                0x00000d4c                SD1_Deactivate
 .text.SD1_SetSlowMode
                0x00000d68       0x2c ./Generated_Code/SD1.o
                0x00000d68                SD1_SetSlowMode
 .text.SD1_SetFastMode
                0x00000d94       0x2c ./Generated_Code/SD1.o
                0x00000d94                SD1_SetFastMode
 .text.SD1_InitCommChannel
                0x00000dc0       0x1c ./Generated_Code/SD1.o
                0x00000dc0                SD1_InitCommChannel
 .text.SD1_Activate
                0x00000ddc       0x20 ./Generated_Code/SD1.o
                0x00000ddc                SD1_Activate
 .text.SD1_WaitReady
                0x00000dfc       0x50 ./Generated_Code/SD1.o
                0x00000dfc                SD1_WaitReady
 .text.SD1_ReceiveDataBlock
                0x00000e4c       0x90 ./Generated_Code/SD1.o
                0x00000e4c                SD1_ReceiveDataBlock
 .text.SD1_SendDataBlock
                0x00000edc       0x70 ./Generated_Code/SD1.o
                0x00000edc                SD1_SendDataBlock
 .text.SD1_SendCmd
                0x00000f4c       0xb0 ./Generated_Code/SD1.o
                0x00000f4c                SD1_SendCmd
 .text.SD1_disk_read
                0x00000ffc       0x7c ./Generated_Code/SD1.o
                0x00000ffc                SD1_disk_read
 .text.SD1_disk_write
                0x00001078       0xac ./Generated_Code/SD1.o
                0x00001078                SD1_disk_write
 .text.SendCommand
                0x00001124       0x64 ./Generated_Code/SD1.o
 .text.SD1_Init
                0x00001188       0x98 ./Generated_Code/SD1.o
                0x00001188                SD1_Init
 .text.SD1_ReceiveByte
                0x00001220       0x20 ./Generated_Code/SD1.o
                0x00001220                SD1_ReceiveByte
 .text.SD1_disk_initialize
                0x00001240      0x110 ./Generated_Code/SD1.o
                0x00001240                SD1_disk_initialize
 .text.SD1_disk_ioctl
                0x00001350      0x31c ./Generated_Code/SD1.o
                0x00001350                SD1_disk_ioctl
 .text.SM1_OnBlockReceived
                0x0000166c        0xc ./Generated_Code/SD1.o
                0x0000166c                SM1_OnBlockReceived
 .text.HWEnDi   0x00001678       0x54 ./Generated_Code/SM1.o
 .text.SM1_Init
                0x000016cc       0xd4 ./Generated_Code/SM1.o
                0x000016cc                SM1_Init
 .text.SM1_Enable
                0x000017a0       0x14 ./Generated_Code/SM1.o
                0x000017a0                SM1_Enable
 .text.SM1_Disable
                0x000017b4       0x14 ./Generated_Code/SM1.o
                0x000017b4                SM1_Disable
 .text.SM1_ReceiveBlock
                0x000017c8       0x64 ./Generated_Code/SM1.o
                0x000017c8                SM1_ReceiveBlock
 .text.SM1_SendBlock
                0x0000182c       0x70 ./Generated_Code/SM1.o
                0x0000182c                SM1_SendBlock
 .text.SM1_SelectConfiguration
                0x0000189c       0x68 ./Generated_Code/SM1.o
                0x0000189c                SM1_SelectConfiguration
 .text.SM1_Interrupt
                0x00001904       0xac ./Generated_Code/SM1.o
                0x00001904                SM1_Interrupt
 .text.SS1_Init
                0x000019b0       0x54 ./Generated_Code/SS1.o
                0x000019b0                SS1_Init
 .text.SS1_ClrVal
                0x00001a04        0xc ./Generated_Code/SS1.o
                0x00001a04                SS1_ClrVal
 .text.SS1_SetVal
                0x00001a10        0xc ./Generated_Code/SS1.o
                0x00001a10                SS1_SetVal
 .text.TimerIntLdd1_OnInterrupt
                0x00001a1c        0x8 ./Generated_Code/TI1.o
                0x00001a1c                TimerIntLdd1_OnInterrupt
 .text.TMOUT1_GetCounter
                0x00001a24       0x50 ./Generated_Code/TMOUT1.o
                0x00001a24                TMOUT1_GetCounter
 .text.TMOUT1_LeaveCounter
                0x00001a74       0x34 ./Generated_Code/TMOUT1.o
                0x00001a74                TMOUT1_LeaveCounter
 .text.TMOUT1_CounterExpired
                0x00001aa8       0x38 ./Generated_Code/TMOUT1.o
                0x00001aa8                TMOUT1_CounterExpired
 .text.TMOUT1_Init
                0x00001ae0       0x24 ./Generated_Code/TMOUT1.o
                0x00001ae0                TMOUT1_Init
 .text.TU1_Init
                0x00001b04       0x8c ./Generated_Code/TU1.o
                0x00001b04                TU1_Init
 .text.TU1_Interrupt
                0x00001b90       0x48 ./Generated_Code/TU1.o
                0x00001b90                TU1_Interrupt
 .text.TimerIntLdd1_Init
                0x00001bd8       0x2c ./Generated_Code/TimerIntLdd1.o
                0x00001bd8                TimerIntLdd1_Init
 .text.TU1_OnCounterRestart
                0x00001c04       0x14 ./Generated_Code/TimerIntLdd1.o
                0x00001c04                TU1_OnCounterRestart
 .text.TmDt1_SetTime
                0x00001c18       0x64 ./Generated_Code/TmDt1.o
                0x00001c18                TmDt1_SetTime
 .text.TmDt1_AddTick
                0x00001c7c       0xd0 ./Generated_Code/TmDt1.o
                0x00001c7c                TmDt1_AddTick
 .text.TmDt1_GetTime
                0x00001d4c       0x84 ./Generated_Code/TmDt1.o
                0x00001d4c                TmDt1_GetTime
 .text.TmDt1_SetDate
                0x00001dd0       0x88 ./Generated_Code/TmDt1.o
                0x00001dd0                TmDt1_SetDate
 .text.TmDt1_GetDate
                0x00001e58       0x3c ./Generated_Code/TmDt1.o
                0x00001e58                TmDt1_GetDate
 .text.TmDt1_Init
                0x00001e94       0x1c ./Generated_Code/TmDt1.o
                0x00001e94                TmDt1_Init
 .text.UTIL1_strcat
                0x00001eb0       0x28 ./Generated_Code/UTIL1.o
                0x00001eb0                UTIL1_strcat
 .text.UTIL1_chcat
                0x00001ed8       0x1c ./Generated_Code/UTIL1.o
                0x00001ed8                UTIL1_chcat
 .text.UTIL1_Num16uToStr
                0x00001ef4       0x68 ./Generated_Code/UTIL1.o
                0x00001ef4                UTIL1_Num16uToStr
 .text.UTIL1_Num8uToStr
                0x00001f5c        0x8 ./Generated_Code/UTIL1.o
                0x00001f5c                UTIL1_Num8uToStr
 .text.UTIL1_strcatNum8u
                0x00001f64       0x20 ./Generated_Code/UTIL1.o
                0x00001f64                UTIL1_strcatNum8u
 .text.WAIT1_Wait10Cycles
                0x00001f84        0x8 ./Generated_Code/WAIT1.o
                0x00001f84                WAIT1_Wait10Cycles
 .text.WAIT1_Wait100Cycles
                0x00001f8c       0x18 ./Generated_Code/WAIT1.o
                0x00001f8c                WAIT1_Wait100Cycles
 .text.WAIT1_WaitCycles
                0x00001fa4       0x24 ./Generated_Code/WAIT1.o
                0x00001fa4                WAIT1_WaitCycles
 .text.WAIT1_WaitLongCycles
                0x00001fc8       0x24 ./Generated_Code/WAIT1.o
                0x00001fc8                WAIT1_WaitLongCycles
 .text.WAIT1_Waitms
                0x00001fec       0x18 ./Generated_Code/WAIT1.o
                0x00001fec                WAIT1_Waitms
 .text.mem_cpy  0x00002004       0x14 ./Generated_Code/ff.o
 .text.mem_set  0x00002018       0x10 ./Generated_Code/ff.o
 .text.mem_cmp  0x00002028       0x24 ./Generated_Code/ff.o
 .text.chk_chr  0x0000204c       0x14 ./Generated_Code/ff.o
 .text.clmt_clust
                0x00002060       0x28 ./Generated_Code/ff.o
 .text.ld_clust
                0x00002088       0x20 ./Generated_Code/ff.o
 .text.st_clust
                0x000020a8       0x14 ./Generated_Code/ff.o
 .text.create_name
                0x000020bc      0x164 ./Generated_Code/ff.o
 .text.get_ldnumber
                0x00002220       0x5c ./Generated_Code/ff.o
 .text.sync_window
                0x0000227c       0x54 ./Generated_Code/ff.o
 .text.move_window
                0x000022d0       0x34 ./Generated_Code/ff.o
 .text.check_fs
                0x00002304       0x90 ./Generated_Code/ff.o
 .text.validate
                0x00002394       0x38 ./Generated_Code/ff.o
 .text.find_volume
                0x000023cc      0x378 ./Generated_Code/ff.o
 .text.sync_fs  0x00002744       0xbc ./Generated_Code/ff.o
 .text.clust2sect
                0x00002800       0x18 ./Generated_Code/ff.o
                0x00002800                clust2sect
 .text.get_fat  0x00002818       0xe8 ./Generated_Code/ff.o
                0x00002818                get_fat
 .text.dir_sdi  0x00002900       0x94 ./Generated_Code/ff.o
 .text.put_fat  0x00002994      0x120 ./Generated_Code/ff.o
                0x00002994                put_fat
 .text.create_chain
                0x00002ab4       0xb8 ./Generated_Code/ff.o
 .text.dir_next
                0x00002b6c      0x120 ./Generated_Code/ff.o
 .text.dir_find
                0x00002c8c       0x48 ./Generated_Code/ff.o
 .text.follow_path
                0x00002cd4       0xa4 ./Generated_Code/ff.o
 .text.dir_alloc
                0x00002d78       0x4c ./Generated_Code/ff.o
 .text.dir_register
                0x00002dc4       0x38 ./Generated_Code/ff.o
 .text.remove_chain
                0x00002dfc       0x68 ./Generated_Code/ff.o
 .text.f_mount  0x00002e64       0x58 ./Generated_Code/ff.o
                0x00002e64                f_mount
 .text.f_open   0x00002ebc      0x15c ./Generated_Code/ff.o
                0x00002ebc                f_open
 .text.f_write  0x00003018      0x1bc ./Generated_Code/ff.o
                0x00003018                f_write
 .text.f_sync   0x000031d4       0xa4 ./Generated_Code/ff.o
                0x000031d4                f_sync
 .text.f_close  0x00003278       0x20 ./Generated_Code/ff.o
                0x00003278                f_close
 .text.f_lseek  0x00003298      0x294 ./Generated_Code/ff.o
                0x00003298                f_lseek
 .text.strlen   0x0000352c       0x10 c:/users/lguillain/downloads/gcc/bin/../lib/gcc/arm-none-eabi/4.9.3/../../../../arm-none-eabi/lib/armv7e-m\libg_nano.a(lib_a-strlen.o)
                0x0000352c                strlen
 *(.rodata)
 *(.rodata*)
 .rodata.CPU_DefaultBLPI
                0x0000353c        0x8 ./Static_Code/System/CPU_Init.o
 .rodata.CPU_DefaultBLPE
                0x00003544        0x8 ./Static_Code/System/CPU_Init.o
 .rodata.CPU_DefaultFEE
                0x0000354c        0x8 ./Static_Code/System/CPU_Init.o
 .rodata.CPU_DefaultPEE
                0x00003554        0x8 ./Static_Code/System/CPU_Init.o
 .rodata.CPU_DefaultFEI
                0x0000355c        0x8 ./Static_Code/System/CPU_Init.o
 .rodata.ClockGenModeMatrix
                0x00003564       0x80 ./Static_Code/System/CPU_Init.o
 .rodata.CPU_ClockGenModeRegs
                0x000035e4       0x20 ./Static_Code/System/CPU_Init.o
 .rodata.CPU_DefaultFBI
                0x00003604        0x8 ./Static_Code/System/CPU_Init.o
 .rodata.CPU_DefaultFBE
                0x0000360c        0x8 ./Static_Code/System/CPU_Init.o
 .rodata.CPU_DefaultPBE
                0x00003614        0x8 ./Static_Code/System/CPU_Init.o
 .rodata.CPU_ClockConfigDescriptors
                0x0000361c       0x1c ./Static_Code/System/CPU_Init.o
 .rodata.str1.4
                0x00003638       0x10 ./Sources/main.o
 .rodata.ConfigurationSet
                0x00003648        0x8 ./Generated_Code/SM1.o
 .rodata.TxCommandList
                0x00003650        0x8 ./Generated_Code/SM1.o
 .rodata.LY     0x00003658        0xc ./Generated_Code/TmDt1.o
 .rodata.ULY    0x00003664        0xc ./Generated_Code/TmDt1.o
 .rodata.ExCvt  0x00003670       0x80 ./Generated_Code/ff.o
 .rodata.str1.4
                0x000036f0       0x44 ./Generated_Code/ff.o
 *(.glue_7)
 .glue_7        0x00000000        0x0 linker stubs
 *(.glue_7t)
 .glue_7t       0x00000000        0x0 linker stubs
 *(.eh_frame)
 *(.init)
 *(.fini)
                0x00003734                . = ALIGN (0x4)
                0x00003734                _etext = .

.vfp11_veneer   0x00003734        0x0
 .vfp11_veneer  0x00000000        0x0 linker stubs

.v4_bx          0x00003734        0x0
 .v4_bx         0x00000000        0x0 linker stubs

.iplt           0x00003734        0x0
 .iplt          0x00000000        0x0 ./Static_Code/System/CPU_Init.o

.rel.dyn        0x00003734        0x0
 .rel.iplt      0x00000000        0x0 ./Static_Code/System/CPU_Init.o

.ARM.extab
 *(.ARM.extab* .gnu.linkonce.armextab.*)

.ARM            0x00003734        0x0
                0x00003734                __exidx_start = .
 *(.ARM.exidx*)
                0x00003734                __exidx_end = .

.ctors          0x00003734        0x0
                0x00003734                __CTOR_LIST__ = .
 *crtbegin.o(.ctors)
 *(EXCLUDE_FILE(*crtend.o) .ctors)
 *(SORT(.ctors.*))
 *(.ctors)
                0x00003734                __CTOR_END__ = .

.dtors          0x00003734        0x0
                0x00003734                __DTOR_LIST__ = .
 *crtbegin.o(.dtors)
 *(EXCLUDE_FILE(*crtend.o) .dtors)
 *(SORT(.dtors.*))
 *(.dtors)
                0x00003734                __DTOR_END__ = .

.preinit_array  0x00003734        0x0
                0x00003734                PROVIDE (__preinit_array_start, .)
 *(.preinit_array*)
                0x00003734                PROVIDE (__preinit_array_end, .)

.init_array     0x00003734        0x0
                0x00003734                PROVIDE (__init_array_start, .)
 *(SORT(.init_array.*))
 *(.init_array*)
                0x00003734                PROVIDE (__init_array_end, .)

.fini_array     0x00003734        0x0
                0x00003734                PROVIDE (__fini_array_start, .)
 *(SORT(.fini_array.*))
 *(.fini_array*)
                0x00003734                PROVIDE (__fini_array_end, .)
                0x00003734                ___ROM_AT = .

.data           0x20000000        0x4 load address 0x00003734
                0x20000000                . = ALIGN (0x4)
                0x20000000                _sdata = .
 *(.data)
 *(.data*)
 .data.CardType
                0x20000000        0x1 ./Generated_Code/SD1.o
 .data.Stat     0x20000001        0x1 ./Generated_Code/SD1.o
                0x20000004                . = ALIGN (0x4)
 *fill*         0x20000002        0x2 
                0x20000004                _edata = .
                0x00000004                ___data_size = (_edata - _sdata)
                0x00003738                ___m_data_1FFF0000_ROMStart = (___ROM_AT + SIZEOF (.data))

.igot.plt       0x20000004        0x0 load address 0x00003738
 .igot.plt      0x00000000        0x0 ./Static_Code/System/CPU_Init.o

.m_data_1FFF0000
                0x1fff0000        0x0 load address 0x00003738
                0x1fff0000                . = ALIGN (0x4)
                0x1fff0000                ___m_data_1FFF0000_RAMStart = .
 *(.m_data_1FFF0000)
                0x1fff0000                ___m_data_1FFF0000_RAMEnd = .
                0x1fff0000                . = ALIGN (0x4)
                0x00000000                ___m_data_1FFF0000_ROMSize = (___m_data_1FFF0000_RAMEnd - ___m_data_1FFF0000_RAMStart)
                0x1fff0000                . = ALIGN (0x4)

.bss            0x20000004      0x508 load address 0x00003738
                0x20000004                __START_BSS = .
                0x20000004                PROVIDE (__bss_start__, __START_BSS)
 *(.bss)
 *(.bss*)
 .bss.SR_lock   0x20000004        0x1 ./Static_Code/System/CPU_Init.o
                0x20000004                SR_lock
 *fill*         0x20000005        0x3 
 .bss.fileSystemObject.6890
                0x20000008      0x234 ./Sources/main.o
 .bss.fp.6891   0x2000023c      0x228 ./Sources/main.o
 .bss.argv      0x20000464       0x28 ./Project_Settings/Startup_Code/startup.o
 .bss.DeviceDataPrv__DEFAULT_RTOS_ALLOC
                0x2000048c        0x4 ./Generated_Code/CD1.o
 .bss.PE_LDD_DeviceDataList
                0x20000490       0x14 ./Generated_Code/PE_LDD.o
                0x20000490                PE_LDD_DeviceDataList
 .bss.speedMode
                0x200004a4        0x1 ./Generated_Code/SD1.o
 .bss.SD1_DataReceivedFlag
                0x200004a5        0x1 ./Generated_Code/SD1.o
 *fill*         0x200004a6        0x2 
 .bss.INT_SPI1__DEFAULT_RTOS_ISRPARAM
                0x200004a8        0x4 ./Generated_Code/SM1.o
 .bss.DeviceDataPrv__DEFAULT_RTOS_ALLOC
                0x200004ac       0x24 ./Generated_Code/SM1.o
 .bss.DeviceDataPrv__DEFAULT_RTOS_ALLOC
                0x200004d0        0x4 ./Generated_Code/SS1.o
 .bss.TMOUT1_FreeCounters
                0x200004d4        0x4 ./Generated_Code/TMOUT1.o
 .bss.TMOUT1_Counters
                0x200004d8        0x4 ./Generated_Code/TMOUT1.o
 .bss.INT_FTM0__DEFAULT_RTOS_ISRPARAM
                0x200004dc        0x4 ./Generated_Code/TU1.o
 .bss.DeviceDataPrv__DEFAULT_RTOS_ALLOC
                0x200004e0        0xc ./Generated_Code/TU1.o
 .bss.DeviceDataPrv__DEFAULT_RTOS_ALLOC
                0x200004ec        0xc ./Generated_Code/TimerIntLdd1.o
 .bss.CntMonth  0x200004f8        0x1 ./Generated_Code/TmDt1.o
 .bss.CntDay    0x200004f9        0x1 ./Generated_Code/TmDt1.o
 *fill*         0x200004fa        0x2 
 .bss.tickCntr  0x200004fc        0x4 ./Generated_Code/TmDt1.o
 .bss.CntYear   0x20000500        0x2 ./Generated_Code/TmDt1.o
 .bss.Fsid      0x20000502        0x2 ./Generated_Code/ff.o
 .bss.FatFs     0x20000504        0x4 ./Generated_Code/ff.o
 *(COMMON)
 COMMON         0x20000508        0x1 ./Static_Code/System/CPU_Init.o
                0x20000508                SR_reg
                0x2000050c                . = ALIGN (0x4)
 *fill*         0x20000509        0x3 
                0x2000050c                __END_BSS = .
                0x2000050c                PROVIDE (__bss_end__, __END_BSS)
                0x00003738                _romp_at = ((___ROM_AT + SIZEOF (.data)) + SIZEOF (.m_data_1FFF0000))

.romp           0x2000050c       0x24 load address 0x00003738
                0x00003738                __S_romp = _romp_at
                0x2000050c        0x4 LONG 0x3734 ___ROM_AT
                0x20000510        0x4 LONG 0x20000000 _sdata
                0x20000514        0x4 LONG 0x4 ___data_size
                0x20000518        0x4 LONG 0x3738 ___m_data_1FFF0000_ROMStart
                0x2000051c        0x4 LONG 0x1fff0000 ___m_data_1FFF0000_RAMStart
                0x20000520        0x4 LONG 0x0 ___m_data_1FFF0000_ROMSize
                0x20000524        0x4 LONG 0x0
                0x20000528        0x4 LONG 0x0
                0x2000052c        0x4 LONG 0x0

._user_heap_stack
                0x20000530      0x400 load address 0x0000375c
                0x20000530                . = ALIGN (0x4)
                0x20000530                PROVIDE (end, .)
                0x20000530                PROVIDE (_end, .)
                0x20000530                __heap_addr = .
                0x20000530                . = (. + __heap_size)
                0x20000930                . = (. + __stack_size)
 *fill*         0x20000530      0x400 
                0x20000930                . = ALIGN (0x4)

.ARM.attributes
                0x00000000       0x33
 *(.ARM.attributes)
 .ARM.attributes
                0x00000000       0x33 ./Static_Code/System/CPU_Init.o
 .ARM.attributes
                0x00000033       0x33 ./Static_Code/System/Vectors.o
 .ARM.attributes
                0x00000066       0x33 ./Sources/Events.o
 .ARM.attributes
                0x00000099       0x33 ./Sources/Functions.o
 .ARM.attributes
                0x000000cc       0x33 ./Sources/main.o
 .ARM.attributes
                0x000000ff       0x33 ./Project_Settings/Startup_Code/startup.o
 .ARM.attributes
                0x00000132       0x33 ./Generated_Code/CD1.o
 .ARM.attributes
                0x00000165       0x33 ./Generated_Code/Cpu.o
 .ARM.attributes
                0x00000198       0x33 ./Generated_Code/FAT1.o
 .ARM.attributes
                0x000001cb       0x33 ./Generated_Code/PE_LDD.o
 .ARM.attributes
                0x000001fe       0x33 ./Generated_Code/SD1.o
 .ARM.attributes
                0x00000231       0x33 ./Generated_Code/SM1.o
 .ARM.attributes
                0x00000264       0x33 ./Generated_Code/SS1.o
 .ARM.attributes
                0x00000297       0x33 ./Generated_Code/TI1.o
 .ARM.attributes
                0x000002ca       0x33 ./Generated_Code/TMOUT1.o
 .ARM.attributes
                0x000002fd       0x33 ./Generated_Code/TU1.o
 .ARM.attributes
                0x00000330       0x33 ./Generated_Code/TimerIntLdd1.o
 .ARM.attributes
                0x00000363       0x33 ./Generated_Code/TmDt1.o
 .ARM.attributes
                0x00000396       0x33 ./Generated_Code/UTIL1.o
 .ARM.attributes
                0x000003c9       0x33 ./Generated_Code/WAIT1.o
 .ARM.attributes
                0x000003fc       0x33 ./Generated_Code/ff.o
 .ARM.attributes
                0x0000042f       0x2e c:/users/lguillain/downloads/gcc/bin/../lib/gcc/arm-none-eabi/4.9.3/../../../../arm-none-eabi/lib/armv7e-m\libg_nano.a(lib_a-strlen.o)
OUTPUT(SD_CARD.elf elf32-littlearm)

.debug_info     0x00000000     0xb3ab
 .debug_info    0x00000000      0xaa9 ./Static_Code/System/CPU_Init.o
 .debug_info    0x00000aa9      0x821 ./Static_Code/System/Vectors.o
 .debug_info    0x000012ca      0x144 ./Sources/Events.o
 .debug_info    0x0000140e       0x3b ./Sources/Functions.o
 .debug_info    0x00001449      0x710 ./Sources/main.o
 .debug_info    0x00001b59      0x377 ./Project_Settings/Startup_Code/startup.o
 .debug_info    0x00001ed0      0x4ab ./Generated_Code/CD1.o
 .debug_info    0x0000237b      0x19e ./Generated_Code/Cpu.o
 .debug_info    0x00002519      0x71c ./Generated_Code/FAT1.o
 .debug_info    0x00002c35      0x249 ./Generated_Code/PE_LDD.o
 .debug_info    0x00002e7e     0x1205 ./Generated_Code/SD1.o
 .debug_info    0x00004083      0x9c2 ./Generated_Code/SM1.o
 .debug_info    0x00004a45      0x523 ./Generated_Code/SS1.o
 .debug_info    0x00004f68       0xce ./Generated_Code/TI1.o
 .debug_info    0x00005036      0x2b5 ./Generated_Code/TMOUT1.o
 .debug_info    0x000052eb      0x64b ./Generated_Code/TU1.o
 .debug_info    0x00005936      0x1b8 ./Generated_Code/TimerIntLdd1.o
 .debug_info    0x00005aee      0x3c1 ./Generated_Code/TmDt1.o
 .debug_info    0x00005eaf     0x1eea ./Generated_Code/UTIL1.o
 .debug_info    0x00007d99      0x17c ./Generated_Code/WAIT1.o
 .debug_info    0x00007f15     0x3496 ./Generated_Code/ff.o

.debug_abbrev   0x00000000     0x1d3c
 .debug_abbrev  0x00000000      0x1de ./Static_Code/System/CPU_Init.o
 .debug_abbrev  0x000001de       0xd8 ./Static_Code/System/Vectors.o
 .debug_abbrev  0x000002b6       0xab ./Sources/Events.o
 .debug_abbrev  0x00000361       0x2f ./Sources/Functions.o
 .debug_abbrev  0x00000390      0x1a3 ./Sources/main.o
 .debug_abbrev  0x00000533      0x1ac ./Project_Settings/Startup_Code/startup.o
 .debug_abbrev  0x000006df      0x16c ./Generated_Code/CD1.o
 .debug_abbrev  0x0000084b       0xb7 ./Generated_Code/Cpu.o
 .debug_abbrev  0x00000902      0x1ae ./Generated_Code/FAT1.o
 .debug_abbrev  0x00000ab0      0x12b ./Generated_Code/PE_LDD.o
 .debug_abbrev  0x00000bdb      0x275 ./Generated_Code/SD1.o
 .debug_abbrev  0x00000e50      0x24d ./Generated_Code/SM1.o
 .debug_abbrev  0x0000109d      0x1a4 ./Generated_Code/SS1.o
 .debug_abbrev  0x00001241       0x86 ./Generated_Code/TI1.o
 .debug_abbrev  0x000012c7       0xcd ./Generated_Code/TMOUT1.o
 .debug_abbrev  0x00001394      0x19c ./Generated_Code/TU1.o
 .debug_abbrev  0x00001530      0x13b ./Generated_Code/TimerIntLdd1.o
 .debug_abbrev  0x0000166b      0x196 ./Generated_Code/TmDt1.o
 .debug_abbrev  0x00001801      0x1f7 ./Generated_Code/UTIL1.o
 .debug_abbrev  0x000019f8       0xe0 ./Generated_Code/WAIT1.o
 .debug_abbrev  0x00001ad8      0x264 ./Generated_Code/ff.o

.debug_loc      0x00000000     0x8531
 .debug_loc     0x00000000       0x84 ./Static_Code/System/CPU_Init.o
 .debug_loc     0x00000084       0xe3 ./Project_Settings/Startup_Code/startup.o
 .debug_loc     0x00000167       0x6a ./Generated_Code/CD1.o
 .debug_loc     0x000001d1      0x5e6 ./Generated_Code/FAT1.o
 .debug_loc     0x000007b7       0xc3 ./Generated_Code/PE_LDD.o
 .debug_loc     0x0000087a      0xe37 ./Generated_Code/SD1.o
 .debug_loc     0x000016b1      0x2b1 ./Generated_Code/SM1.o
 .debug_loc     0x00001962       0x68 ./Generated_Code/SS1.o
 .debug_loc     0x000019ca       0x21 ./Generated_Code/TI1.o
 .debug_loc     0x000019eb      0x1c5 ./Generated_Code/TMOUT1.o
 .debug_loc     0x00001bb0       0xbc ./Generated_Code/TU1.o
 .debug_loc     0x00001c6c       0x64 ./Generated_Code/TimerIntLdd1.o
 .debug_loc     0x00001cd0      0x4c6 ./Generated_Code/TmDt1.o
 .debug_loc     0x00002196     0x2364 ./Generated_Code/UTIL1.o
 .debug_loc     0x000044fa       0x95 ./Generated_Code/WAIT1.o
 .debug_loc     0x0000458f     0x3fa2 ./Generated_Code/ff.o

.debug_aranges  0x00000000      0xbc0
 .debug_aranges
                0x00000000       0x40 ./Static_Code/System/CPU_Init.o
 .debug_aranges
                0x00000040      0x340 ./Static_Code/System/Vectors.o
 .debug_aranges
                0x00000380       0x40 ./Sources/Events.o
 .debug_aranges
                0x000003c0       0x20 ./Sources/Functions.o
 .debug_aranges
                0x000003e0       0x20 ./Sources/main.o
 .debug_aranges
                0x00000400       0x60 ./Project_Settings/Startup_Code/startup.o
 .debug_aranges
                0x00000460       0x30 ./Generated_Code/CD1.o
 .debug_aranges
                0x00000490       0x28 ./Generated_Code/Cpu.o
 .debug_aranges
                0x000004b8       0x78 ./Generated_Code/FAT1.o
 .debug_aranges
                0x00000530       0x30 ./Generated_Code/PE_LDD.o
 .debug_aranges
                0x00000560       0xc8 ./Generated_Code/SD1.o
 .debug_aranges
                0x00000628       0x60 ./Generated_Code/SM1.o
 .debug_aranges
                0x00000688       0x48 ./Generated_Code/SS1.o
 .debug_aranges
                0x000006d0       0x20 ./Generated_Code/TI1.o
 .debug_aranges
                0x000006f0       0x50 ./Generated_Code/TMOUT1.o
 .debug_aranges
                0x00000740       0x28 ./Generated_Code/TU1.o
 .debug_aranges
                0x00000768       0x28 ./Generated_Code/TimerIntLdd1.o
 .debug_aranges
                0x00000790       0x58 ./Generated_Code/TmDt1.o
 .debug_aranges
                0x000007e8      0x1c8 ./Generated_Code/UTIL1.o
 .debug_aranges
                0x000009b0       0x40 ./Generated_Code/WAIT1.o
 .debug_aranges
                0x000009f0      0x1d0 ./Generated_Code/ff.o

.debug_ranges   0x00000000      0xab8
 .debug_ranges  0x00000000       0x30 ./Static_Code/System/CPU_Init.o
 .debug_ranges  0x00000030      0x330 ./Static_Code/System/Vectors.o
 .debug_ranges  0x00000360       0x30 ./Sources/Events.o
 .debug_ranges  0x00000390       0x10 ./Sources/Functions.o
 .debug_ranges  0x000003a0       0x10 ./Sources/main.o
 .debug_ranges  0x000003b0       0x50 ./Project_Settings/Startup_Code/startup.o
 .debug_ranges  0x00000400       0x20 ./Generated_Code/CD1.o
 .debug_ranges  0x00000420       0x18 ./Generated_Code/Cpu.o
 .debug_ranges  0x00000438       0x68 ./Generated_Code/FAT1.o
 .debug_ranges  0x000004a0       0x20 ./Generated_Code/PE_LDD.o
 .debug_ranges  0x000004c0       0xb8 ./Generated_Code/SD1.o
 .debug_ranges  0x00000578       0x50 ./Generated_Code/SM1.o
 .debug_ranges  0x000005c8       0x38 ./Generated_Code/SS1.o
 .debug_ranges  0x00000600       0x10 ./Generated_Code/TI1.o
 .debug_ranges  0x00000610       0x40 ./Generated_Code/TMOUT1.o
 .debug_ranges  0x00000650       0x18 ./Generated_Code/TU1.o
 .debug_ranges  0x00000668       0x18 ./Generated_Code/TimerIntLdd1.o
 .debug_ranges  0x00000680       0x48 ./Generated_Code/TmDt1.o
 .debug_ranges  0x000006c8      0x1b8 ./Generated_Code/UTIL1.o
 .debug_ranges  0x00000880       0x30 ./Generated_Code/WAIT1.o
 .debug_ranges  0x000008b0      0x208 ./Generated_Code/ff.o

.debug_macro    0x00000000    0x1fb66
 .debug_macro   0x00000000      0x2cf ./Static_Code/System/CPU_Init.o
 .debug_macro   0x000002cf      0x874 ./Static_Code/System/CPU_Init.o
 .debug_macro   0x00000b43      0x34e ./Static_Code/System/CPU_Init.o
 .debug_macro   0x00000e91     0x1791 ./Static_Code/System/CPU_Init.o
 .debug_macro   0x00002622    0x10f7a ./Static_Code/System/CPU_Init.o
 .debug_macro   0x0001359c      0x472 ./Static_Code/System/CPU_Init.o
 .debug_macro   0x00013a0e      0x14e ./Static_Code/System/CPU_Init.o
 .debug_macro   0x00013b5c       0x6a ./Static_Code/System/CPU_Init.o
 .debug_macro   0x00013bc6       0x58 ./Static_Code/System/CPU_Init.o
 .debug_macro   0x00013c1e       0x22 ./Static_Code/System/CPU_Init.o
 .debug_macro   0x00013c40       0x35 ./Static_Code/System/CPU_Init.o
 .debug_macro   0x00013c75       0x9c ./Static_Code/System/CPU_Init.o
 .debug_macro   0x00013d11       0x1c ./Static_Code/System/CPU_Init.o
 .debug_macro   0x00013d2d       0x52 ./Static_Code/System/CPU_Init.o
 .debug_macro   0x00013d7f       0x94 ./Static_Code/System/CPU_Init.o
 .debug_macro   0x00013e13      0x642 ./Static_Code/System/CPU_Init.o
 .debug_macro   0x00014455       0x5f ./Static_Code/System/CPU_Init.o
 .debug_macro   0x000144b4      0x131 ./Static_Code/System/CPU_Init.o
 .debug_macro   0x000145e5       0x46 ./Static_Code/System/CPU_Init.o
 .debug_macro   0x0001462b       0x3a ./Static_Code/System/CPU_Init.o
 .debug_macro   0x00014665       0x3d ./Static_Code/System/CPU_Init.o
 .debug_macro   0x000146a2       0x2e ./Static_Code/System/CPU_Init.o
 .debug_macro   0x000146d0       0x1c ./Static_Code/System/CPU_Init.o
 .debug_macro   0x000146ec       0x1c ./Static_Code/System/CPU_Init.o
 .debug_macro   0x00014708       0xe4 ./Static_Code/System/CPU_Init.o
 .debug_macro   0x000147ec       0xd6 ./Static_Code/System/CPU_Init.o
 .debug_macro   0x000148c2       0xeb ./Static_Code/System/CPU_Init.o
 .debug_macro   0x000149ad       0x1c ./Static_Code/System/CPU_Init.o
 .debug_macro   0x000149c9      0x16d ./Static_Code/System/CPU_Init.o
 .debug_macro   0x00014b36       0x4a ./Static_Code/System/CPU_Init.o
 .debug_macro   0x00014b80       0x52 ./Static_Code/System/CPU_Init.o
 .debug_macro   0x00014bd2       0x16 ./Static_Code/System/CPU_Init.o
 .debug_macro   0x00014be8       0x43 ./Static_Code/System/CPU_Init.o
 .debug_macro   0x00014c2b      0x180 ./Static_Code/System/CPU_Init.o
 .debug_macro   0x00014dab      0x27a ./Static_Code/System/CPU_Init.o
 .debug_macro   0x00015025       0x10 ./Static_Code/System/CPU_Init.o
 .debug_macro   0x00015035       0x35 ./Static_Code/System/CPU_Init.o
 .debug_macro   0x0001506a       0x19 ./Static_Code/System/CPU_Init.o
 .debug_macro   0x00015083       0xf4 ./Static_Code/System/CPU_Init.o
 .debug_macro   0x00015177       0xe0 ./Static_Code/System/CPU_Init.o
 .debug_macro   0x00015257      0x6a6 ./Static_Code/System/CPU_Init.o
 .debug_macro   0x000158fd       0x49 ./Static_Code/System/CPU_Init.o
 .debug_macro   0x00015946       0x1c ./Static_Code/System/CPU_Init.o
 .debug_macro   0x00015962       0x4c ./Static_Code/System/CPU_Init.o
 .debug_macro   0x000159ae      0x29f ./Static_Code/System/CPU_Init.o
 .debug_macro   0x00015c4d      0x2bd ./Static_Code/System/Vectors.o
 .debug_macro   0x00015f0a      0x3d9 ./Sources/Events.o
 .debug_macro   0x000162e3      0x61c ./Sources/Events.o
 .debug_macro   0x000168ff      0x626 ./Sources/Events.o
 .debug_macro   0x00016f25      0x327 ./Sources/Events.o
 .debug_macro   0x0001724c      0x1e8 ./Sources/Events.o
 .debug_macro   0x00017434      0x109 ./Sources/Events.o
 .debug_macro   0x0001753d      0x17e ./Sources/Events.o
 .debug_macro   0x000176bb      0x200 ./Sources/Events.o
 .debug_macro   0x000178bb      0x91e ./Sources/Events.o
 .debug_macro   0x000181d9      0x588 ./Sources/Events.o
 .debug_macro   0x00018761       0x9e ./Sources/Events.o
 .debug_macro   0x000187ff      0x1f7 ./Sources/Events.o
 .debug_macro   0x000189f6      0x50f ./Sources/Events.o
 .debug_macro   0x00018f05      0x297 ./Sources/Events.o
 .debug_macro   0x0001919c      0x318 ./Sources/Events.o
 .debug_macro   0x000194b4      0x25a ./Sources/Events.o
 .debug_macro   0x0001970e      0x13d ./Sources/Events.o
 .debug_macro   0x0001984b      0x30b ./Sources/Events.o
 .debug_macro   0x00019b56       0xba ./Sources/Events.o
 .debug_macro   0x00019c10       0xe9 ./Sources/Events.o
 .debug_macro   0x00019cf9      0x4e9 ./Sources/Events.o
 .debug_macro   0x0001a1e2      0x191 ./Sources/Events.o
 .debug_macro   0x0001a373       0xea ./Sources/Events.o
 .debug_macro   0x0001a45d      0x348 ./Sources/Events.o
 .debug_macro   0x0001a7a5      0x7d6 ./Sources/Events.o
 .debug_macro   0x0001af7b      0x179 ./Sources/Events.o
 .debug_macro   0x0001b0f4      0x645 ./Sources/Events.o
 .debug_macro   0x0001b739      0x892 ./Sources/Events.o
 .debug_macro   0x0001bfcb      0x11c ./Sources/Events.o
 .debug_macro   0x0001c0e7       0x81 ./Sources/Events.o
 .debug_macro   0x0001c168      0x7bf ./Sources/Events.o
 .debug_macro   0x0001c927      0x10f ./Sources/Events.o
 .debug_macro   0x0001ca36      0x614 ./Sources/Events.o
 .debug_macro   0x0001d04a      0x181 ./Sources/Events.o
 .debug_macro   0x0001d1cb       0x1b ./Sources/Functions.o
 .debug_macro   0x0001d1e6      0x3ec ./Sources/main.o
 .debug_macro   0x0001d5d2      0x10b ./Project_Settings/Startup_Code/startup.o
 .debug_macro   0x0001d6dd       0x16 ./Project_Settings/Startup_Code/startup.o
 .debug_macro   0x0001d6f3       0x16 ./Project_Settings/Startup_Code/startup.o
 .debug_macro   0x0001d709       0x29 ./Project_Settings/Startup_Code/startup.o
 .debug_macro   0x0001d732       0xdf ./Generated_Code/CD1.o
 .debug_macro   0x0001d811      0x12b ./Generated_Code/CD1.o
 .debug_macro   0x0001d93c       0x34 ./Generated_Code/CD1.o
 .debug_macro   0x0001d970      0x29d ./Generated_Code/Cpu.o
 .debug_macro   0x0001dc0d      0x20c ./Generated_Code/FAT1.o
 .debug_macro   0x0001de19       0xee ./Generated_Code/FAT1.o
 .debug_macro   0x0001df07       0xee ./Generated_Code/FAT1.o
 .debug_macro   0x0001dff5      0x262 ./Generated_Code/PE_LDD.o
 .debug_macro   0x0001e257      0x2ff ./Generated_Code/SD1.o
 .debug_macro   0x0001e556      0x2ad ./Generated_Code/SM1.o
 .debug_macro   0x0001e803       0xdf ./Generated_Code/SS1.o
 .debug_macro   0x0001e8e2      0x2a2 ./Generated_Code/TI1.o
 .debug_macro   0x0001eb84       0xdc ./Generated_Code/TMOUT1.o
 .debug_macro   0x0001ec60       0xf4 ./Generated_Code/TU1.o
 .debug_macro   0x0001ed54      0x6a0 ./Generated_Code/TU1.o
 .debug_macro   0x0001f3f4       0xfe ./Generated_Code/TimerIntLdd1.o
 .debug_macro   0x0001f4f2       0xe2 ./Generated_Code/TmDt1.o
 .debug_macro   0x0001f5d4       0x16 ./Generated_Code/TmDt1.o
 .debug_macro   0x0001f5ea      0x172 ./Generated_Code/UTIL1.o
 .debug_macro   0x0001f75c       0xc7 ./Generated_Code/WAIT1.o
 .debug_macro   0x0001f823       0x37 ./Generated_Code/WAIT1.o
 .debug_macro   0x0001f85a      0x2b4 ./Generated_Code/ff.o
 .debug_macro   0x0001fb0e       0x58 ./Generated_Code/ff.o

.debug_line     0x00000000     0x7d5a
 .debug_line    0x00000000      0x638 ./Static_Code/System/CPU_Init.o
 .debug_line    0x00000638      0xc17 ./Static_Code/System/Vectors.o
 .debug_line    0x0000124f      0x70c ./Sources/Events.o
 .debug_line    0x0000195b       0x5a ./Sources/Functions.o
 .debug_line    0x000019b5      0x6f8 ./Sources/main.o
 .debug_line    0x000020ad      0x313 ./Project_Settings/Startup_Code/startup.o
 .debug_line    0x000023c0      0x3b6 ./Generated_Code/CD1.o
 .debug_line    0x00002776      0x50d ./Generated_Code/Cpu.o
 .debug_line    0x00002c83      0x5b3 ./Generated_Code/FAT1.o
 .debug_line    0x00003236      0x518 ./Generated_Code/PE_LDD.o
 .debug_line    0x0000374e      0x8f0 ./Generated_Code/SD1.o
 .debug_line    0x0000403e      0x620 ./Generated_Code/SM1.o
 .debug_line    0x0000465e      0x3ec ./Generated_Code/SS1.o
 .debug_line    0x00004a4a      0x4f6 ./Generated_Code/TI1.o
 .debug_line    0x00004f40      0x3d3 ./Generated_Code/TMOUT1.o
 .debug_line    0x00005313      0x3d7 ./Generated_Code/TU1.o
 .debug_line    0x000056ea      0x3ca ./Generated_Code/TimerIntLdd1.o
 .debug_line    0x00005ab4      0x3fd ./Generated_Code/TmDt1.o
 .debug_line    0x00005eb1      0xbc7 ./Generated_Code/UTIL1.o
 .debug_line    0x00006a78      0x35f ./Generated_Code/WAIT1.o
 .debug_line    0x00006dd7      0xf83 ./Generated_Code/ff.o

.debug_str      0x00000000    0xe62de
 .debug_str     0x00000000    0x7d963 ./Static_Code/System/CPU_Init.o
                              0x7dbaa (size before relaxing)
 .debug_str     0x0007d963      0x9ed ./Static_Code/System/Vectors.o
                              0x7dfee (size before relaxing)
 .debug_str     0x0007e350    0x65813 ./Sources/Events.o
                              0xe1dc9 (size before relaxing)
 .debug_str     0x000e3b63       0x25 ./Sources/Functions.o
                               0x24ab (size before relaxing)
 .debug_str     0x000e3b88      0x27f ./Sources/main.o
                              0xe2026 (size before relaxing)
 .debug_str     0x000e3e07      0x23b ./Project_Settings/Startup_Code/startup.o
                               0x4d3f (size before relaxing)
 .debug_str     0x000e4042       0xf7 ./Generated_Code/CD1.o
                              0x6a5f9 (size before relaxing)
 .debug_str     0x000e4139       0x53 ./Generated_Code/Cpu.o
                              0x7c65a (size before relaxing)
 .debug_str     0x000e418c      0x174 ./Generated_Code/FAT1.o
                              0x73a26 (size before relaxing)
 .debug_str     0x000e4300      0x166 ./Generated_Code/PE_LDD.o
                              0x7c772 (size before relaxing)
 .debug_str     0x000e4466      0x4d4 ./Generated_Code/SD1.o
                              0x7cc04 (size before relaxing)
 .debug_str     0x000e493a      0x2bf ./Generated_Code/SM1.o
                              0x7cad5 (size before relaxing)
 .debug_str     0x000e4bf9       0x5c ./Generated_Code/SS1.o
                              0x6a669 (size before relaxing)
 .debug_str     0x000e4c55       0x31 ./Generated_Code/TI1.o
                              0x7c60c (size before relaxing)
 .debug_str     0x000e4c86       0x99 ./Generated_Code/TMOUT1.o
                              0x698ff (size before relaxing)
 .debug_str     0x000e4d1f      0x186 ./Generated_Code/TU1.o
                              0x72cb4 (size before relaxing)
 .debug_str     0x000e4ea5       0x90 ./Generated_Code/TimerIntLdd1.o
                              0x72ad5 (size before relaxing)
 .debug_str     0x000e4f35       0xbb ./Generated_Code/TmDt1.o
                              0x698f8 (size before relaxing)
 .debug_str     0x000e4ff0      0x6bc ./Generated_Code/UTIL1.o
                              0x6be04 (size before relaxing)
 .debug_str     0x000e56ac       0x66 ./Generated_Code/WAIT1.o
                              0x69976 (size before relaxing)
 .debug_str     0x000e5712      0xbcc ./Generated_Code/ff.o
                               0xb5fb (size before relaxing)

.comment        0x00000000       0x70
 .comment       0x00000000       0x70 ./Static_Code/System/CPU_Init.o
                                 0x71 (size before relaxing)
 .comment       0x00000000       0x71 ./Static_Code/System/Vectors.o
 .comment       0x00000000       0x71 ./Sources/Events.o
 .comment       0x00000000       0x71 ./Sources/Functions.o
 .comment       0x00000000       0x71 ./Sources/main.o
 .comment       0x00000000       0x71 ./Project_Settings/Startup_Code/startup.o
 .comment       0x00000000       0x71 ./Generated_Code/CD1.o
 .comment       0x00000000       0x71 ./Generated_Code/Cpu.o
 .comment       0x00000000       0x71 ./Generated_Code/FAT1.o
 .comment       0x00000000       0x71 ./Generated_Code/PE_LDD.o
 .comment       0x00000000       0x71 ./Generated_Code/SD1.o
 .comment       0x00000000       0x71 ./Generated_Code/SM1.o
 .comment       0x00000000       0x71 ./Generated_Code/SS1.o
 .comment       0x00000000       0x71 ./Generated_Code/TI1.o
 .comment       0x00000000       0x71 ./Generated_Code/TMOUT1.o
 .comment       0x00000000       0x71 ./Generated_Code/TU1.o
 .comment       0x00000000       0x71 ./Generated_Code/TimerIntLdd1.o
 .comment       0x00000000       0x71 ./Generated_Code/TmDt1.o
 .comment       0x00000000       0x71 ./Generated_Code/UTIL1.o
 .comment       0x00000000       0x71 ./Generated_Code/WAIT1.o
 .comment       0x00000000       0x71 ./Generated_Code/ff.o

.debug_frame    0x00000000     0x2538
 .debug_frame   0x00000000       0x88 ./Static_Code/System/CPU_Init.o
 .debug_frame   0x00000088      0xcb0 ./Static_Code/System/Vectors.o
 .debug_frame   0x00000d38       0x68 ./Sources/Events.o
 .debug_frame   0x00000da0       0x20 ./Sources/Functions.o
 .debug_frame   0x00000dc0       0x2c ./Sources/main.o
 .debug_frame   0x00000dec       0xbc ./Project_Settings/Startup_Code/startup.o
 .debug_frame   0x00000ea8       0x40 ./Generated_Code/CD1.o
 .debug_frame   0x00000ee8       0x48 ./Generated_Code/Cpu.o
 .debug_frame   0x00000f30      0x140 ./Generated_Code/FAT1.o
 .debug_frame   0x00001070       0x40 ./Generated_Code/PE_LDD.o
 .debug_frame   0x000010b0      0x294 ./Generated_Code/SD1.o
 .debug_frame   0x00001344      0x104 ./Generated_Code/SM1.o
 .debug_frame   0x00001448       0x70 ./Generated_Code/SS1.o
 .debug_frame   0x000014b8       0x28 ./Generated_Code/TI1.o
 .debug_frame   0x000014e0       0xbc ./Generated_Code/TMOUT1.o
 .debug_frame   0x0000159c       0x40 ./Generated_Code/TU1.o
 .debug_frame   0x000015dc       0x40 ./Generated_Code/TimerIntLdd1.o
 .debug_frame   0x0000161c       0xe8 ./Generated_Code/TmDt1.o
 .debug_frame   0x00001704      0x6b0 ./Generated_Code/UTIL1.o
 .debug_frame   0x00001db4       0x78 ./Generated_Code/WAIT1.o
 .debug_frame   0x00001e2c      0x6ec ./Generated_Code/ff.o
 .debug_frame   0x00002518       0x20 c:/users/lguillain/downloads/gcc/bin/../lib/gcc/arm-none-eabi/4.9.3/../../../../arm-none-eabi/lib/armv7e-m\libg_nano.a(lib_a-strlen.o)
