Archive member included because of file (symbol)

c:/users/lguillain/downloads/gcc/bin/../lib/gcc/arm-none-eabi/4.9.3/../../../../arm-none-eabi/lib/armv7e-m\libg_nano.a(lib_a-memset.o)
                              ./Sources/main.o (memset)
c:/users/lguillain/downloads/gcc/bin/../lib/gcc/arm-none-eabi/4.9.3/../../../../arm-none-eabi/lib/armv7e-m\libg_nano.a(lib_a-strlen.o)
                              ./Sources/SSD1351.o (strlen)

Allocating common symbols
Common symbol       size              file

SMasterLdd2_DeviceDataPtr
                    0x4               ./Generated_Code/SM2.o
SR_reg              0x1               ./Static_Code/System/CPU_Init.o
SMasterLdd1_DeviceDataPtr
                    0x4               ./Generated_Code/SM1.o

Discarded input sections

 .group         0x00000000        0x8 ./Static_Code/System/CPU_Init.o
 .group         0x00000000        0x8 ./Static_Code/System/CPU_Init.o
 .group         0x00000000        0x8 ./Static_Code/System/CPU_Init.o
 .group         0x00000000        0x8 ./Static_Code/System/CPU_Init.o
 .group         0x00000000        0x8 ./Static_Code/System/CPU_Init.o
 .group         0x00000000        0x8 ./Static_Code/System/CPU_Init.o
 .group         0x00000000        0x8 ./Static_Code/System/CPU_Init.o
 .group         0x00000000        0x8 ./Static_Code/System/CPU_Init.o
 .group         0x00000000        0x8 ./Static_Code/System/CPU_Init.o
 .group         0x00000000        0x8 ./Static_Code/System/CPU_Init.o
 .group         0x00000000        0x8 ./Static_Code/System/CPU_Init.o
 .group         0x00000000        0x8 ./Static_Code/System/CPU_Init.o
 .group         0x00000000        0x8 ./Static_Code/System/CPU_Init.o
 .group         0x00000000        0x8 ./Static_Code/System/CPU_Init.o
 .group         0x00000000        0x8 ./Static_Code/System/CPU_Init.o
 .group         0x00000000        0x8 ./Static_Code/System/CPU_Init.o
 .group         0x00000000        0x8 ./Static_Code/System/CPU_Init.o
 .group         0x00000000        0x8 ./Static_Code/System/CPU_Init.o
 .group         0x00000000        0x8 ./Static_Code/System/CPU_Init.o
 .group         0x00000000        0x8 ./Static_Code/System/CPU_Init.o
 .group         0x00000000        0x8 ./Static_Code/System/CPU_Init.o
 .group         0x00000000        0x8 ./Static_Code/System/CPU_Init.o
 .group         0x00000000        0x8 ./Static_Code/System/CPU_Init.o
 .group         0x00000000        0x8 ./Static_Code/System/CPU_Init.o
 .group         0x00000000        0x8 ./Static_Code/System/CPU_Init.o
 .text          0x00000000        0x0 ./Static_Code/System/CPU_Init.o
 .data          0x00000000        0x0 ./Static_Code/System/CPU_Init.o
 .bss           0x00000000        0x0 ./Static_Code/System/CPU_Init.o
 .bss.ClockConfigurationID
                0x00000000        0x1 ./Static_Code/System/CPU_Init.o
 .group         0x00000000        0x8 ./Static_Code/System/Peripherals_Init.o
 .group         0x00000000        0x8 ./Static_Code/System/Peripherals_Init.o
 .group         0x00000000        0x8 ./Static_Code/System/Peripherals_Init.o
 .group         0x00000000        0x8 ./Static_Code/System/Peripherals_Init.o
 .text          0x00000000        0x0 ./Static_Code/System/Peripherals_Init.o
 .data          0x00000000        0x0 ./Static_Code/System/Peripherals_Init.o
 .bss           0x00000000        0x0 ./Static_Code/System/Peripherals_Init.o
 .text.Peripherals_Init
                0x00000000        0x4 ./Static_Code/System/Peripherals_Init.o
 .debug_info    0x00000000       0x96 ./Static_Code/System/Peripherals_Init.o
 .debug_abbrev  0x00000000       0x45 ./Static_Code/System/Peripherals_Init.o
 .debug_aranges
                0x00000000       0x20 ./Static_Code/System/Peripherals_Init.o
 .debug_ranges  0x00000000       0x10 ./Static_Code/System/Peripherals_Init.o
 .debug_macro   0x00000000       0x50 ./Static_Code/System/Peripherals_Init.o
 .debug_macro   0x00000000      0x874 ./Static_Code/System/Peripherals_Init.o
 .debug_macro   0x00000000      0x34e ./Static_Code/System/Peripherals_Init.o
 .debug_macro   0x00000000     0x1798 ./Static_Code/System/Peripherals_Init.o
 .debug_macro   0x00000000      0x472 ./Static_Code/System/Peripherals_Init.o
 .debug_line    0x00000000      0x179 ./Static_Code/System/Peripherals_Init.o
 .debug_str     0x00000000     0xb233 ./Static_Code/System/Peripherals_Init.o
 .comment       0x00000000       0x71 ./Static_Code/System/Peripherals_Init.o
 .debug_frame   0x00000000       0x20 ./Static_Code/System/Peripherals_Init.o
 .ARM.attributes
                0x00000000       0x33 ./Static_Code/System/Peripherals_Init.o
 .group         0x00000000        0x8 ./Static_Code/System/Vectors.o
 .group         0x00000000        0x8 ./Static_Code/System/Vectors.o
 .group         0x00000000        0x8 ./Static_Code/System/Vectors.o
 .group         0x00000000        0x8 ./Static_Code/System/Vectors.o
 .group         0x00000000        0x8 ./Static_Code/System/Vectors.o
[...]
Memory Configuration

Name             Origin             Length             Attributes
m_interrupts     0x00000000         0x00000198         xr
m_text           0x00000410         0x000ffbf0         xr
m_data_1FFF0000  0x1fff0000         0x00010000         rw
m_data           0x20000000         0x00030000         rw
m_cfmprotrom     0x00000400         0x00000010         xr
*default*        0x00000000         0xffffffff

Linker script and memory map

LOAD ./Static_Code/System/CPU_Init.o
LOAD ./Static_Code/System/Peripherals_Init.o
LOAD ./Static_Code/System/Vectors.o
LOAD ./Static_Code/Peripherals/ADC0_Init.o
LOAD ./Static_Code/Peripherals/ADC1_Init.o
LOAD ./Static_Code/Peripherals/AIPS0_Init.o
LOAD ./Static_Code/Peripherals/AIPS1_Init.o
LOAD ./Static_Code/Peripherals/AXBS_Init.o
LOAD ./Static_Code/Peripherals/CAN0_Init.o
LOAD ./Static_Code/Peripherals/CMP0_Init.o
LOAD ./Static_Code/Peripherals/CMP1_Init.o
LOAD ./Static_Code/Peripherals/CMP2_Init.o
LOAD ./Static_Code/Peripherals/CMT_Init.o
LOAD ./Static_Code/Peripherals/CRC_Init.o
LOAD ./Static_Code/Peripherals/DAC0_Init.o
LOAD ./Static_Code/Peripherals/DMAMUX_Init.o
LOAD ./Static_Code/Peripherals/DMA_Init.o
LOAD ./Static_Code/Peripherals/ENET_Init.o
LOAD ./Static_Code/Peripherals/EWM_Init.o
LOAD ./Static_Code/Peripherals/FB_Init.o
LOAD ./Static_Code/Peripherals/FMC_Init.o
LOAD ./Static_Code/Peripherals/FTFE_Init.o
LOAD ./Static_Code/Peripherals/FTM0_Init.o
LOAD ./Static_Code/Peripherals/FTM1_Init.o
LOAD ./Static_Code/Peripherals/FTM2_Init.o
LOAD ./Static_Code/Peripherals/FTM3_Init.o
LOAD ./Static_Code/Peripherals/I2C0_Init.o
LOAD ./Static_Code/Peripherals/I2C1_Init.o
LOAD ./Static_Code/Peripherals/I2C2_Init.o
LOAD ./Static_Code/Peripherals/I2S0_Init.o
LOAD ./Static_Code/Peripherals/LLWU_Init.o
LOAD ./Static_Code/Peripherals/LPTMR0_Init.o
LOAD ./Static_Code/Peripherals/MCM_Init.o
LOAD ./Static_Code/Peripherals/MPU_Init.o
LOAD ./Static_Code/Peripherals/NVIC_Init.o
LOAD ./Static_Code/Peripherals/PDB0_Init.o
LOAD ./Static_Code/Peripherals/PIT_Init.o
LOAD ./Static_Code/Peripherals/PMC_Init.o
LOAD ./Static_Code/Peripherals/PORTA_Init.o
LOAD ./Static_Code/Peripherals/PORTB_Init.o
LOAD ./Static_Code/Peripherals/PORTC_Init.o
LOAD ./Static_Code/Peripherals/PORTD_Init.o
LOAD ./Static_Code/Peripherals/PORTE_Init.o
LOAD ./Static_Code/Peripherals/PTA_Init.o
LOAD ./Static_Code/Peripherals/PTB_Init.o
LOAD ./Static_Code/Peripherals/PTC_Init.o
LOAD ./Static_Code/Peripherals/PTD_Init.o
LOAD ./Static_Code/Peripherals/PTE_Init.o
LOAD ./Static_Code/Peripherals/RCM_Init.o
LOAD ./Static_Code/Peripherals/RNG_Init.o
LOAD ./Static_Code/Peripherals/RTC_Init.o
LOAD ./Static_Code/Peripherals/SDHC_Init.o
LOAD ./Static_Code/Peripherals/SIM_Init.o
LOAD ./Static_Code/Peripherals/SMC_Init.o
LOAD ./Static_Code/Peripherals/SPI0_Init.o
LOAD ./Static_Code/Peripherals/SPI1_Init.o
LOAD ./Static_Code/Peripherals/SPI2_Init.o
LOAD ./Static_Code/Peripherals/SysTick_Init.o
LOAD ./Static_Code/Peripherals/SystemControl_Init.o
LOAD ./Static_Code/Peripherals/UART0_Init.o
LOAD ./Static_Code/Peripherals/UART1_Init.o
LOAD ./Static_Code/Peripherals/UART2_Init.o
LOAD ./Static_Code/Peripherals/UART3_Init.o
LOAD ./Static_Code/Peripherals/UART4_Init.o
LOAD ./Static_Code/Peripherals/UART5_Init.o
LOAD ./Static_Code/Peripherals/USB0_Init.o
LOAD ./Static_Code/Peripherals/USBDCD_Init.o
LOAD ./Static_Code/Peripherals/VREF_Init.o
LOAD ./Static_Code/Peripherals/WDOG_Init.o
LOAD ./Sources/Events.o
LOAD ./Sources/SSD1351.o
LOAD ./Sources/font5x8.o
LOAD ./Sources/main.o
LOAD ./Sources/spi_next.o
LOAD ./Project_Settings/Startup_Code/startup.o
LOAD ./Generated_Code/Cpu.o
LOAD ./Generated_Code/OLED_DC.o
LOAD ./Generated_Code/OLED_RESET.o
LOAD ./Generated_Code/OLED_SUPPLY.o
LOAD ./Generated_Code/PE_LDD.o
LOAD ./Generated_Code/SM1.o
LOAD ./Generated_Code/SM2.o
LOAD ./Generated_Code/SMasterLdd1.o
LOAD ./Generated_Code/SMasterLdd2.o
LOAD ./Generated_Code/SPI_NEXT_RESET.o
LOAD ./Generated_Code/WAIT1.o
LOAD c:/users/lguillain/downloads/gcc/bin/../lib/gcc/arm-none-eabi/4.9.3/../../../../arm-none-eabi/lib/armv7e-m\libstdc++_nano.a
LOAD c:/users/lguillain/downloads/gcc/bin/../lib/gcc/arm-none-eabi/4.9.3/../../../../arm-none-eabi/lib/armv7e-m\libm.a
START GROUP
LOAD c:/users/lguillain/downloads/gcc/bin/../lib/gcc/arm-none-eabi/4.9.3/armv7e-m\libgcc.a
LOAD c:/users/lguillain/downloads/gcc/bin/../lib/gcc/arm-none-eabi/4.9.3/../../../../arm-none-eabi/lib/armv7e-m\libg_nano.a
LOAD c:/users/lguillain/downloads/gcc/bin/../lib/gcc/arm-none-eabi/4.9.3/../../../../arm-none-eabi/lib/armv7e-m\libc_nano.a
END GROUP
START GROUP
LOAD c:/users/lguillain/downloads/gcc/bin/../lib/gcc/arm-none-eabi/4.9.3/armv7e-m\libgcc.a
LOAD c:/users/lguillain/downloads/gcc/bin/../lib/gcc/arm-none-eabi/4.9.3/../../../../arm-none-eabi/lib/armv7e-m\libc_nano.a
END GROUP
                0x20030000                _estack = 0x20030000
                0x20030000                __SP_INIT = _estack
                0x00000000                __heap_size = 0x0
                0x00000400                __stack_size = 0x400

.interrupts     0x00000000      0x198
                0x00000000                __vector_table = .
                0x00000000                . = ALIGN (0x4)
 *(.vectortable)
 .vectortable   0x00000000      0x198 ./Static_Code/System/Vectors.o
                0x00000000                __vect_table
                0x00000198                . = ALIGN (0x4)

.cfmprotect     0x00000400       0x10
                0x00000400                . = ALIGN (0x4)
 *(.cfmconfig)
 .cfmconfig     0x00000400       0x10 ./Static_Code/System/CPU_Init.o
                0x00000400                _cfm
                0x00000410                . = ALIGN (0x4)

.text           0x00000410     0x18f0
                0x00000410                . = ALIGN (0x4)
 *(.text)
 *(.text*)
 .text.CPU_SetBASEPRI
                0x00000410        0x8 ./Static_Code/System/CPU_Init.o
                0x00000410                CPU_SetBASEPRI
 .text.PE_low_level_init
                0x00000418       0x40 ./Static_Code/System/CPU_Init.o
                0x00000418                PE_low_level_init
 .text.CPU_GetClockGenMode
                0x00000458       0x6c ./Static_Code/System/CPU_Init.o
                0x00000458                CPU_GetClockGenMode
 .text.CPU_SetClockConfigGenMode
                0x000004c4      0x420 ./Static_Code/System/CPU_Init.o
                0x000004c4                CPU_SetClockConfigGenMode
 .text.__init_hardware
                0x000008e4       0x5c ./Static_Code/System/CPU_Init.o
                0x000008e4                __init_hardware
 .text.UnhandledInterrupt
                0x00000940       0x14 ./Static_Code/System/Vectors.o
                0x00000940                UnhandledInterrupt
 .text.Cpu_OnNMI
                0x00000954        0x4 ./Sources/Events.o
                0x00000954                Cpu_OnNMI
 .text.SM1_OnRxChar
                0x00000958        0x4 ./Sources/Events.o
                0x00000958                SM1_OnRxChar
 .text.SM1_OnTxChar
                0x0000095c        0x4 ./Sources/Events.o
                0x0000095c                SM1_OnTxChar
 .text.SM1_OnFullRxBuf
                0x00000960        0x4 ./Sources/Events.o
                0x00000960                SM1_OnFullRxBuf
 .text.SM1_OnFreeTxBuf
                0x00000964        0x4 ./Sources/Events.o
                0x00000964                SM1_OnFreeTxBuf
 .text.SM1_OnError
                0x00000968        0x4 ./Sources/Events.o
                0x00000968                SM1_OnError
 .text.writeCommand
                0x0000096c       0x14 ./Sources/SSD1351.o
                0x0000096c                writeCommand
 .text.writeData
                0x00000980       0x14 ./Sources/SSD1351.o
                0x00000980                writeData
 .text.reset    0x00000994       0x14 ./Sources/SSD1351.o
                0x00000994                reset
 .text.begin    0x000009a8      0x114 ./Sources/SSD1351.o
                0x000009a8                begin
 .text.goTo     0x00000abc       0x40 ./Sources/SSD1351.o
                0x00000abc                goTo
 .text.fillRect
                0x00000afc       0x88 ./Sources/SSD1351.o
                0x00000afc                fillRect
 .text.clear    0x00000b84       0x18 ./Sources/SSD1351.o
                0x00000b84                clear
 .text.drawPixel
                0x00000b9c       0x24 ./Sources/SSD1351.o
                0x00000b9c                drawPixel
 .text.main     0x00000bc0       0xdc ./Sources/main.o
                0x00000bc0                main
 .text.spi_next_init
                0x00000c9c       0x18 ./Sources/spi_next.o
                0x00000c9c                spi_next_init
 .text.spi_next_resart
                0x00000cb4        0x8 ./Sources/spi_next.o
                0x00000cb4                spi_next_resart
 .text.spi_next_transmit
                0x00000cbc       0x20 ./Sources/spi_next.o
                0x00000cbc                spi_next_transmit
 .text.send     0x00000cdc       0x5c ./Sources/spi_next.o
 .text.receive  0x00000d38       0xf8 ./Sources/spi_next.o
 .text.Next_clear
                0x00000e30       0x40 ./Sources/spi_next.o
 .text.sync_send
                0x00000e70       0x34 ./Sources/spi_next.o
 .text.get      0x00000ea4       0xa0 ./Sources/spi_next.o
 .text.Next_calibrate
                0x00000f44       0x38 ./Sources/spi_next.o
                0x00000f44                Next_calibrate
 .text.Next_isFinger
                0x00000f7c       0x38 ./Sources/spi_next.o
                0x00000f7c                Next_isFinger
 .text.Next_getFinger
                0x00000fb4       0x10 ./Sources/spi_next.o
                0x00000fb4                Next_getFinger
 .text.Next_version
                0x00000fc4       0x4c ./Sources/spi_next.o
                0x00000fc4                Next_version
 .text.Next_serial
                0x00001010       0x30 ./Sources/spi_next.o
                0x00001010                Next_serial
 .text.Next_diagnostic
                0x00001040       0x30 ./Sources/spi_next.o
                0x00001040                Next_diagnostic
 .text.Next_isConnected
                0x00001070       0x44 ./Sources/spi_next.o
                0x00001070                Next_isConnected
 .text.zero_fill_bss
                0x000010b4       0x4c ./Project_Settings/Startup_Code/startup.o
 .text.__copy_rom_section
                0x00001100       0x50 ./Project_Settings/Startup_Code/startup.o
                0x00001100                __copy_rom_section
 .text.__copy_rom_sections_to_ram
                0x00001150       0x50 ./Project_Settings/Startup_Code/startup.o
                0x00001150                __copy_rom_sections_to_ram
 .text.__init_registers
                0x000011a0        0x4 ./Project_Settings/Startup_Code/startup.o
                0x000011a0                __init_registers
 .text.__init_user
                0x000011a4        0x4 ./Project_Settings/Startup_Code/startup.o
                0x000011a4                __init_user
 .text.__thumb_startup
                0x000011a8       0x40 ./Project_Settings/Startup_Code/startup.o
                0x000011a8                __thumb_startup
 .text.Components_Init
                0x000011e8       0x24 ./Generated_Code/Cpu.o
                0x000011e8                Components_Init
 .text.Cpu_INT_NMIInterrupt
                0x0000120c       0x18 ./Generated_Code/Cpu.o
                0x0000120c                Cpu_INT_NMIInterrupt
 .text.OLED_DC_Init
                0x00001224       0x54 ./Generated_Code/OLED_DC.o
                0x00001224                OLED_DC_Init
 .text.OLED_DC_PutVal
                0x00001278       0x1c ./Generated_Code/OLED_DC.o
                0x00001278                OLED_DC_PutVal
 .text.OLED_RESET_Init
                0x00001294       0x54 ./Generated_Code/OLED_RESET.o
                0x00001294                OLED_RESET_Init
 .text.OLED_RESET_PutVal
                0x000012e8       0x1c ./Generated_Code/OLED_RESET.o
                0x000012e8                OLED_RESET_PutVal
 .text.OLED_SUPPLY_Init
                0x00001304       0x54 ./Generated_Code/OLED_SUPPLY.o
                0x00001304                OLED_SUPPLY_Init
 .text.OLED_SUPPLY_PutVal
                0x00001358       0x18 ./Generated_Code/OLED_SUPPLY.o
                0x00001358                OLED_SUPPLY_PutVal
 .text.SM1_SendChar
                0x00001370       0xbc ./Generated_Code/SM1.o
                0x00001370                SM1_SendChar
 .text.SM1_Init
                0x0000142c       0x68 ./Generated_Code/SM1.o
                0x0000142c                SM1_Init
 .text.SMasterLdd1_OnBlockReceived
                0x00001494       0xa4 ./Generated_Code/SM1.o
                0x00001494                SMasterLdd1_OnBlockReceived
 .text.SMasterLdd1_OnBlockSent
                0x00001538       0x94 ./Generated_Code/SM1.o
                0x00001538                SMasterLdd1_OnBlockSent
 .text.SM2_RecvChar
                0x000015cc       0x34 ./Generated_Code/SM2.o
                0x000015cc                SM2_RecvChar
 .text.SM2_SendChar
                0x00001600       0x48 ./Generated_Code/SM2.o
                0x00001600                SM2_SendChar
 .text.SM2_Init
                0x00001648       0x2c ./Generated_Code/SM2.o
                0x00001648                SM2_Init
 .text.SMasterLdd2_OnBlockReceived
                0x00001674        0x4 ./Generated_Code/SM2.o
                0x00001674                SMasterLdd2_OnBlockReceived
 .text.SMasterLdd2_OnBlockSent
                0x00001678       0x10 ./Generated_Code/SM2.o
                0x00001678                SMasterLdd2_OnBlockSent
 .text.SMasterLdd1_Init
                0x00001688       0xdc ./Generated_Code/SMasterLdd1.o
                0x00001688                SMasterLdd1_Init
 .text.SMasterLdd1_ReceiveBlock
                0x00001764       0x5c ./Generated_Code/SMasterLdd1.o
                0x00001764                SMasterLdd1_ReceiveBlock
 .text.SMasterLdd1_SendBlock
                0x000017c0       0x68 ./Generated_Code/SMasterLdd1.o
                0x000017c0                SMasterLdd1_SendBlock
 .text.SMasterLdd1_Interrupt
                0x00001828       0xb4 ./Generated_Code/SMasterLdd1.o
                0x00001828                SMasterLdd1_Interrupt
 .text.SMasterLdd2_Init
                0x000018dc       0xc4 ./Generated_Code/SMasterLdd2.o
                0x000018dc                SMasterLdd2_Init
 .text.SMasterLdd2_ReceiveBlock
                0x000019a0       0x5c ./Generated_Code/SMasterLdd2.o
                0x000019a0                SMasterLdd2_ReceiveBlock
 .text.SMasterLdd2_SendBlock
                0x000019fc       0x5c ./Generated_Code/SMasterLdd2.o
                0x000019fc                SMasterLdd2_SendBlock
 .text.SMasterLdd2_GetReceivedDataNum
                0x00001a58        0x4 ./Generated_Code/SMasterLdd2.o
                0x00001a58                SMasterLdd2_GetReceivedDataNum
 .text.SMasterLdd2_Main
                0x00001a5c       0x94 ./Generated_Code/SMasterLdd2.o
                0x00001a5c                SMasterLdd2_Main
 .text.SPI_NEXT_RESET_Init
                0x00001af0       0x54 ./Generated_Code/SPI_NEXT_RESET.o
                0x00001af0                SPI_NEXT_RESET_Init
 .text.SPI_NEXT_RESET_ClrVal
                0x00001b44       0x10 ./Generated_Code/SPI_NEXT_RESET.o
                0x00001b44                SPI_NEXT_RESET_ClrVal
 .text.SPI_NEXT_RESET_SetVal
                0x00001b54       0x10 ./Generated_Code/SPI_NEXT_RESET.o
                0x00001b54                SPI_NEXT_RESET_SetVal
 .text.WAIT1_Wait10Cycles
                0x00001b64        0x8 ./Generated_Code/WAIT1.o
                0x00001b64                WAIT1_Wait10Cycles
 .text.WAIT1_Wait100Cycles
                0x00001b6c       0x18 ./Generated_Code/WAIT1.o
                0x00001b6c                WAIT1_Wait100Cycles
 .text.WAIT1_WaitCycles
                0x00001b84       0x24 ./Generated_Code/WAIT1.o
                0x00001b84                WAIT1_WaitCycles
 .text.WAIT1_WaitLongCycles
                0x00001ba8       0x24 ./Generated_Code/WAIT1.o
                0x00001ba8                WAIT1_WaitLongCycles
 .text.WAIT1_Waitms
                0x00001bcc       0x18 ./Generated_Code/WAIT1.o
                0x00001bcc                WAIT1_Waitms
 .text.memset   0x00001be4       0x10 c:/users/lguillain/downloads/gcc/bin/../lib/gcc/arm-none-eabi/4.9.3/../../../../arm-none-eabi/lib/armv7e-m\libg_nano.a(lib_a-memset.o)
                0x00001be4                memset
 *(.rodata)
 .rodata        0x00001bf4       0x10 ./Sources/spi_next.o
 *(.rodata*)
 .rodata.CPU_DefaultBLPI
                0x00001c04        0x8 ./Static_Code/System/CPU_Init.o
 .rodata.CPU_DefaultBLPE
                0x00001c0c        0x8 ./Static_Code/System/CPU_Init.o
 .rodata.CPU_DefaultFEE
                0x00001c14        0x8 ./Static_Code/System/CPU_Init.o
 .rodata.CPU_DefaultPEE
                0x00001c1c        0x8 ./Static_Code/System/CPU_Init.o
 .rodata.CPU_DefaultFEI
                0x00001c24        0x8 ./Static_Code/System/CPU_Init.o
 .rodata.ClockGenModeMatrix
                0x00001c2c       0x80 ./Static_Code/System/CPU_Init.o
 .rodata.CPU_ClockGenModeRegs
                0x00001cac       0x20 ./Static_Code/System/CPU_Init.o
 .rodata.CPU_DefaultFBI
                0x00001ccc        0x8 ./Static_Code/System/CPU_Init.o
 .rodata.CPU_DefaultFBE
                0x00001cd4        0x8 ./Static_Code/System/CPU_Init.o
 .rodata.CPU_DefaultPBE
                0x00001cdc        0x8 ./Static_Code/System/CPU_Init.o
 .rodata.CPU_ClockConfigDescriptors
                0x00001ce4       0x1c ./Static_Code/System/CPU_Init.o
 *(.glue_7)
 .glue_7        0x00000000        0x0 linker stubs
 *(.glue_7t)
 .glue_7t       0x00000000        0x0 linker stubs
 *(.eh_frame)
 *(.init)
 *(.fini)
                0x00001d00                . = ALIGN (0x4)
                0x00001d00                _etext = .

.vfp11_veneer   0x00001d00        0x0
 .vfp11_veneer  0x00000000        0x0 linker stubs

.v4_bx          0x00001d00        0x0
 .v4_bx         0x00000000        0x0 linker stubs

.iplt           0x00001d00        0x0
 .iplt          0x00000000        0x0 ./Static_Code/System/CPU_Init.o

.rel.dyn        0x00001d00        0x0
 .rel.iplt      0x00000000        0x0 ./Static_Code/System/CPU_Init.o

.ARM.extab
 *(.ARM.extab* .gnu.linkonce.armextab.*)

.ARM            0x00001d00        0x0
                0x00001d00                __exidx_start = .
 *(.ARM.exidx*)
                0x00001d00                __exidx_end = .

.ctors          0x00001d00        0x0
                0x00001d00                __CTOR_LIST__ = .
 *crtbegin.o(.ctors)
 *(EXCLUDE_FILE(*crtend.o) .ctors)
 *(SORT(.ctors.*))
 *(.ctors)
                0x00001d00                __CTOR_END__ = .

.dtors          0x00001d00        0x0
                0x00001d00                __DTOR_LIST__ = .
 *crtbegin.o(.dtors)
 *(EXCLUDE_FILE(*crtend.o) .dtors)
 *(SORT(.dtors.*))
 *(.dtors)
                0x00001d00                __DTOR_END__ = .

.preinit_array  0x00001d00        0x0
                0x00001d00                PROVIDE (__preinit_array_start, .)
 *(.preinit_array*)
                0x00001d00                PROVIDE (__preinit_array_end, .)

.init_array     0x00001d00        0x0
                0x00001d00                PROVIDE (__init_array_start, .)
 *(SORT(.init_array.*))
 *(.init_array*)
                0x00001d00                PROVIDE (__init_array_end, .)

.fini_array     0x00001d00        0x0
                0x00001d00                PROVIDE (__fini_array_start, .)
 *(SORT(.fini_array.*))
 *(.fini_array*)
                0x00001d00                PROVIDE (__fini_array_end, .)
                0x00001d00                ___ROM_AT = .

.data           0x20000000        0x0 load address 0x00001d00
                0x20000000                . = ALIGN (0x4)
                0x20000000                _sdata = .
 *(.data)
 *(.data*)
                0x20000000                . = ALIGN (0x4)
                0x20000000                _edata = .
                0x00000000                ___data_size = (_edata - _sdata)
                0x00001d00                ___m_data_1FFF0000_ROMStart = (___ROM_AT + SIZEOF (.data))

.igot.plt       0x20000000        0x0
 .igot.plt      0x00000000        0x0 ./Static_Code/System/CPU_Init.o

.m_data_1FFF0000
                0x1fff0000        0x0 load address 0x00001d00
                0x1fff0000                . = ALIGN (0x4)
                0x1fff0000                ___m_data_1FFF0000_RAMStart = .
 *(.m_data_1FFF0000)
                0x1fff0000                ___m_data_1FFF0000_RAMEnd = .
                0x1fff0000                . = ALIGN (0x4)
                0x00000000                ___m_data_1FFF0000_ROMSize = (___m_data_1FFF0000_RAMEnd - ___m_data_1FFF0000_RAMStart)
                0x1fff0000                . = ALIGN (0x4)

.bss            0x20000000       0xd8
                0x20000000                __START_BSS = .
                0x20000000                PROVIDE (__bss_start__, __START_BSS)
 *(.bss)
 *(.bss*)
 .bss.SR_lock   0x20000000        0x1 ./Static_Code/System/CPU_Init.o
                0x20000000                SR_lock
 *fill*         0x20000001        0x3 
 .bss.argv      0x20000004       0x28 ./Project_Settings/Startup_Code/startup.o
 .bss.DeviceDataPrv__DEFAULT_RTOS_ALLOC
                0x2000002c        0x4 ./Generated_Code/OLED_DC.o
 .bss.DeviceDataPrv__DEFAULT_RTOS_ALLOC
                0x20000030        0x4 ./Generated_Code/OLED_RESET.o
 .bss.DeviceDataPrv__DEFAULT_RTOS_ALLOC
                0x20000034        0x4 ./Generated_Code/OLED_SUPPLY.o
 .bss.PE_LDD_DeviceDataList
                0x20000038       0x18 ./Generated_Code/PE_LDD.o
                0x20000038                PE_LDD_DeviceDataList
 .bss.SerFlag   0x20000050        0x1 ./Generated_Code/SM1.o
 .bss.OutIndexR
                0x20000051        0x1 ./Generated_Code/SM1.o
 .bss.InpIndexR
                0x20000052        0x1 ./Generated_Code/SM1.o
 .bss.BufferRead
                0x20000053        0x1 ./Generated_Code/SM1.o
 .bss.OutBuffer
                0x20000054       0x10 ./Generated_Code/SM1.o
 .bss.InpIndexW
                0x20000064        0x1 ./Generated_Code/SM1.o
 .bss.OutIndexW
                0x20000065        0x1 ./Generated_Code/SM1.o
 .bss.ErrFlag   0x20000066        0x1 ./Generated_Code/SM1.o
 .bss.OnFreeTxBufSemaphore
                0x20000067        0x1 ./Generated_Code/SM1.o
 .bss.SM1_OutLen
                0x20000068        0x2 ./Generated_Code/SM1.o
 *fill*         0x2000006a        0x2 
 .bss.InpBuffer
                0x2000006c       0x10 ./Generated_Code/SM1.o
 .bss.SM1_InpLen
                0x2000007c        0x2 ./Generated_Code/SM1.o
 .bss.SerFlag   0x2000007e        0x1 ./Generated_Code/SM2.o
 .bss.BufferRead
                0x2000007f        0x1 ./Generated_Code/SM2.o
 .bss.OutBuffer
                0x20000080        0x1 ./Generated_Code/SM2.o
 *fill*         0x20000081        0x3 
 .bss.INT_SPI0__DEFAULT_RTOS_ISRPARAM
                0x20000084        0x4 ./Generated_Code/SMasterLdd1.o
 .bss.DeviceDataPrv__DEFAULT_RTOS_ALLOC
                0x20000088       0x20 ./Generated_Code/SMasterLdd1.o
 .bss.DeviceDataPrv__DEFAULT_RTOS_ALLOC
                0x200000a8       0x20 ./Generated_Code/SMasterLdd2.o
 .bss.DeviceDataPrv__DEFAULT_RTOS_ALLOC
                0x200000c8        0x4 ./Generated_Code/SPI_NEXT_RESET.o
 *(COMMON)
 COMMON         0x200000cc        0x1 ./Static_Code/System/CPU_Init.o
                0x200000cc                SR_reg
 *fill*         0x200000cd        0x3 
 COMMON         0x200000d0        0x4 ./Generated_Code/SM1.o
                0x200000d0                SMasterLdd1_DeviceDataPtr
 COMMON         0x200000d4        0x4 ./Generated_Code/SM2.o
                0x200000d4                SMasterLdd2_DeviceDataPtr
                0x200000d8                . = ALIGN (0x4)
                0x200000d8                __END_BSS = .
                0x200000d8                PROVIDE (__bss_end__, __END_BSS)
                0x00001d00                _romp_at = ((___ROM_AT + SIZEOF (.data)) + SIZEOF (.m_data_1FFF0000))

.romp           0x200000d8       0x24 load address 0x00001d00
                0x00001d00                __S_romp = _romp_at
                0x200000d8        0x4 LONG 0x1d00 ___ROM_AT
                0x200000dc        0x4 LONG 0x20000000 _sdata
                0x200000e0        0x4 LONG 0x0 ___data_size
                0x200000e4        0x4 LONG 0x1d00 ___m_data_1FFF0000_ROMStart
                0x200000e8        0x4 LONG 0x1fff0000 ___m_data_1FFF0000_RAMStart
                0x200000ec        0x4 LONG 0x0 ___m_data_1FFF0000_ROMSize
                0x200000f0        0x4 LONG 0x0
                0x200000f4        0x4 LONG 0x0
                0x200000f8        0x4 LONG 0x0

._user_heap_stack
                0x200000fc      0x400 load address 0x00001d24
                0x200000fc                . = ALIGN (0x4)
                0x200000fc                PROVIDE (end, .)
                0x200000fc                PROVIDE (_end, .)
                0x200000fc                __heap_addr = .
                0x200000fc                . = (. + __heap_size)
                0x200004fc                . = (. + __stack_size)
 *fill*         0x200000fc      0x400 
                0x200004fc                . = ALIGN (0x4)

.ARM.attributes
                0x00000000       0x33
 *(.ARM.attributes)
 .ARM.attributes
                0x00000000       0x33 ./Static_Code/System/CPU_Init.o
 .ARM.attributes
                0x00000033       0x33 ./Static_Code/System/Vectors.o
 .ARM.attributes
                0x00000066       0x33 ./Sources/Events.o
 .ARM.attributes
                0x00000099       0x33 ./Sources/SSD1351.o
 .ARM.attributes
                0x000000cc       0x33 ./Sources/main.o
 .ARM.attributes
                0x000000ff       0x33 ./Sources/spi_next.o
 .ARM.attributes
                0x00000132       0x33 ./Project_Settings/Startup_Code/startup.o
 .ARM.attributes
                0x00000165       0x33 ./Generated_Code/Cpu.o
 .ARM.attributes
                0x00000198       0x33 ./Generated_Code/OLED_DC.o
 .ARM.attributes
                0x000001cb       0x33 ./Generated_Code/OLED_RESET.o
 .ARM.attributes
                0x000001fe       0x33 ./Generated_Code/OLED_SUPPLY.o
 .ARM.attributes
                0x00000231       0x33 ./Generated_Code/PE_LDD.o
 .ARM.attributes
                0x00000264       0x33 ./Generated_Code/SM1.o
 .ARM.attributes
                0x00000297       0x33 ./Generated_Code/SM2.o
 .ARM.attributes
                0x000002ca       0x33 ./Generated_Code/SMasterLdd1.o
 .ARM.attributes
                0x000002fd       0x33 ./Generated_Code/SMasterLdd2.o
 .ARM.attributes
                0x00000330       0x33 ./Generated_Code/SPI_NEXT_RESET.o
 .ARM.attributes
                0x00000363       0x33 ./Generated_Code/WAIT1.o
 .ARM.attributes
                0x00000396       0x2e c:/users/lguillain/downloads/gcc/bin/../lib/gcc/arm-none-eabi/4.9.3/../../../../arm-none-eabi/lib/armv7e-m\libg_nano.a(lib_a-memset.o)
OUTPUT(OLED_SENSOR_SPI.elf elf32-littlearm)

.debug_info     0x00000000     0x6756
 .debug_info    0x00000000      0xaa2 ./Static_Code/System/CPU_Init.o
 .debug_info    0x00000aa2      0x81a ./Static_Code/System/Vectors.o
 .debug_info    0x000012bc       0xeb ./Sources/Events.o
 .debug_info    0x000013a7      0xd2a ./Sources/SSD1351.o
 .debug_info    0x000020d1      0x421 ./Sources/main.o
 .debug_info    0x000024f2      0xb7f ./Sources/spi_next.o
 .debug_info    0x00003071      0x377 ./Project_Settings/Startup_Code/startup.o
 .debug_info    0x000033e8      0x198 ./Generated_Code/Cpu.o
 .debug_info    0x00003580      0x523 ./Generated_Code/OLED_DC.o
 .debug_info    0x00003aa3      0x523 ./Generated_Code/OLED_RESET.o
 .debug_info    0x00003fc6      0x4fc ./Generated_Code/OLED_SUPPLY.o
 .debug_info    0x000044c2      0x242 ./Generated_Code/PE_LDD.o
 .debug_info    0x00004704      0x6a4 ./Generated_Code/SM1.o
 .debug_info    0x00004da8      0x334 ./Generated_Code/SM2.o
 .debug_info    0x000050dc      0x880 ./Generated_Code/SMasterLdd1.o
 .debug_info    0x0000595c      0x780 ./Generated_Code/SMasterLdd2.o
 .debug_info    0x000060dc      0x4fe ./Generated_Code/SPI_NEXT_RESET.o
 .debug_info    0x000065da      0x17c ./Generated_Code/WAIT1.o

.debug_abbrev   0x00000000     0x1b3e
 .debug_abbrev  0x00000000      0x1de ./Static_Code/System/CPU_Init.o
 .debug_abbrev  0x000001de       0xd8 ./Static_Code/System/Vectors.o
 .debug_abbrev  0x000002b6       0x45 ./Sources/Events.o
 .debug_abbrev  0x000002fb      0x1d9 ./Sources/SSD1351.o
 .debug_abbrev  0x000004d4      0x1c3 ./Sources/main.o
 .debug_abbrev  0x00000697      0x270 ./Sources/spi_next.o
 .debug_abbrev  0x00000907      0x1ac ./Project_Settings/Startup_Code/startup.o
 .debug_abbrev  0x00000ab3       0xc8 ./Generated_Code/Cpu.o
 .debug_abbrev  0x00000b7b      0x1a4 ./Generated_Code/OLED_DC.o
 .debug_abbrev  0x00000d1f      0x1a4 ./Generated_Code/OLED_RESET.o
 .debug_abbrev  0x00000ec3      0x16c ./Generated_Code/OLED_SUPPLY.o
 .debug_abbrev  0x0000102f      0x12b ./Generated_Code/PE_LDD.o
 .debug_abbrev  0x0000115a      0x217 ./Generated_Code/SM1.o
 .debug_abbrev  0x00001371      0x171 ./Generated_Code/SM2.o
 .debug_abbrev  0x000014e2      0x208 ./Generated_Code/SMasterLdd1.o
 .debug_abbrev  0x000016ea      0x1f9 ./Generated_Code/SMasterLdd2.o
 .debug_abbrev  0x000018e3      0x17b ./Generated_Code/SPI_NEXT_RESET.o
 .debug_abbrev  0x00001a5e       0xe0 ./Generated_Code/WAIT1.o

.debug_loc      0x00000000     0x1935
 .debug_loc     0x00000000       0x84 ./Static_Code/System/CPU_Init.o
 .debug_loc     0x00000084      0x5f0 ./Sources/SSD1351.o
 .debug_loc     0x00000674       0xe7 ./Sources/main.o
 .debug_loc     0x0000075b      0x601 ./Sources/spi_next.o
 .debug_loc     0x00000d5c       0xe3 ./Project_Settings/Startup_Code/startup.o
 .debug_loc     0x00000e3f       0x6a ./Generated_Code/OLED_DC.o
 .debug_loc     0x00000ea9       0x6a ./Generated_Code/OLED_RESET.o
 .debug_loc     0x00000f13       0x51 ./Generated_Code/OLED_SUPPLY.o
 .debug_loc     0x00000f64       0xc3 ./Generated_Code/PE_LDD.o
 .debug_loc     0x00001027      0x35b ./Generated_Code/SM1.o
 .debug_loc     0x00001382       0x60 ./Generated_Code/SM2.o
 .debug_loc     0x000013e2      0x205 ./Generated_Code/SMasterLdd1.o
 .debug_loc     0x000015e7      0x24f ./Generated_Code/SMasterLdd2.o
 .debug_loc     0x00001836       0x6a ./Generated_Code/SPI_NEXT_RESET.o
 .debug_loc     0x000018a0       0x95 ./Generated_Code/WAIT1.o

.debug_aranges  0x00000000      0x860
 .debug_aranges
                0x00000000       0x40 ./Static_Code/System/CPU_Init.o
 .debug_aranges
                0x00000040      0x340 ./Static_Code/System/Vectors.o
 .debug_aranges
                0x00000380       0x48 ./Sources/Events.o
 .debug_aranges
                0x000003c8       0x88 ./Sources/SSD1351.o
 .debug_aranges
                0x00000450       0x20 ./Sources/main.o
 .debug_aranges
                0x00000470       0xa8 ./Sources/spi_next.o
 .debug_aranges
                0x00000518       0x60 ./Project_Settings/Startup_Code/startup.o
 .debug_aranges
                0x00000578       0x28 ./Generated_Code/Cpu.o
 .debug_aranges
                0x000005a0       0x48 ./Generated_Code/OLED_DC.o
 .debug_aranges
                0x000005e8       0x48 ./Generated_Code/OLED_RESET.o
 .debug_aranges
                0x00000630       0x40 ./Generated_Code/OLED_SUPPLY.o
 .debug_aranges
                0x00000670       0x30 ./Generated_Code/PE_LDD.o
 .debug_aranges
                0x000006a0       0x78 ./Generated_Code/SM1.o
 .debug_aranges
                0x00000718       0x50 ./Generated_Code/SM2.o
 .debug_aranges
                0x00000768       0x38 ./Generated_Code/SMasterLdd1.o
 .debug_aranges
                0x000007a0       0x40 ./Generated_Code/SMasterLdd2.o
 .debug_aranges
                0x000007e0       0x40 ./Generated_Code/SPI_NEXT_RESET.o
 .debug_aranges
                0x00000820       0x40 ./Generated_Code/WAIT1.o

.debug_ranges   0x00000000      0x808
 .debug_ranges  0x00000000       0x30 ./Static_Code/System/CPU_Init.o
 .debug_ranges  0x00000030      0x330 ./Static_Code/System/Vectors.o
 .debug_ranges  0x00000360       0x38 ./Sources/Events.o
 .debug_ranges  0x00000398       0x78 ./Sources/SSD1351.o
 .debug_ranges  0x00000410       0x88 ./Sources/main.o
 .debug_ranges  0x00000498       0xe8 ./Sources/spi_next.o
 .debug_ranges  0x00000580       0x50 ./Project_Settings/Startup_Code/startup.o
 .debug_ranges  0x000005d0       0x18 ./Generated_Code/Cpu.o
 .debug_ranges  0x000005e8       0x38 ./Generated_Code/OLED_DC.o
 .debug_ranges  0x00000620       0x38 ./Generated_Code/OLED_RESET.o
 .debug_ranges  0x00000658       0x30 ./Generated_Code/OLED_SUPPLY.o
 .debug_ranges  0x00000688       0x20 ./Generated_Code/PE_LDD.o
 .debug_ranges  0x000006a8       0x68 ./Generated_Code/SM1.o
 .debug_ranges  0x00000710       0x40 ./Generated_Code/SM2.o
 .debug_ranges  0x00000750       0x28 ./Generated_Code/SMasterLdd1.o
 .debug_ranges  0x00000778       0x30 ./Generated_Code/SMasterLdd2.o
 .debug_ranges  0x000007a8       0x30 ./Generated_Code/SPI_NEXT_RESET.o
 .debug_ranges  0x000007d8       0x30 ./Generated_Code/WAIT1.o

.debug_macro    0x00000000    0x20aef
 .debug_macro   0x00000000      0x1b0 ./Static_Code/System/CPU_Init.o
 .debug_macro   0x000001b0      0x874 ./Static_Code/System/CPU_Init.o
 .debug_macro   0x00000a24      0x34e ./Static_Code/System/CPU_Init.o
 .debug_macro   0x00000d72     0x1798 ./Static_Code/System/CPU_Init.o
 .debug_macro   0x0000250a    0x10f7a ./Static_Code/System/CPU_Init.o
 .debug_macro   0x00013484      0x472 ./Static_Code/System/CPU_Init.o
 .debug_macro   0x000138f6      0x14e ./Static_Code/System/CPU_Init.o
 .debug_macro   0x00013a44       0x6a ./Static_Code/System/CPU_Init.o
 .debug_macro   0x00013aae       0x58 ./Static_Code/System/CPU_Init.o
 .debug_macro   0x00013b06       0x22 ./Static_Code/System/CPU_Init.o
 .debug_macro   0x00013b28       0x35 ./Static_Code/System/CPU_Init.o
 .debug_macro   0x00013b5d       0x9c ./Static_Code/System/CPU_Init.o
 .debug_macro   0x00013bf9       0x1c ./Static_Code/System/CPU_Init.o
 .debug_macro   0x00013c15       0x3d ./Static_Code/System/CPU_Init.o
 .debug_macro   0x00013c52       0x94 ./Static_Code/System/CPU_Init.o
 .debug_macro   0x00013ce6      0x12b ./Static_Code/System/CPU_Init.o
 .debug_macro   0x00013e11       0x46 ./Static_Code/System/CPU_Init.o
 .debug_macro   0x00013e57       0x4c ./Static_Code/System/CPU_Init.o
 .debug_macro   0x00013ea3       0x46 ./Static_Code/System/CPU_Init.o
 .debug_macro   0x00013ee9      0x648 ./Static_Code/System/CPU_Init.o
 .debug_macro   0x00014531       0x3c ./Static_Code/System/CPU_Init.o
 .debug_macro   0x0001456d       0x25 ./Static_Code/System/CPU_Init.o
 .debug_macro   0x00014592       0x50 ./Static_Code/System/CPU_Init.o
 .debug_macro   0x000145e2       0x16 ./Static_Code/System/CPU_Init.o
 .debug_macro   0x000145f8       0x46 ./Static_Code/System/CPU_Init.o
 .debug_macro   0x0001463e      0x29a ./Static_Code/System/CPU_Init.o
 .debug_macro   0x000148d8      0x19e ./Static_Code/System/Vectors.o
 .debug_macro   0x00014a76      0x2b9 ./Sources/Events.o
 .debug_macro   0x00014d2f       0x37 ./Sources/Events.o
 .debug_macro   0x00014d66      0x61c ./Sources/Events.o
 .debug_macro   0x00015382      0x626 ./Sources/Events.o
 .debug_macro   0x000159a8      0x327 ./Sources/Events.o
 .debug_macro   0x00015ccf      0x1e8 ./Sources/Events.o
 .debug_macro   0x00015eb7      0x109 ./Sources/Events.o
 .debug_macro   0x00015fc0      0x17e ./Sources/Events.o
 .debug_macro   0x0001613e      0x200 ./Sources/Events.o
 .debug_macro   0x0001633e      0x91e ./Sources/Events.o
 .debug_macro   0x00016c5c      0x588 ./Sources/Events.o
 .debug_macro   0x000171e4       0x9e ./Sources/Events.o
 .debug_macro   0x00017282      0x1f7 ./Sources/Events.o
 .debug_macro   0x00017479      0x50f ./Sources/Events.o
 .debug_macro   0x00017988      0x6a6 ./Sources/Events.o
 .debug_macro   0x0001802e      0x297 ./Sources/Events.o
 .debug_macro   0x000182c5      0x318 ./Sources/Events.o
 .debug_macro   0x000185dd      0x25a ./Sources/Events.o
 .debug_macro   0x00018837      0x13d ./Sources/Events.o
 .debug_macro   0x00018974      0x30b ./Sources/Events.o
 .debug_macro   0x00018c7f       0xba ./Sources/Events.o
 .debug_macro   0x00018d39       0xe9 ./Sources/Events.o
 .debug_macro   0x00018e22      0x4e9 ./Sources/Events.o
 .debug_macro   0x0001930b      0x191 ./Sources/Events.o
 .debug_macro   0x0001949c       0xea ./Sources/Events.o
 .debug_macro   0x00019586      0x348 ./Sources/Events.o
 .debug_macro   0x000198ce      0x7d6 ./Sources/Events.o
 .debug_macro   0x0001a0a4      0x179 ./Sources/Events.o
 .debug_macro   0x0001a21d      0x645 ./Sources/Events.o
 .debug_macro   0x0001a862      0x892 ./Sources/Events.o
 .debug_macro   0x0001b0f4      0x11c ./Sources/Events.o
 .debug_macro   0x0001b210       0x81 ./Sources/Events.o
 .debug_macro   0x0001b291      0x7bf ./Sources/Events.o
 .debug_macro   0x0001ba50      0x10f ./Sources/Events.o
 .debug_macro   0x0001bb5f      0x614 ./Sources/Events.o
 .debug_macro   0x0001c173      0x181 ./Sources/Events.o
 .debug_macro   0x0001c2f4      0x27b ./Sources/SSD1351.o
 .debug_macro   0x0001c56f       0x16 ./Sources/SSD1351.o
 .debug_macro   0x0001c585       0x4a ./Sources/SSD1351.o
 .debug_macro   0x0001c5cf       0x97 ./Sources/SSD1351.o
 .debug_macro   0x0001c666      0x27a ./Sources/SSD1351.o
 .debug_macro   0x0001c8e0       0xf6 ./Sources/SSD1351.o
 .debug_macro   0x0001c9d6       0x10 ./Sources/SSD1351.o
 .debug_macro   0x0001c9e6       0x52 ./Sources/SSD1351.o
 .debug_macro   0x0001ca38       0x16 ./Sources/SSD1351.o
 .debug_macro   0x0001ca4e       0x43 ./Sources/SSD1351.o
 .debug_macro   0x0001ca91      0x180 ./Sources/SSD1351.o
 .debug_macro   0x0001cc11       0x10 ./Sources/SSD1351.o
 .debug_macro   0x0001cc21       0x22 ./Sources/SSD1351.o
 .debug_macro   0x0001cc43       0xbd ./Sources/SSD1351.o
 .debug_macro   0x0001cd00       0x16 ./Sources/SSD1351.o
 .debug_macro   0x0001cd16      0x196 ./Sources/SSD1351.o
 .debug_macro   0x0001ceac      0x1e1 ./Sources/SSD1351.o
 .debug_macro   0x0001d08d       0x16 ./Sources/SSD1351.o
 .debug_macro   0x0001d0a3       0x35 ./Sources/SSD1351.o
 .debug_macro   0x0001d0d8       0x10 ./Sources/SSD1351.o
 .debug_macro   0x0001d0e8       0x41 ./Sources/SSD1351.o
 .debug_macro   0x0001d129       0x16 ./Sources/SSD1351.o
 .debug_macro   0x0001d13f       0x16 ./Sources/SSD1351.o
 .debug_macro   0x0001d155       0x29 ./Sources/SSD1351.o
 .debug_macro   0x0001d17e       0x16 ./Sources/SSD1351.o
 .debug_macro   0x0001d194       0x16 ./Sources/SSD1351.o
 .debug_macro   0x0001d1aa      0x48e ./Sources/SSD1351.o
 .debug_macro   0x0001d638     0x1792 ./Sources/SSD1351.o
 .debug_macro   0x0001edca      0x642 ./Sources/SSD1351.o
 .debug_macro   0x0001f40c      0x131 ./Sources/SSD1351.o
 .debug_macro   0x0001f53d       0xca ./Sources/SSD1351.o
 .debug_macro   0x0001f607      0x429 ./Sources/main.o
 .debug_macro   0x0001fa30       0x1c ./Sources/main.o
 .debug_macro   0x0001fa4c       0x22 ./Sources/main.o
 .debug_macro   0x0001fa6e      0x113 ./Sources/spi_next.o
 .debug_macro   0x0001fb81       0x40 ./Sources/spi_next.o
 .debug_macro   0x0001fbc1       0x4a ./Sources/spi_next.o
 .debug_macro   0x0001fc0b      0x10b ./Project_Settings/Startup_Code/startup.o
 .debug_macro   0x0001fd16      0x16d ./Project_Settings/Startup_Code/startup.o
 .debug_macro   0x0001fe83       0x10 ./Project_Settings/Startup_Code/startup.o
 .debug_macro   0x0001fe93      0x173 ./Generated_Code/Cpu.o
 .debug_macro   0x00020006       0xdf ./Generated_Code/OLED_DC.o
 .debug_macro   0x000200e5       0xdf ./Generated_Code/OLED_RESET.o
 .debug_macro   0x000201c4       0x46 ./Generated_Code/OLED_RESET.o
 .debug_macro   0x0002020a       0xdf ./Generated_Code/OLED_SUPPLY.o
 .debug_macro   0x000202e9       0x40 ./Generated_Code/OLED_SUPPLY.o
 .debug_macro   0x00020329      0x153 ./Generated_Code/PE_LDD.o
 .debug_macro   0x0002047c      0x1bd ./Generated_Code/SM1.o
 .debug_macro   0x00020639      0x114 ./Generated_Code/SM2.o
 .debug_macro   0x0002074d       0xfe ./Generated_Code/SMasterLdd1.o
 .debug_macro   0x0002084b       0xfe ./Generated_Code/SMasterLdd2.o
 .debug_macro   0x00020949       0xdf ./Generated_Code/SPI_NEXT_RESET.o
 .debug_macro   0x00020a28       0xc7 ./Generated_Code/WAIT1.o

.debug_line     0x00000000     0x5d11
 .debug_line    0x00000000      0x57c ./Static_Code/System/CPU_Init.o
 .debug_line    0x0000057c      0xb5b ./Static_Code/System/Vectors.o
 .debug_line    0x000010d7      0x66b ./Sources/Events.o
 .debug_line    0x00001742      0x6d4 ./Sources/SSD1351.o
 .debug_line    0x00001e16      0x79a ./Sources/main.o
 .debug_line    0x000025b0      0x602 ./Sources/spi_next.o
 .debug_line    0x00002bb2      0x313 ./Project_Settings/Startup_Code/startup.o
 .debug_line    0x00002ec5      0x451 ./Generated_Code/Cpu.o
 .debug_line    0x00003316      0x3f3 ./Generated_Code/OLED_DC.o
 .debug_line    0x00003709      0x3f9 ./Generated_Code/OLED_RESET.o
 .debug_line    0x00003b02      0x3ea ./Generated_Code/OLED_SUPPLY.o
 .debug_line    0x00003eec      0x44b ./Generated_Code/PE_LDD.o
 .debug_line    0x00004337      0x5e1 ./Generated_Code/SM1.o
 .debug_line    0x00004918      0x41b ./Generated_Code/SM2.o
 .debug_line    0x00004d33      0x443 ./Generated_Code/SMasterLdd1.o
 .debug_line    0x00005176      0x44c ./Generated_Code/SMasterLdd2.o
 .debug_line    0x000055c2      0x3f0 ./Generated_Code/SPI_NEXT_RESET.o
 .debug_line    0x000059b2      0x35f ./Generated_Code/WAIT1.o

.debug_str      0x00000000    0xe66a0
 .debug_str     0x00000000    0x71b89 ./Static_Code/System/CPU_Init.o
                              0x71d3e (size before relaxing)
 .debug_str     0x00071b89      0x9f3 ./Static_Code/System/Vectors.o
                              0x72188 (size before relaxing)
 .debug_str     0x0007257c    0x6e48a ./Sources/Events.o
                              0xdebc2 (size before relaxing)
 .debug_str     0x000e0a06     0x4ac9 ./Sources/SSD1351.o
                              0x74ce7 (size before relaxing)
 .debug_str     0x000e54cf      0x161 ./Sources/main.o
                              0xe3718 (size before relaxing)
 .debug_str     0x000e5630      0x2cd ./Sources/spi_next.o
                              0x703fa (size before relaxing)
 .debug_str     0x000e58fd      0x163 ./Project_Settings/Startup_Code/startup.o
                               0x4d47 (size before relaxing)
 .debug_str     0x000e5a60       0x7a ./Generated_Code/Cpu.o
                              0x707f1 (size before relaxing)
 .debug_str     0x000e5ada      0x117 ./Generated_Code/OLED_DC.o
                              0x6a714 (size before relaxing)
 .debug_str     0x000e5bf1       0x98 ./Generated_Code/OLED_RESET.o
                              0x6a756 (size before relaxing)
 .debug_str     0x000e5c89       0x8c ./Generated_Code/OLED_SUPPLY.o
                              0x6a734 (size before relaxing)
 .debug_str     0x000e5d15      0x15f ./Generated_Code/PE_LDD.o
                              0x708e8 (size before relaxing)
 .debug_str     0x000e5e74      0x2e1 ./Generated_Code/SM1.o
                              0x70af4 (size before relaxing)
 .debug_str     0x000e6155      0x105 ./Generated_Code/SM2.o
                              0x6f4ab (size before relaxing)
 .debug_str     0x000e625a      0x293 ./Generated_Code/SMasterLdd1.o
                              0x6f783 (size before relaxing)
 .debug_str     0x000e64ed       0xd8 ./Generated_Code/SMasterLdd2.o
                              0x6f754 (size before relaxing)
 .debug_str     0x000e65c5       0x88 ./Generated_Code/SPI_NEXT_RESET.o
                              0x6a776 (size before relaxing)
 .debug_str     0x000e664d       0x53 ./Generated_Code/WAIT1.o
                              0x699c7 (size before relaxing)

.comment        0x00000000       0x70
 .comment       0x00000000       0x70 ./Static_Code/System/CPU_Init.o
                                 0x71 (size before relaxing)
 .comment       0x00000000       0x71 ./Static_Code/System/Vectors.o
 .comment       0x00000000       0x71 ./Sources/Events.o
 .comment       0x00000000       0x71 ./Sources/SSD1351.o
 .comment       0x00000000       0x71 ./Sources/main.o
 .comment       0x00000000       0x71 ./Sources/spi_next.o
 .comment       0x00000000       0x71 ./Project_Settings/Startup_Code/startup.o
 .comment       0x00000000       0x71 ./Generated_Code/Cpu.o
 .comment       0x00000000       0x71 ./Generated_Code/OLED_DC.o
 .comment       0x00000000       0x71 ./Generated_Code/OLED_RESET.o
 .comment       0x00000000       0x71 ./Generated_Code/OLED_SUPPLY.o
 .comment       0x00000000       0x71 ./Generated_Code/PE_LDD.o
 .comment       0x00000000       0x71 ./Generated_Code/SM1.o
 .comment       0x00000000       0x71 ./Generated_Code/SM2.o
 .comment       0x00000000       0x71 ./Generated_Code/SMasterLdd1.o
 .comment       0x00000000       0x71 ./Generated_Code/SMasterLdd2.o
 .comment       0x00000000       0x71 ./Generated_Code/SPI_NEXT_RESET.o
 .comment       0x00000000       0x71 ./Generated_Code/WAIT1.o

.debug_frame    0x00000000     0x183c
 .debug_frame   0x00000000       0x88 ./Static_Code/System/CPU_Init.o
 .debug_frame   0x00000088      0xcb0 ./Static_Code/System/Vectors.o
 .debug_frame   0x00000d38       0x70 ./Sources/Events.o
 .debug_frame   0x00000da8      0x1a0 ./Sources/SSD1351.o
 .debug_frame   0x00000f48       0x34 ./Sources/main.o
 .debug_frame   0x00000f7c      0x218 ./Sources/spi_next.o
 .debug_frame   0x00001194       0xbc ./Project_Settings/Startup_Code/startup.o
 .debug_frame   0x00001250       0x48 ./Generated_Code/Cpu.o
 .debug_frame   0x00001298       0x70 ./Generated_Code/OLED_DC.o
 .debug_frame   0x00001308       0x70 ./Generated_Code/OLED_RESET.o
 .debug_frame   0x00001378       0x60 ./Generated_Code/OLED_SUPPLY.o
 .debug_frame   0x000013d8       0x40 ./Generated_Code/PE_LDD.o
 .debug_frame   0x00001418      0x148 ./Generated_Code/SM1.o
 .debug_frame   0x00001560       0xb4 ./Generated_Code/SM2.o
 .debug_frame   0x00001614       0x90 ./Generated_Code/SMasterLdd1.o
 .debug_frame   0x000016a4       0xa0 ./Generated_Code/SMasterLdd2.o
 .debug_frame   0x00001744       0x60 ./Generated_Code/SPI_NEXT_RESET.o
 .debug_frame   0x000017a4       0x78 ./Generated_Code/WAIT1.o
 .debug_frame   0x0000181c       0x20 c:/users/lguillain/downloads/gcc/bin/../lib/gcc/arm-none-eabi/4.9.3/../../../../arm-none-eabi/lib/armv7e-m\libg_nano.a(lib_a-memset.o)
